============================================================
ABP noise-array task, T=40, D-scaled production
============================================================
Project:                         /home/nst/amarin/Desktop/ABP_Rare_Events/ABPNoiseSweep
Array job ID:                    1510083
Array task ID:                   7
Noise D:                         0.025
Trajectory T:                    40
Julia executable:                /home/nst/amarin/.julia/juliaup/julia-1.12.6+0.x64.linux.gnu/bin/julia
Julia threads:                   128
Task output directory:           /home/nst/amarin/Desktop/ABP_Rare_Events/ABPNoiseSweep/data/abp_noise_T40_scaled_array_1510083/task_7_D0p025
Combined output directory:       /home/nst/amarin/Desktop/ABP_Rare_Events/ABPNoiseSweep/data/abp_noise_T40_scaled_array_1510083/combined
MUCA iterations:                 150
MUCA steps per iteration:        800000000
MUCA thermalization:             1000000
MUCA D scaling reference:        0.05
Scale MUCA iterations with D:    true
Roundtrip target fraction:       0.8
Roundtrip consecutive hits:      5
Diagnostic roundtrip target:     50
Scale production with D:         true
Production scaling model A:      1.167e10
Production scaling model B:      97.32
Min production observations:     5000000000
Max production observations:     20000000000
Chosen production observations:  5000000000
Production chains:               128
Production stride:               10000
Production roundtrip stride:     10000
Path-observation stride:         1000
Path-time stride:                1
Path x(t) minimum:               -0.8
============================================================
julia version 1.12.6
============================================================
ABP noise sweep cluster script
Started at: 2026-07-07 17:37:09
Active project: /home/nst/amarin/Desktop/ABP_Rare_Events/ABPNoiseSweep/Project.toml
Julia threads: 128
CPU threads visible to Julia: 128
Hostname: nariman14
============================================================
Configuration:
  D_values = [0.025]
  move_weights [reflection, theta0, block, local] = [0.0, 0.05, 0.55, 0.4]
  trajectory_T = 40.0 | dt = 0.01 | v = 0.39
  potential_active = true
  n_iter = 150
  n_iter_steps_per_iter = 800000000 final-iteration sampling moves across chains
  n_therm_muca = 1000000
  D_scaling_reference = 0.05
  scale_n_iter_with_D = true
  block_dxi = 0.05
  local_dxi = 0.8
  n_prod_obs_total = 5000000000
  n_prod_chains = 128
  path_observation_stride = 1000
  path_time_stride = 1
  path_filter_x_min = -0.8
  save_movie_paths = false
  roundtrip_target = 50
  roundtrip_avg_target_fraction = 0.8
  roundtrip_convergence_hits = 5
  output_dir = /home/nst/amarin/Desktop/ABP_Rare_Events/ABPNoiseSweep/data/abp_noise_T40_scaled_array_1510083/task_7_D0p025
  save_csv = true
  save_plots = false (ignored by data-only script)
Derived MUCA iteration schedule:
  Formula: n_iter_effective(D) = round(n_iter * sqrt(D_scaling_reference / D))
  n_iter = 150
  D_scaling_reference = 0.05
  scale_n_iter_with_D = true
  D=0.025 | factor=1.4142 | effective n_iter=212 | final-iteration sampling moves≈800000000 | total sampling moves over MUCA ramp≈85200000000
Running ABP noise sweep.
trajectory_T = 40.0 (physical integration time)
D values = [0.025]
move weights [reflection, theta0, block, local] = [0.0, 0.05, 0.55, 0.4]
Output dir = /home/nst/amarin/Desktop/ABP_Rare_Events/ABPNoiseSweep/data/abp_noise_T40_scaled_array_1510083/task_7_D0p025

============================================================
MUCA case: D=0.025 Dt=Dr
trajectory_T=40.0 | tail_temperature=2.0 | slope=-0.5
D scaling reference=0.05 | n_iter factor=1.414 | effective n_iter=212
proposal Δξ block=0.05 | proposal Δξ local=0.8 | move weights=[0.0, 0.05, 0.55, 0.4]
chains=128 | bins=[-1.8, 1.5] | dbias=0.025
early-stop target: average roundtrips per chain ≥ 102.4 for 5 straight iterations
============================================================
Completed MUCA iteration 10/212 | accept=0.3079 | flatness max/mean=3.62 | roundtrips=0 | steps/50 RT≈Inf
Completed MUCA iteration 20/212 | accept=0.3048 | flatness max/mean=2.69 | roundtrips=0 | steps/50 RT≈Inf
Completed MUCA iteration 30/212 | accept=0.3086 | flatness max/mean=2.253 | roundtrips=2 | steps/50 RT≈2.83e9
Completed MUCA iteration 40/212 | accept=0.3069 | flatness max/mean=1.766 | roundtrips=4 | steps/50 RT≈1.887e9
Completed MUCA iteration 50/212 | accept=0.3121 | flatness max/mean=1.678 | roundtrips=2 | steps/50 RT≈4.717e9
Completed MUCA iteration 60/212 | accept=0.3086 | flatness max/mean=1.446 | roundtrips=6 | steps/50 RT≈1.887e9
Completed MUCA iteration 70/212 | accept=0.3076 | flatness max/mean=1.553 | roundtrips=9 | steps/50 RT≈1.468e9
Completed MUCA iteration 80/212 | accept=0.3063 | flatness max/mean=1.658 | roundtrips=6 | steps/50 RT≈2.516e9
Completed MUCA iteration 90/212 | accept=0.3119 | flatness max/mean=1.262 | roundtrips=15 | steps/50 RT≈1.132e9
Completed MUCA iteration 100/212 | accept=0.3128 | flatness max/mean=1.507 | roundtrips=13 | steps/50 RT≈1.451e9
Completed MUCA iteration 110/212 | accept=0.3131 | flatness max/mean=1.415 | roundtrips=10 | steps/50 RT≈2.075e9
Completed MUCA iteration 120/212 | accept=0.312 | flatness max/mean=1.256 | roundtrips=15 | steps/50 RT≈1.509e9
Completed MUCA iteration 130/212 | accept=0.3127 | flatness max/mean=1.286 | roundtrips=20 | steps/50 RT≈1.226e9
Completed MUCA iteration 140/212 | accept=0.3082 | flatness max/mean=1.3 | roundtrips=15 | steps/50 RT≈1.761e9
Completed MUCA iteration 150/212 | accept=0.3094 | flatness max/mean=1.341 | roundtrips=24 | steps/50 RT≈1.179e9
Completed MUCA iteration 160/212 | accept=0.3085 | flatness max/mean=1.272 | roundtrips=37 | steps/50 RT≈8.159e8
Completed MUCA iteration 170/212 | accept=0.3121 | flatness max/mean=1.442 | roundtrips=45 | steps/50 RT≈7.128e8
Completed MUCA iteration 180/212 | accept=0.312 | flatness max/mean=1.64 | roundtrips=29 | steps/50 RT≈1.171e9
Completed MUCA iteration 190/212 | accept=0.3116 | flatness max/mean=1.476 | roundtrips=38 | steps/50 RT≈9.434e8
Completed MUCA iteration 200/212 | accept=0.3139 | flatness max/mean=1.337 | roundtrips=42 | steps/50 RT≈8.985e8
Completed MUCA iteration 210/212 | accept=0.3105 | flatness max/mean=1.313 | roundtrips=42 | steps/50 RT≈9.434e8
MUCA complete for D=0.025 | elapsed=444606.5s | total sweeps≈112336000000 | final roundtrips=44 | final avg roundtrips/chain=0.3438
Early-stop condition was not reached.

Production case: D=0.025 | chains=128 | total samples=5000000000 | proposal Δξ block=0.05 | proposal Δξ local=0.8 | whole-path endpoint windows=all,x_gt0,x_gt_0p5 | path filter x(t)>-0.8
Whole-path production observation stride = 1000
Whole-path histogram time stride = 1 (all integration points counted)
Production complete for D=0.025 | elapsed=11169.9s | reweighted samples=5000000000/5000000000 | overall ESS=7.247489441321331e8 | ESS/N=0.14494978882642662 | aggregate roundtrips=423
Endpoint-window diagnostics:
  -1 ≤ x(T) < 0
    biased samples in window     = 2697980617
    reweighted samples in window = 2697980617
    conditional ESS              = 3.93886941516913e8
    out of range yT/meanY/intY/xTyT = 152135/0/0/152135
  x(T) > 0
    biased samples in window     = 1633010453
    reweighted samples in window = 1633010453
    conditional ESS              = 1.1180584307409616e8
    out of range yT/meanY/intY/xTyT = 564532/0/0/564532
  x(T) > 0.5
    biased samples in window     = 699810502
    reweighted samples in window = 699810502
    conditional ESS              = 9.608226207660729e7
    out of range yT/meanY/intY/xTyT = 222137/0/0/222137
  all endpoints
    biased samples in window     = 5000000000
    reweighted samples in window = 5000000000
    conditional ESS              = 7.247489441321331e8
    out of range yT/meanY/intY/xTyT = 716667/0/0/716667
Whole-path endpoint-window diagnostics (kept points satisfy x(t)>-0.8):
  all endpoints
    selected trajectories biased/unbiased = 4999936/4999936
    out of range path y/xy biased = 463900/463900
    out of range path y/xy unbiased = 463900/463900
  x(T) > 0
    selected trajectories biased/unbiased = 1633553/1633553
    out of range path y/xy biased = 409156/409156
    out of range path y/xy unbiased = 409156/409156
  x(T) > 0.5
    selected trajectories biased/unbiased = 699529/699529
    out of range path y/xy biased = 206655/206655
    out of range path y/xy unbiased = 206655/206655
Saved case file: /home/nst/amarin/Desktop/ABP_Rare_Events/ABPNoiseSweep/data/abp_noise_T40_scaled_array_1510083/task_7_D0p025/abp_endpoint_conditioned_D0p025.jld2
Exported data CSV files for abp_endpoint_conditioned_D0p025.jld2 to /home/nst/amarin/Desktop/ABP_Rare_Events/ABPNoiseSweep/data/abp_noise_T40_scaled_array_1510083/task_7_D0p025/data/abp_endpoint_conditioned_D0p025
Roundtrip scaling data saved:
  /home/nst/amarin/Desktop/ABP_Rare_Events/ABPNoiseSweep/data/abp_noise_T40_scaled_array_1510083/task_7_D0p025/data/roundtrip_scaling_rows.csv
  /home/nst/amarin/Desktop/ABP_Rare_Events/ABPNoiseSweep/data/abp_noise_T40_scaled_array_1510083/task_7_D0p025/data/roundtrip_scaling_power_law_fit.csv
  steps ≈ NaN * (1/D)^NaN | R²=NaN | n=1
Done sweep.
JLD2 result files:
  /home/nst/amarin/Desktop/ABP_Rare_Events/ABPNoiseSweep/data/abp_noise_T40_scaled_array_1510083/task_7_D0p025/abp_endpoint_conditioned_D0p025.jld2
CSV/data export files:
  /home/nst/amarin/Desktop/ABP_Rare_Events/ABPNoiseSweep/data/abp_noise_T40_scaled_array_1510083/task_7_D0p025/data/abp_endpoint_conditioned_D0p025/muca_last_histogram_logweights.csv
  /home/nst/amarin/Desktop/ABP_Rare_Events/ABPNoiseSweep/data/abp_noise_T40_scaled_array_1510083/task_7_D0p025/data/abp_endpoint_conditioned_D0p025/muca_iteration_diagnostics.csv
  /home/nst/amarin/Desktop/ABP_Rare_Events/ABPNoiseSweep/data/abp_noise_T40_scaled_array_1510083/task_7_D0p025/data/abp_endpoint_conditioned_D0p025/production_roundtrip_trace.csv
  /home/nst/amarin/Desktop/ABP_Rare_Events/ABPNoiseSweep/data/abp_noise_T40_scaled_array_1510083/task_7_D0p025/data/abp_endpoint_conditioned_D0p025/production_roundtrip_aggregate.csv
  /home/nst/amarin/Desktop/ABP_Rare_Events/ABPNoiseSweep/data/abp_noise_T40_scaled_array_1510083/task_7_D0p025/data/abp_endpoint_conditioned_D0p025/hist_endpoint_x_T.csv
  /home/nst/amarin/Desktop/ABP_Rare_Events/ABPNoiseSweep/data/abp_noise_T40_scaled_array_1510083/task_7_D0p025/data/abp_endpoint_conditioned_D0p025/endpoint_all_filtered_path_y.csv
  /home/nst/amarin/Desktop/ABP_Rare_Events/ABPNoiseSweep/data/abp_noise_T40_scaled_array_1510083/task_7_D0p025/data/abp_endpoint_conditioned_D0p025/endpoint_all_filtered_path_x_y_long.csv
  /home/nst/amarin/Desktop/ABP_Rare_Events/ABPNoiseSweep/data/abp_noise_T40_scaled_array_1510083/task_7_D0p025/data/abp_endpoint_conditioned_D0p025/endpoint_x_gt0_filtered_path_y.csv
  /home/nst/amarin/Desktop/ABP_Rare_Events/ABPNoiseSweep/data/abp_noise_T40_scaled_array_1510083/task_7_D0p025/data/abp_endpoint_conditioned_D0p025/endpoint_x_gt0_filtered_path_x_y_long.csv
  /home/nst/amarin/Desktop/ABP_Rare_Events/ABPNoiseSweep/data/abp_noise_T40_scaled_array_1510083/task_7_D0p025/data/abp_endpoint_conditioned_D0p025/endpoint_x_gt_0p5_filtered_path_y.csv
  /home/nst/amarin/Desktop/ABP_Rare_Events/ABPNoiseSweep/data/abp_noise_T40_scaled_array_1510083/task_7_D0p025/data/abp_endpoint_conditioned_D0p025/endpoint_x_gt_0p5_filtered_path_x_y_long.csv
  /home/nst/amarin/Desktop/ABP_Rare_Events/ABPNoiseSweep/data/abp_noise_T40_scaled_array_1510083/task_7_D0p025/data/abp_endpoint_conditioned_D0p025/endpoint_x_gt_0p5_trajectory_summary.csv
  /home/nst/amarin/Desktop/ABP_Rare_Events/ABPNoiseSweep/data/abp_noise_T40_scaled_array_1510083/task_7_D0p025/data/abp_endpoint_conditioned_D0p025/endpoint_x_gt_0p5_average_trajectory.csv
  /home/nst/amarin/Desktop/ABP_Rare_Events/ABPNoiseSweep/data/abp_noise_T40_scaled_array_1510083/task_7_D0p025/data/abp_endpoint_conditioned_D0p025/conditional_x_m1_0_one_dimensional_histograms.csv
  /home/nst/amarin/Desktop/ABP_Rare_Events/ABPNoiseSweep/data/abp_noise_T40_scaled_array_1510083/task_7_D0p025/data/abp_endpoint_conditioned_D0p025/conditional_x_gt0_one_dimensional_histograms.csv
  /home/nst/amarin/Desktop/ABP_Rare_Events/ABPNoiseSweep/data/abp_noise_T40_scaled_array_1510083/task_7_D0p025/data/abp_endpoint_conditioned_D0p025/conditional_x_gt_0p5_one_dimensional_histograms.csv
  /home/nst/amarin/Desktop/ABP_Rare_Events/ABPNoiseSweep/data/abp_noise_T40_scaled_array_1510083/task_7_D0p025/data/abp_endpoint_conditioned_D0p025/conditional_all_one_dimensional_histograms.csv
  /home/nst/amarin/Desktop/ABP_Rare_Events/ABPNoiseSweep/data/abp_noise_T40_scaled_array_1510083/task_7_D0p025/data/abp_endpoint_conditioned_D0p025/case_summary.csv
  /home/nst/amarin/Desktop/ABP_Rare_Events/ABPNoiseSweep/data/abp_noise_T40_scaled_array_1510083/task_7_D0p025/data/roundtrip_scaling_rows.csv
  /home/nst/amarin/Desktop/ABP_Rare_Events/ABPNoiseSweep/data/abp_noise_T40_scaled_array_1510083/task_7_D0p025/data/roundtrip_scaling_power_law_fit.csv
Finished at: 2026-07-13 00:13:40
============================================================
Completed ABP noise-array task, T=40, D-scaled production
============================================================
Noise D:                         0.025
Array task:                      7
Chosen production observations:  5000000000
Case directories copied:         1
JLD2 files copied:               1
Task output:                     /home/nst/amarin/Desktop/ABP_Rare_Events/ABPNoiseSweep/data/abp_noise_T40_scaled_array_1510083/task_7_D0p025
Combined output:                 /home/nst/amarin/Desktop/ABP_Rare_Events/ABPNoiseSweep/data/abp_noise_T40_scaled_array_1510083/combined
Output size:
74M	/home/nst/amarin/Desktop/ABP_Rare_Events/ABPNoiseSweep/data/abp_noise_T40_scaled_array_1510083/task_7_D0p025
502M	/home/nst/amarin/Desktop/ABP_Rare_Events/ABPNoiseSweep/data/abp_noise_T40_scaled_array_1510083/combined
============================================================
