============================================================
ABP T-D sweep array task
============================================================
Project:                         /home/nst/amarin/Desktop/ABP_Rare_Events/ABPNoiseSweep
Array job ID:                    1370499
Array task ID:                   6
T index, D index:                2, 0
Trajectory T:                    40
Noise D:                         0.5
Julia executable:                /home/nst/amarin/.julia/juliaup/julia-1.12.6+0.x64.linux.gnu/bin/julia
Julia threads:                   128
Task output directory:           /home/nst/amarin/Desktop/ABP_Rare_Events/ABPNoiseSweep/data/abp_TD_sweep_1370499/task_6_T40_D0p5
Combined output directory:       /home/nst/amarin/Desktop/ABP_Rare_Events/ABPNoiseSweep/data/abp_TD_sweep_1370499/combined
MUCA iterations:                 80
MUCA steps per iteration:        100000000
MUCA thermalization:             300000
D scaling reference:             0.1
Scale n_iter with D:             true
Roundtrip target fraction:       0.5
Roundtrip consecutive hits:      3
Production observations:         100000000
Production chains:               128
Production stride:               10000
Production roundtrip stride:     10000
Path-observation stride:         100
Path-time stride:                5
Path x(t) minimum:               -0.6
============================================================
julia version 1.12.6
============================================================
ABP noise sweep cluster script
Started at: 2026-06-29 18:22:02
Active project: /home/nst/amarin/Desktop/ABP_Rare_Events/ABPNoiseSweep/Project.toml
Julia threads: 128
CPU threads visible to Julia: 128
Hostname: nariman22
============================================================
Configuration:
  D_values = [0.5]
  move_weights [reflection, theta0, block, local] = [0.0, 0.05, 0.55, 0.4]
  trajectory_T = 40.0 | dt = 0.01 | v = 0.39
  potential_active = true
  n_iter = 80
  n_iter_steps_per_iter = 100000000 final-iteration sampling moves across chains
  n_therm_muca = 300000
  D_scaling_reference = 0.1
  scale_n_iter_with_D = true
  block_dxi = 0.05
  local_dxi = 0.8
  n_prod_obs_total = 100000000
  n_prod_chains = 128
  path_observation_stride = 100
  path_time_stride = 5
  path_filter_x_min = -0.6
  save_movie_paths = false
  roundtrip_target = 50
  roundtrip_avg_target_fraction = 0.5
  roundtrip_convergence_hits = 3
  output_dir = /home/nst/amarin/Desktop/ABP_Rare_Events/ABPNoiseSweep/data/abp_TD_sweep_1370499/task_6_T40_D0p5
  save_csv = true
  save_plots = false (ignored by data-only script)
Derived MUCA iteration schedule:
  Formula: n_iter_effective(D) = round(n_iter * sqrt(D_scaling_reference / D))
  n_iter = 80
  D_scaling_reference = 0.1
  scale_n_iter_with_D = true
  D=0.5 | factor=0.44721 | effective n_iter=36 | final-iteration sampling moves≈100000000 | total sampling moves over MUCA ramp≈1850000000
Running ABP noise sweep.
trajectory_T = 40.0 (physical integration time)
D values = [0.5]
move weights [reflection, theta0, block, local] = [0.0, 0.05, 0.55, 0.4]
Output dir = /home/nst/amarin/Desktop/ABP_Rare_Events/ABPNoiseSweep/data/abp_TD_sweep_1370499/task_6_T40_D0p5

============================================================
MUCA case: D=0.5 Dt=Dr
trajectory_T=40.0 | tail_temperature=1.0 | slope=-1.0
D scaling reference=0.1 | n_iter factor=0.4472 | effective n_iter=36
proposal Δξ block=0.05 | proposal Δξ local=0.8 | move weights=[0.0, 0.05, 0.55, 0.4]
chains=128 | bins=[-1.8, 1.5] | dbias=0.025
early-stop target: average roundtrips per chain ≥ 64.0 for 3 straight iterations
============================================================
Completed MUCA iteration 10/36 | accept=0.3408 | flatness max/mean=1.078 | roundtrips=3284 | steps/50 RT≈422900.0
Completed MUCA iteration 20/36 | accept=0.3405 | flatness max/mean=1.076 | roundtrips=6646 | steps/50 RT≈418000.0
Stopping MUCA early at iteration 27 | avg roundtrips/chain=69.4922 | target=64.0 | consecutive hits=3
MUCA complete for D=0.5 | elapsed=8582.8s | total sweeps≈2086800000 | final roundtrips=8895 | final avg roundtrips/chain=69.4922
Early-stop condition met at iteration 27 after 3 consecutive hits.

Production case: D=0.5 | chains=128 | total samples=100000000 | proposal Δξ block=0.05 | proposal Δξ local=0.8 | whole-path endpoint windows=all,x_gt0,x_gt_0p5 | path filter x(t)>-0.6
Whole-path production observation stride = 100
Whole-path histogram time stride = 5 (subsampled time points)
Production complete for D=0.5 | elapsed=323.5s | reweighted samples=99218750/100000000 | overall ESS=8.475658140628691e7 | ESS/N=0.8475658140628691 | aggregate roundtrips=11974
Endpoint-window diagnostics:
  -1 ≤ x(T) < 0
    biased samples in window     = 35465166
    reweighted samples in window = 35465166
    conditional ESS              = 2.9252764782169368e7
    out of range yT/meanY/intY/xTyT = 4612030/2944/2944/4612030
  x(T) > 0
    biased samples in window     = 49306185
    reweighted samples in window = 48524935
    conditional ESS              = 4.1294624442329526e7
    out of range yT/meanY/intY/xTyT = 5923496/5553/5566/6704746
  x(T) > 0.5
    biased samples in window     = 31482667
    reweighted samples in window = 30701417
    conditional ESS              = 2.9600785808437053e7
    out of range yT/meanY/intY/xTyT = 3333338/3144/3147/4114588
  all endpoints
    biased samples in window     = 100000000
    reweighted samples in window = 99218750
    conditional ESS              = 8.475658140628691e7
    out of range yT/meanY/intY/xTyT = 12351886/10224/10242/13133136
Whole-path endpoint-window diagnostics (kept points satisfy x(t)>-0.6):
  all endpoints
    selected trajectories biased/unbiased = 999936/992124
    out of range path y/xy biased = 55355382/60432325
    out of range path y/xy unbiased = 54675738/59721433
  x(T) > 0
    selected trajectories biased/unbiased = 493492/485680
    out of range path y/xy biased = 28438897/31152697
    out of range path y/xy unbiased = 27759253/30441805
  x(T) > 0.5
    selected trajectories biased/unbiased = 315058/307246
    out of range path y/xy biased = 18051285/19824579
    out of range path y/xy unbiased = 17371641/19113687
Saved case file: /home/nst/amarin/Desktop/ABP_Rare_Events/ABPNoiseSweep/data/abp_TD_sweep_1370499/task_6_T40_D0p5/abp_endpoint_conditioned_D0p5.jld2
Exported data CSV files for abp_endpoint_conditioned_D0p5.jld2 to /home/nst/amarin/Desktop/ABP_Rare_Events/ABPNoiseSweep/data/abp_TD_sweep_1370499/task_6_T40_D0p5/data/abp_endpoint_conditioned_D0p5
Roundtrip scaling data saved:
  /home/nst/amarin/Desktop/ABP_Rare_Events/ABPNoiseSweep/data/abp_TD_sweep_1370499/task_6_T40_D0p5/data/roundtrip_scaling_rows.csv
  /home/nst/amarin/Desktop/ABP_Rare_Events/ABPNoiseSweep/data/abp_TD_sweep_1370499/task_6_T40_D0p5/data/roundtrip_scaling_power_law_fit.csv
  steps ≈ NaN * (1/D)^NaN | R²=NaN | n=1
Done sweep.
JLD2 result files:
  /home/nst/amarin/Desktop/ABP_Rare_Events/ABPNoiseSweep/data/abp_TD_sweep_1370499/task_6_T40_D0p5/abp_endpoint_conditioned_D0p5.jld2
CSV/data export files:
  /home/nst/amarin/Desktop/ABP_Rare_Events/ABPNoiseSweep/data/abp_TD_sweep_1370499/task_6_T40_D0p5/data/abp_endpoint_conditioned_D0p5/muca_last_histogram_logweights.csv
  /home/nst/amarin/Desktop/ABP_Rare_Events/ABPNoiseSweep/data/abp_TD_sweep_1370499/task_6_T40_D0p5/data/abp_endpoint_conditioned_D0p5/muca_iteration_diagnostics.csv
  /home/nst/amarin/Desktop/ABP_Rare_Events/ABPNoiseSweep/data/abp_TD_sweep_1370499/task_6_T40_D0p5/data/abp_endpoint_conditioned_D0p5/production_roundtrip_trace.csv
  /home/nst/amarin/Desktop/ABP_Rare_Events/ABPNoiseSweep/data/abp_TD_sweep_1370499/task_6_T40_D0p5/data/abp_endpoint_conditioned_D0p5/production_roundtrip_aggregate.csv
  /home/nst/amarin/Desktop/ABP_Rare_Events/ABPNoiseSweep/data/abp_TD_sweep_1370499/task_6_T40_D0p5/data/abp_endpoint_conditioned_D0p5/hist_endpoint_x_T.csv
  /home/nst/amarin/Desktop/ABP_Rare_Events/ABPNoiseSweep/data/abp_TD_sweep_1370499/task_6_T40_D0p5/data/abp_endpoint_conditioned_D0p5/endpoint_all_filtered_path_y.csv
  /home/nst/amarin/Desktop/ABP_Rare_Events/ABPNoiseSweep/data/abp_TD_sweep_1370499/task_6_T40_D0p5/data/abp_endpoint_conditioned_D0p5/endpoint_all_filtered_path_x_y_long.csv
  /home/nst/amarin/Desktop/ABP_Rare_Events/ABPNoiseSweep/data/abp_TD_sweep_1370499/task_6_T40_D0p5/data/abp_endpoint_conditioned_D0p5/endpoint_x_gt0_filtered_path_y.csv
  /home/nst/amarin/Desktop/ABP_Rare_Events/ABPNoiseSweep/data/abp_TD_sweep_1370499/task_6_T40_D0p5/data/abp_endpoint_conditioned_D0p5/endpoint_x_gt0_filtered_path_x_y_long.csv
  /home/nst/amarin/Desktop/ABP_Rare_Events/ABPNoiseSweep/data/abp_TD_sweep_1370499/task_6_T40_D0p5/data/abp_endpoint_conditioned_D0p5/endpoint_x_gt_0p5_filtered_path_y.csv
  /home/nst/amarin/Desktop/ABP_Rare_Events/ABPNoiseSweep/data/abp_TD_sweep_1370499/task_6_T40_D0p5/data/abp_endpoint_conditioned_D0p5/endpoint_x_gt_0p5_filtered_path_x_y_long.csv
  /home/nst/amarin/Desktop/ABP_Rare_Events/ABPNoiseSweep/data/abp_TD_sweep_1370499/task_6_T40_D0p5/data/abp_endpoint_conditioned_D0p5/endpoint_x_gt_0p5_trajectory_summary.csv
  /home/nst/amarin/Desktop/ABP_Rare_Events/ABPNoiseSweep/data/abp_TD_sweep_1370499/task_6_T40_D0p5/data/abp_endpoint_conditioned_D0p5/endpoint_x_gt_0p5_average_trajectory.csv
  /home/nst/amarin/Desktop/ABP_Rare_Events/ABPNoiseSweep/data/abp_TD_sweep_1370499/task_6_T40_D0p5/data/abp_endpoint_conditioned_D0p5/conditional_x_m1_0_one_dimensional_histograms.csv
  /home/nst/amarin/Desktop/ABP_Rare_Events/ABPNoiseSweep/data/abp_TD_sweep_1370499/task_6_T40_D0p5/data/abp_endpoint_conditioned_D0p5/conditional_x_gt0_one_dimensional_histograms.csv
  /home/nst/amarin/Desktop/ABP_Rare_Events/ABPNoiseSweep/data/abp_TD_sweep_1370499/task_6_T40_D0p5/data/abp_endpoint_conditioned_D0p5/conditional_x_gt_0p5_one_dimensional_histograms.csv
  /home/nst/amarin/Desktop/ABP_Rare_Events/ABPNoiseSweep/data/abp_TD_sweep_1370499/task_6_T40_D0p5/data/abp_endpoint_conditioned_D0p5/conditional_all_one_dimensional_histograms.csv
  /home/nst/amarin/Desktop/ABP_Rare_Events/ABPNoiseSweep/data/abp_TD_sweep_1370499/task_6_T40_D0p5/data/abp_endpoint_conditioned_D0p5/case_summary.csv
  /home/nst/amarin/Desktop/ABP_Rare_Events/ABPNoiseSweep/data/abp_TD_sweep_1370499/task_6_T40_D0p5/data/roundtrip_scaling_rows.csv
  /home/nst/amarin/Desktop/ABP_Rare_Events/ABPNoiseSweep/data/abp_TD_sweep_1370499/task_6_T40_D0p5/data/roundtrip_scaling_power_law_fit.csv
Finished at: 2026-06-29 20:50:42
============================================================
Completed ABP T-D sweep task
============================================================
Trajectory T:                    40
Noise D:                         0.5
Array task:                      6
Case directories copied:         1
JLD2 files copied:               1
Task output:                     /home/nst/amarin/Desktop/ABP_Rare_Events/ABPNoiseSweep/data/abp_TD_sweep_1370499/task_6_T40_D0p5
Combined output:                 /home/nst/amarin/Desktop/ABP_Rare_Events/ABPNoiseSweep/data/abp_TD_sweep_1370499/combined
============================================================
