  Activating project at `~/Desktop/ABP_Rare_Events/ABPNoiseSweep`
┌ Warning: Overwriting d_logweight where recursive precision has been accumulated. This discards converged weight estimates.
└ @ MonteCarloX ~/.julia/packages/MonteCarloX/2hHBm/src/ensembles/multicanonical.jl:118
┌ Warning: Overwriting d_logweight where recursive precision has been accumulated. This discards converged weight estimates.
└ @ MonteCarloX ~/.julia/packages/MonteCarloX/2hHBm/src/ensembles/multicanonical.jl:118
┌ Warning: Overwriting d_logweight where recursive precision has been accumulated. This discards converged weight estimates.
└ @ MonteCarloX ~/.julia/packages/MonteCarloX/2hHBm/src/ensembles/multicanonical.jl:118
┌ Warning: Overwriting d_logweight where recursive precision has been accumulated. This discards converged weight estimates.
└ @ MonteCarloX ~/.julia/packages/MonteCarloX/2hHBm/src/ensembles/multicanonical.jl:118
MUCA D=0.5...   4%|█▋                                    |  ETA: 7:46:24[K┌ Warning: Overwriting d_logweight where recursive precision has been accumulated. This discards converged weight estimates.
└ @ MonteCarloX ~/.julia/packages/MonteCarloX/2hHBm/src/ensembles/multicanonical.jl:118
┌ Warning: Overwriting d_logweight where recursive precision has been accumulated. This discards converged weight estimates.
└ @ MonteCarloX ~/.julia/packages/MonteCarloX/2hHBm/src/ensembles/multicanonical.jl:118
MUCA D=0.5...   6%|██▍                                   |  ETA: 8:06:42[K┌ Warning: Overwriting d_logweight where recursive precision has been accumulated. This discards converged weight estimates.
└ @ MonteCarloX ~/.julia/packages/MonteCarloX/2hHBm/src/ensembles/multicanonical.jl:118
┌ Warning: Overwriting d_logweight where recursive precision has been accumulated. This discards converged weight estimates.
└ @ MonteCarloX ~/.julia/packages/MonteCarloX/2hHBm/src/ensembles/multicanonical.jl:118
MUCA D=0.5...   9%|███▎                                  |  ETA: 8:22:32[K┌ Warning: Overwriting d_logweight where recursive precision has been accumulated. This discards converged weight estimates.
└ @ MonteCarloX ~/.julia/packages/MonteCarloX/2hHBm/src/ensembles/multicanonical.jl:118
┌ Warning: Overwriting d_logweight where recursive precision has been accumulated. This discards converged weight estimates.
└ @ MonteCarloX ~/.julia/packages/MonteCarloX/2hHBm/src/ensembles/multicanonical.jl:118
MUCA D=0.5...  11%|████                                  |  ETA: 8:34:42[K┌ Warning: Overwriting d_logweight where recursive precision has been accumulated. This discards converged weight estimates.
└ @ MonteCarloX ~/.julia/packages/MonteCarloX/2hHBm/src/ensembles/multicanonical.jl:118
┌ Warning: Overwriting d_logweight where recursive precision has been accumulated. This discards converged weight estimates.
└ @ MonteCarloX ~/.julia/packages/MonteCarloX/2hHBm/src/ensembles/multicanonical.jl:118
MUCA D=0.5...  13%|████▉                                 |  ETA: 8:46:00[K┌ Warning: Overwriting d_logweight where recursive precision has been accumulated. This discards converged weight estimates.
└ @ MonteCarloX ~/.julia/packages/MonteCarloX/2hHBm/src/ensembles/multicanonical.jl:118
┌ Warning: Overwriting d_logweight where recursive precision has been accumulated. This discards converged weight estimates.
└ @ MonteCarloX ~/.julia/packages/MonteCarloX/2hHBm/src/ensembles/multicanonical.jl:118
MUCA D=0.5...  15%|█████▋                                |  ETA: 8:56:33[K┌ Warning: Overwriting d_logweight where recursive precision has been accumulated. This discards converged weight estimates.
└ @ MonteCarloX ~/.julia/packages/MonteCarloX/2hHBm/src/ensembles/multicanonical.jl:118
┌ Warning: Overwriting d_logweight where recursive precision has been accumulated. This discards converged weight estimates.
└ @ MonteCarloX ~/.julia/packages/MonteCarloX/2hHBm/src/ensembles/multicanonical.jl:118
MUCA D=0.5...  17%|██████▌                               |  ETA: 9:06:25[K┌ Warning: Overwriting d_logweight where recursive precision has been accumulated. This discards converged weight estimates.
└ @ MonteCarloX ~/.julia/packages/MonteCarloX/2hHBm/src/ensembles/multicanonical.jl:118
┌ Warning: Overwriting d_logweight where recursive precision has been accumulated. This discards converged weight estimates.
└ @ MonteCarloX ~/.julia/packages/MonteCarloX/2hHBm/src/ensembles/multicanonical.jl:118
MUCA D=0.5...  19%|███████▎                              |  ETA: 9:15:31[K┌ Warning: Overwriting d_logweight where recursive precision has been accumulated. This discards converged weight estimates.
└ @ MonteCarloX ~/.julia/packages/MonteCarloX/2hHBm/src/ensembles/multicanonical.jl:118
┌ Warning: Overwriting d_logweight where recursive precision has been accumulated. This discards converged weight estimates.
└ @ MonteCarloX ~/.julia/packages/MonteCarloX/2hHBm/src/ensembles/multicanonical.jl:118
MUCA D=0.5...  21%|████████▏                             |  ETA: 9:23:00[K┌ Warning: Overwriting d_logweight where recursive precision has been accumulated. This discards converged weight estimates.
└ @ MonteCarloX ~/.julia/packages/MonteCarloX/2hHBm/src/ensembles/multicanonical.jl:118
┌ Warning: Overwriting d_logweight where recursive precision has been accumulated. This discards converged weight estimates.
└ @ MonteCarloX ~/.julia/packages/MonteCarloX/2hHBm/src/ensembles/multicanonical.jl:118
MUCA D=0.5...  23%|████████▉                             |  ETA: 9:29:04[K