============================================================
Fixed-noise speed task: MUCA -> production
D = 0.025 | v = 0.345 | array task = 5
Threads = 128 | production chains = 128
MUCA iterations = 200
MUCA final-iteration moves = 800000000
Production moves = 55000000000
Task output = /home/nst/amarin/Desktop/ABP_Rare_Events/ABPNoiseSweep/data/abp_speed_D0p025_array_1669022/task_5_v0p345
============================================================
============================================================
Fixed-noise ABP speed landscape: MUCA -> production
D = Dt = Dr = 0.025 | v = 0.345
Julia threads = 128
MUCA iterations = 200
Approximate total MUCA sampling moves = 80400000000
Production moves = 55000000000
Production chains = 128
Path-observation stride = 1000
Output = data/fixed_D0p025_speed_landscape/v_0p345
============================================================
Running ABP noise sweep.
trajectory_T = 40.0 (physical integration time)
D values = [0.025]
move weights [reflection, theta0, block, local] = [0.0, 0.05, 0.55, 0.4]
Output dir = data/fixed_D0p025_speed_landscape/v_0p345

============================================================
MUCA case: D=0.025 Dt=Dr
trajectory_T=40.0 | tail_temperature=2.0 | slope=-0.5
D scaling reference=0.025 | n_iter factor=1.0 | effective n_iter=200
proposal Δξ block=0.05 | proposal Δξ local=0.8 | move weights=[0.0, 0.05, 0.55, 0.4]
chains=128 | bins=[-1.8, 1.5] | dbias=0.05
early-stop target: average roundtrips per chain ≥ 128.0 for 3 straight iterations
============================================================
Completed MUCA iteration 10/200 | accept=0.3127 | flatness max/mean=2.245 | roundtrips=0 | steps/50 RT≈Inf
Completed MUCA iteration 20/200 | accept=0.3066 | flatness max/mean=2.368 | roundtrips=0 | steps/50 RT≈Inf
Completed MUCA iteration 30/200 | accept=0.3137 | flatness max/mean=1.755 | roundtrips=0 | steps/50 RT≈Inf
Completed MUCA iteration 40/200 | accept=0.312 | flatness max/mean=1.704 | roundtrips=1 | steps/50 RT≈8.0e9
Completed MUCA iteration 50/200 | accept=0.3109 | flatness max/mean=2.181 | roundtrips=3 | steps/50 RT≈3.333e9
Completed MUCA iteration 60/200 | accept=0.3156 | flatness max/mean=1.574 | roundtrips=8 | steps/50 RT≈1.5e9
Completed MUCA iteration 70/200 | accept=0.313 | flatness max/mean=1.673 | roundtrips=8 | steps/50 RT≈1.75e9
Completed MUCA iteration 80/200 | accept=0.3115 | flatness max/mean=1.474 | roundtrips=12 | steps/50 RT≈1.333e9
Completed MUCA iteration 90/200 | accept=0.3126 | flatness max/mean=1.681 | roundtrips=6 | steps/50 RT≈3.0e9
Completed MUCA iteration 100/200 | accept=0.31 | flatness max/mean=1.432 | roundtrips=9 | steps/50 RT≈2.222e9
Completed MUCA iteration 110/200 | accept=0.3119 | flatness max/mean=1.636 | roundtrips=17 | steps/50 RT≈1.294e9
Completed MUCA iteration 120/200 | accept=0.3123 | flatness max/mean=1.391 | roundtrips=12 | steps/50 RT≈2.0e9
Completed MUCA iteration 130/200 | accept=0.3126 | flatness max/mean=1.238 | roundtrips=24 | steps/50 RT≈1.083e9
Completed MUCA iteration 140/200 | accept=0.314 | flatness max/mean=1.429 | roundtrips=26 | steps/50 RT≈1.077e9
Completed MUCA iteration 150/200 | accept=0.3116 | flatness max/mean=1.362 | roundtrips=15 | steps/50 RT≈2.0e9
Completed MUCA iteration 160/200 | accept=0.3146 | flatness max/mean=1.418 | roundtrips=25 | steps/50 RT≈1.28e9
Completed MUCA iteration 170/200 | accept=0.3122 | flatness max/mean=1.376 | roundtrips=33 | steps/50 RT≈1.03e9
Completed MUCA iteration 180/200 | accept=0.314 | flatness max/mean=1.242 | roundtrips=26 | steps/50 RT≈1.385e9
Completed MUCA iteration 190/200 | accept=0.3114 | flatness max/mean=1.377 | roundtrips=40 | steps/50 RT≈9.5e8
Completed MUCA iteration 200/200 | accept=0.3139 | flatness max/mean=1.246 | roundtrips=28 | steps/50 RT≈1.429e9
MUCA complete for D=0.025 | elapsed=336464.2s | total sweeps≈106000000000 | final roundtrips=28 | final avg roundtrips/chain=0.2188
Early-stop condition was not reached.

Production case: D=0.025 | chains=128 | total samples=55000000000 | proposal Δξ block=0.05 | proposal Δξ local=0.8 | whole-path endpoint windows=all,x_gt0,x_gt_0p5 | path filter x(t)>-1.0
Whole-path production observation stride = 1000
Whole-path histogram time stride = 1 (all integration points counted)
Production complete for D=0.025 | elapsed=95074.9s | reweighted samples=55000000000/55000000000 | overall ESS=5.872994905793938e9 | ESS/N=0.10678172555988978 | aggregate roundtrips=4112
Endpoint-window diagnostics:
  -1 ≤ x(T) < 0
    biased samples in window     = 24085113356
    reweighted samples in window = 24085113356
    conditional ESS              = 3.159694728454641e9
    out of range yT/meanY/intY/xTyT = 294858/0/0/294858
  x(T) > 0
    biased samples in window     = 24871913035
    reweighted samples in window = 24871913035
    conditional ESS              = 3.407569955571808e9
    out of range yT/meanY/intY/xTyT = 1159343/0/0/1159343
  x(T) > 0.5
    biased samples in window     = 13054175480
    reweighted samples in window = 13054175480
    conditional ESS              = 3.0450748704820733e9
    out of range yT/meanY/intY/xTyT = 459570/0/0/459570
  all endpoints
    biased samples in window     = 55000000000
    reweighted samples in window = 55000000000
    conditional ESS              = 5.872994905793938e9
    out of range yT/meanY/intY/xTyT = 1454201/0/0/1454201
Whole-path endpoint-window diagnostics (kept points satisfy x(t)>-1.0):
  all endpoints
    selected trajectories biased/unbiased = 54999936/54999936
    out of range path y/xy biased = 1447451/1447451
    out of range path y/xy unbiased = 1447451/1447451
  x(T) > 0
    selected trajectories biased/unbiased = 24868442/24868442
    out of range path y/xy biased = 1267573/1267573
    out of range path y/xy unbiased = 1267573/1267573
  x(T) > 0.5
    selected trajectories biased/unbiased = 13054023/13054023
    out of range path y/xy biased = 694262/694262
    out of range path y/xy unbiased = 694262/694262
Saved case file: data/fixed_D0p025_speed_landscape/v_0p345/abp_endpoint_conditioned_D0p025.jld2
Exported data CSV files for abp_endpoint_conditioned_D0p025.jld2 to data/fixed_D0p025_speed_landscape/v_0p345/data/abp_endpoint_conditioned_D0p025
Roundtrip scaling data saved:
  data/fixed_D0p025_speed_landscape/v_0p345/data/roundtrip_scaling_rows.csv
  data/fixed_D0p025_speed_landscape/v_0p345/data/roundtrip_scaling_power_law_fit.csv
  steps ≈ NaN * (1/D)^NaN | R²=NaN | n=1
Done sweep.
JLD2 result files:
  data/fixed_D0p025_speed_landscape/v_0p345/abp_endpoint_conditioned_D0p025.jld2
CSV/data export files:
  data/fixed_D0p025_speed_landscape/v_0p345/data/abp_endpoint_conditioned_D0p025/muca_last_histogram_logweights.csv
  data/fixed_D0p025_speed_landscape/v_0p345/data/abp_endpoint_conditioned_D0p025/muca_iteration_diagnostics.csv
  data/fixed_D0p025_speed_landscape/v_0p345/data/abp_endpoint_conditioned_D0p025/production_roundtrip_trace.csv
  data/fixed_D0p025_speed_landscape/v_0p345/data/abp_endpoint_conditioned_D0p025/production_roundtrip_aggregate.csv
  data/fixed_D0p025_speed_landscape/v_0p345/data/abp_endpoint_conditioned_D0p025/hist_endpoint_x_T.csv
  data/fixed_D0p025_speed_landscape/v_0p345/data/abp_endpoint_conditioned_D0p025/endpoint_all_filtered_path_y.csv
  data/fixed_D0p025_speed_landscape/v_0p345/data/abp_endpoint_conditioned_D0p025/endpoint_all_filtered_path_x_y_long.csv
  data/fixed_D0p025_speed_landscape/v_0p345/data/abp_endpoint_conditioned_D0p025/endpoint_x_gt0_filtered_path_y.csv
  data/fixed_D0p025_speed_landscape/v_0p345/data/abp_endpoint_conditioned_D0p025/endpoint_x_gt0_filtered_path_x_y_long.csv
  data/fixed_D0p025_speed_landscape/v_0p345/data/abp_endpoint_conditioned_D0p025/endpoint_x_gt_0p5_filtered_path_y.csv
  data/fixed_D0p025_speed_landscape/v_0p345/data/abp_endpoint_conditioned_D0p025/endpoint_x_gt_0p5_filtered_path_x_y_long.csv
  data/fixed_D0p025_speed_landscape/v_0p345/data/abp_endpoint_conditioned_D0p025/endpoint_x_gt_0p5_trajectory_summary.csv
  data/fixed_D0p025_speed_landscape/v_0p345/data/abp_endpoint_conditioned_D0p025/endpoint_x_gt_0p5_average_trajectory.csv
  data/fixed_D0p025_speed_landscape/v_0p345/data/abp_endpoint_conditioned_D0p025/conditional_x_m1_0_one_dimensional_histograms.csv
  data/fixed_D0p025_speed_landscape/v_0p345/data/abp_endpoint_conditioned_D0p025/conditional_x_gt0_one_dimensional_histograms.csv
  data/fixed_D0p025_speed_landscape/v_0p345/data/abp_endpoint_conditioned_D0p025/conditional_x_gt_0p5_one_dimensional_histograms.csv
  data/fixed_D0p025_speed_landscape/v_0p345/data/abp_endpoint_conditioned_D0p025/conditional_all_one_dimensional_histograms.csv
  data/fixed_D0p025_speed_landscape/v_0p345/data/abp_endpoint_conditioned_D0p025/case_summary.csv
  data/fixed_D0p025_speed_landscape/v_0p345/data/roundtrip_scaling_rows.csv
  data/fixed_D0p025_speed_landscape/v_0p345/data/roundtrip_scaling_power_law_fit.csv

SUCCESS: MUCA and production completed for v = 0.345
Main result: data/fixed_D0p025_speed_landscape/v_0p345/abp_endpoint_conditioned_D0p025.jld2
CSV files written: 20
ERROR: expected one JLD2 result, found 0
