============================================================
Fixed-noise speed task: MUCA -> production
D = 0.025 | v = 0.335 | array task = 3
Threads = 128 | production chains = 128
MUCA iterations = 200
MUCA final-iteration moves = 800000000
Production moves = 55000000000
Task output = /home/nst/amarin/Desktop/ABP_Rare_Events/ABPNoiseSweep/data/abp_speed_D0p025_array_1669022/task_3_v0p335
============================================================
============================================================
Fixed-noise ABP speed landscape: MUCA -> production
D = Dt = Dr = 0.025 | v = 0.335
Julia threads = 128
MUCA iterations = 200
Approximate total MUCA sampling moves = 80400000000
Production moves = 55000000000
Production chains = 128
Path-observation stride = 1000
Output = data/fixed_D0p025_speed_landscape/v_0p335
============================================================
Running ABP noise sweep.
trajectory_T = 40.0 (physical integration time)
D values = [0.025]
move weights [reflection, theta0, block, local] = [0.0, 0.05, 0.55, 0.4]
Output dir = data/fixed_D0p025_speed_landscape/v_0p335

============================================================
MUCA case: D=0.025 Dt=Dr
trajectory_T=40.0 | tail_temperature=2.0 | slope=-0.5
D scaling reference=0.025 | n_iter factor=1.0 | effective n_iter=200
proposal Δξ block=0.05 | proposal Δξ local=0.8 | move weights=[0.0, 0.05, 0.55, 0.4]
chains=128 | bins=[-1.8, 1.5] | dbias=0.05
early-stop target: average roundtrips per chain ≥ 128.0 for 3 straight iterations
============================================================
Completed MUCA iteration 10/200 | accept=0.312 | flatness max/mean=3.969 | roundtrips=0 | steps/50 RT≈Inf
Completed MUCA iteration 20/200 | accept=0.3067 | flatness max/mean=3.622 | roundtrips=0 | steps/50 RT≈Inf
Completed MUCA iteration 30/200 | accept=0.3123 | flatness max/mean=2.78 | roundtrips=0 | steps/50 RT≈Inf
Completed MUCA iteration 40/200 | accept=0.3136 | flatness max/mean=1.544 | roundtrips=1 | steps/50 RT≈8.0e9
Completed MUCA iteration 50/200 | accept=0.312 | flatness max/mean=1.907 | roundtrips=2 | steps/50 RT≈5.0e9
Completed MUCA iteration 60/200 | accept=0.3124 | flatness max/mean=1.365 | roundtrips=6 | steps/50 RT≈2.0e9
Completed MUCA iteration 70/200 | accept=0.3129 | flatness max/mean=1.089 | roundtrips=4 | steps/50 RT≈3.5e9
Completed MUCA iteration 80/200 | accept=0.3144 | flatness max/mean=1.244 | roundtrips=4 | steps/50 RT≈4.0e9
Completed MUCA iteration 90/200 | accept=0.315 | flatness max/mean=1.22 | roundtrips=7 | steps/50 RT≈2.571e9
Completed MUCA iteration 100/200 | accept=0.3144 | flatness max/mean=1.147 | roundtrips=16 | steps/50 RT≈1.25e9
Completed MUCA iteration 110/200 | accept=0.3161 | flatness max/mean=1.277 | roundtrips=16 | steps/50 RT≈1.375e9
Completed MUCA iteration 120/200 | accept=0.3127 | flatness max/mean=1.354 | roundtrips=18 | steps/50 RT≈1.333e9
Completed MUCA iteration 130/200 | accept=0.3149 | flatness max/mean=1.445 | roundtrips=17 | steps/50 RT≈1.529e9
Completed MUCA iteration 140/200 | accept=0.3109 | flatness max/mean=1.564 | roundtrips=19 | steps/50 RT≈1.474e9
Completed MUCA iteration 150/200 | accept=0.3126 | flatness max/mean=1.536 | roundtrips=25 | steps/50 RT≈1.2e9
Completed MUCA iteration 160/200 | accept=0.3108 | flatness max/mean=1.766 | roundtrips=17 | steps/50 RT≈1.882e9
Completed MUCA iteration 170/200 | accept=0.3113 | flatness max/mean=1.518 | roundtrips=27 | steps/50 RT≈1.259e9
Completed MUCA iteration 180/200 | accept=0.3137 | flatness max/mean=1.402 | roundtrips=26 | steps/50 RT≈1.385e9
Completed MUCA iteration 190/200 | accept=0.3122 | flatness max/mean=1.341 | roundtrips=42 | steps/50 RT≈9.048e8
Completed MUCA iteration 200/200 | accept=0.3147 | flatness max/mean=1.284 | roundtrips=33 | steps/50 RT≈1.212e9
MUCA complete for D=0.025 | elapsed=323181.0s | total sweeps≈106000000000 | final roundtrips=33 | final avg roundtrips/chain=0.2578
Early-stop condition was not reached.

Production case: D=0.025 | chains=128 | total samples=55000000000 | proposal Δξ block=0.05 | proposal Δξ local=0.8 | whole-path endpoint windows=all,x_gt0,x_gt_0p5 | path filter x(t)>-1.0
Whole-path production observation stride = 1000
Whole-path histogram time stride = 1 (all integration points counted)
Production complete for D=0.025 | elapsed=106601.7s | reweighted samples=55000000000/55000000000 | overall ESS=6.049719648712332e9 | ESS/N=0.10999490270386057 | aggregate roundtrips=3994
Endpoint-window diagnostics:
  -1 ≤ x(T) < 0
    biased samples in window     = 24677205938
    reweighted samples in window = 24677205938
    conditional ESS              = 3.2413780014520993e9
    out of range yT/meanY/intY/xTyT = 185246/0/0/185246
  x(T) > 0
    biased samples in window     = 23992126978
    reweighted samples in window = 23992126978
    conditional ESS              = 3.131119083027151e9
    out of range yT/meanY/intY/xTyT = 644483/0/0/644483
  x(T) > 0.5
    biased samples in window     = 12446097835
    reweighted samples in window = 12446097835
    conditional ESS              = 2.804861733432584e9
    out of range yT/meanY/intY/xTyT = 245626/0/0/245626
  all endpoints
    biased samples in window     = 55000000000
    reweighted samples in window = 55000000000
    conditional ESS              = 6.049719648712332e9
    out of range yT/meanY/intY/xTyT = 829729/0/0/829729
Whole-path endpoint-window diagnostics (kept points satisfy x(t)>-1.0):
  all endpoints
    selected trajectories biased/unbiased = 54999936/54999936
    out of range path y/xy biased = 761862/761862
    out of range path y/xy unbiased = 761862/761862
  x(T) > 0
    selected trajectories biased/unbiased = 23993383/23993383
    out of range path y/xy biased = 673413/673413
    out of range path y/xy unbiased = 673413/673413
  x(T) > 0.5
    selected trajectories biased/unbiased = 12448488/12448488
    out of range path y/xy biased = 383201/383201
    out of range path y/xy unbiased = 383201/383201
Saved case file: data/fixed_D0p025_speed_landscape/v_0p335/abp_endpoint_conditioned_D0p025.jld2
Exported data CSV files for abp_endpoint_conditioned_D0p025.jld2 to data/fixed_D0p025_speed_landscape/v_0p335/data/abp_endpoint_conditioned_D0p025
Roundtrip scaling data saved:
  data/fixed_D0p025_speed_landscape/v_0p335/data/roundtrip_scaling_rows.csv
  data/fixed_D0p025_speed_landscape/v_0p335/data/roundtrip_scaling_power_law_fit.csv
  steps ≈ NaN * (1/D)^NaN | R²=NaN | n=1
Done sweep.
JLD2 result files:
  data/fixed_D0p025_speed_landscape/v_0p335/abp_endpoint_conditioned_D0p025.jld2
CSV/data export files:
  data/fixed_D0p025_speed_landscape/v_0p335/data/abp_endpoint_conditioned_D0p025/muca_last_histogram_logweights.csv
  data/fixed_D0p025_speed_landscape/v_0p335/data/abp_endpoint_conditioned_D0p025/muca_iteration_diagnostics.csv
  data/fixed_D0p025_speed_landscape/v_0p335/data/abp_endpoint_conditioned_D0p025/production_roundtrip_trace.csv
  data/fixed_D0p025_speed_landscape/v_0p335/data/abp_endpoint_conditioned_D0p025/production_roundtrip_aggregate.csv
  data/fixed_D0p025_speed_landscape/v_0p335/data/abp_endpoint_conditioned_D0p025/hist_endpoint_x_T.csv
  data/fixed_D0p025_speed_landscape/v_0p335/data/abp_endpoint_conditioned_D0p025/endpoint_all_filtered_path_y.csv
  data/fixed_D0p025_speed_landscape/v_0p335/data/abp_endpoint_conditioned_D0p025/endpoint_all_filtered_path_x_y_long.csv
  data/fixed_D0p025_speed_landscape/v_0p335/data/abp_endpoint_conditioned_D0p025/endpoint_x_gt0_filtered_path_y.csv
  data/fixed_D0p025_speed_landscape/v_0p335/data/abp_endpoint_conditioned_D0p025/endpoint_x_gt0_filtered_path_x_y_long.csv
  data/fixed_D0p025_speed_landscape/v_0p335/data/abp_endpoint_conditioned_D0p025/endpoint_x_gt_0p5_filtered_path_y.csv
  data/fixed_D0p025_speed_landscape/v_0p335/data/abp_endpoint_conditioned_D0p025/endpoint_x_gt_0p5_filtered_path_x_y_long.csv
  data/fixed_D0p025_speed_landscape/v_0p335/data/abp_endpoint_conditioned_D0p025/endpoint_x_gt_0p5_trajectory_summary.csv
  data/fixed_D0p025_speed_landscape/v_0p335/data/abp_endpoint_conditioned_D0p025/endpoint_x_gt_0p5_average_trajectory.csv
  data/fixed_D0p025_speed_landscape/v_0p335/data/abp_endpoint_conditioned_D0p025/conditional_x_m1_0_one_dimensional_histograms.csv
  data/fixed_D0p025_speed_landscape/v_0p335/data/abp_endpoint_conditioned_D0p025/conditional_x_gt0_one_dimensional_histograms.csv
  data/fixed_D0p025_speed_landscape/v_0p335/data/abp_endpoint_conditioned_D0p025/conditional_x_gt_0p5_one_dimensional_histograms.csv
  data/fixed_D0p025_speed_landscape/v_0p335/data/abp_endpoint_conditioned_D0p025/conditional_all_one_dimensional_histograms.csv
  data/fixed_D0p025_speed_landscape/v_0p335/data/abp_endpoint_conditioned_D0p025/case_summary.csv
  data/fixed_D0p025_speed_landscape/v_0p335/data/roundtrip_scaling_rows.csv
  data/fixed_D0p025_speed_landscape/v_0p335/data/roundtrip_scaling_power_law_fit.csv

SUCCESS: MUCA and production completed for v = 0.335
Main result: data/fixed_D0p025_speed_landscape/v_0p335/abp_endpoint_conditioned_D0p025.jld2
CSV files written: 20
ERROR: expected one JLD2 result, found 0
