============================================================
ABP T-D sweep array task
============================================================
Project:                         /home/nst/amarin/Desktop/ABP_Rare_Events/ABPNoiseSweep
Array job ID:                    1370499
Array task ID:                   3
T index, D index:                1, 0
Trajectory T:                    20
Noise D:                         0.5
Julia executable:                /home/nst/amarin/.julia/juliaup/julia-1.12.6+0.x64.linux.gnu/bin/julia
Julia threads:                   128
Task output directory:           /home/nst/amarin/Desktop/ABP_Rare_Events/ABPNoiseSweep/data/abp_TD_sweep_1370499/task_3_T20_D0p5
Combined output directory:       /home/nst/amarin/Desktop/ABP_Rare_Events/ABPNoiseSweep/data/abp_TD_sweep_1370499/combined
MUCA iterations:                 80
MUCA steps per iteration:        100000000
MUCA thermalization:             300000
D scaling reference:             0.1
Scale n_iter with D:             true
Roundtrip target fraction:       0.5
Roundtrip consecutive hits:      3
Production observations:         100000000
Production chains:               128
Production stride:               10000
Production roundtrip stride:     10000
Path-observation stride:         100
Path-time stride:                5
Path x(t) minimum:               -0.6
============================================================
julia version 1.12.6
============================================================
ABP noise sweep cluster script
Started at: 2026-06-29 18:22:22
Active project: /home/nst/amarin/Desktop/ABP_Rare_Events/ABPNoiseSweep/Project.toml
Julia threads: 128
CPU threads visible to Julia: 128
Hostname: nariman19
============================================================
Configuration:
  D_values = [0.5]
  move_weights [reflection, theta0, block, local] = [0.0, 0.05, 0.55, 0.4]
  trajectory_T = 20.0 | dt = 0.01 | v = 0.39
  potential_active = true
  n_iter = 80
  n_iter_steps_per_iter = 100000000 final-iteration sampling moves across chains
  n_therm_muca = 300000
  D_scaling_reference = 0.1
  scale_n_iter_with_D = true
  block_dxi = 0.05
  local_dxi = 0.8
  n_prod_obs_total = 100000000
  n_prod_chains = 128
  path_observation_stride = 100
  path_time_stride = 5
  path_filter_x_min = -0.6
  save_movie_paths = false
  roundtrip_target = 50
  roundtrip_avg_target_fraction = 0.5
  roundtrip_convergence_hits = 3
  output_dir = /home/nst/amarin/Desktop/ABP_Rare_Events/ABPNoiseSweep/data/abp_TD_sweep_1370499/task_3_T20_D0p5
  save_csv = true
  save_plots = false (ignored by data-only script)
Derived MUCA iteration schedule:
  Formula: n_iter_effective(D) = round(n_iter * sqrt(D_scaling_reference / D))
  n_iter = 80
  D_scaling_reference = 0.1
  scale_n_iter_with_D = true
  D=0.5 | factor=0.44721 | effective n_iter=36 | final-iteration sampling moves≈100000000 | total sampling moves over MUCA ramp≈1850000000
Running ABP noise sweep.
trajectory_T = 20.0 (physical integration time)
D values = [0.5]
move weights [reflection, theta0, block, local] = [0.0, 0.05, 0.55, 0.4]
Output dir = /home/nst/amarin/Desktop/ABP_Rare_Events/ABPNoiseSweep/data/abp_TD_sweep_1370499/task_3_T20_D0p5

============================================================
MUCA case: D=0.5 Dt=Dr
trajectory_T=20.0 | tail_temperature=1.0 | slope=-1.0
D scaling reference=0.1 | n_iter factor=0.4472 | effective n_iter=36
proposal Δξ block=0.05 | proposal Δξ local=0.8 | move weights=[0.0, 0.05, 0.55, 0.4]
chains=128 | bins=[-1.8, 1.5] | dbias=0.025
early-stop target: average roundtrips per chain ≥ 64.0 for 3 straight iterations
============================================================
Completed MUCA iteration 10/36 | accept=0.3362 | flatness max/mean=1.089 | roundtrips=4539 | steps/50 RT≈306000.0
Completed MUCA iteration 20/36 | accept=0.3362 | flatness max/mean=1.085 | roundtrips=8509 | steps/50 RT≈326500.0
Stopping MUCA early at iteration 21 | avg roundtrips/chain=75.9297 | target=64.0 | consecutive hits=3
MUCA complete for D=0.5 | elapsed=4394.5s | total sweeps≈1448066560 | final roundtrips=9719 | final avg roundtrips/chain=75.9297
Early-stop condition met at iteration 21 after 3 consecutive hits.

Production case: D=0.5 | chains=128 | total samples=100000000 | proposal Δξ block=0.05 | proposal Δξ local=0.8 | whole-path endpoint windows=all,x_gt0,x_gt_0p5 | path filter x(t)>-0.6
Whole-path production observation stride = 100
Whole-path histogram time stride = 5 (subsampled time points)
Production complete for D=0.5 | elapsed=239.2s | reweighted samples=99218750/100000000 | overall ESS=8.426077489151347e7 | ESS/N=0.8426077489151347 | aggregate roundtrips=16167
Endpoint-window diagnostics:
  -1 ≤ x(T) < 0
    biased samples in window     = 35598317
    reweighted samples in window = 35598317
    conditional ESS              = 2.9144726656636164e7
    out of range yT/meanY/intY/xTyT = 4759685/128639/129092/4759685
  x(T) > 0
    biased samples in window     = 47628618
    reweighted samples in window = 47628618
    conditional ESS              = 4.02407776136161e7
    out of range yT/meanY/intY/xTyT = 5994738/156365/157034/5994738
  x(T) > 0.5
    biased samples in window     = 29886467
    reweighted samples in window = 29886467
    conditional ESS              = 2.8818684533599876e7
    out of range yT/meanY/intY/xTyT = 3287771/85209/85574/3287771
  all endpoints
    biased samples in window     = 100000000
    reweighted samples in window = 99218750
    conditional ESS              = 8.426077489151347e7
    out of range yT/meanY/intY/xTyT = 13514568/346441/347736/13514568
Whole-path endpoint-window diagnostics (kept points satisfy x(t)>-0.6):
  all endpoints
    selected trajectories biased/unbiased = 999936/992124
    out of range path y/xy biased = 25989229/28187337
    out of range path y/xy unbiased = 25208029/27406137
  x(T) > 0
    selected trajectories biased/unbiased = 475931/475931
    out of range path y/xy biased = 13045115/14309787
    out of range path y/xy unbiased = 13045115/14309787
  x(T) > 0.5
    selected trajectories biased/unbiased = 298110/298110
    out of range path y/xy biased = 8176379/9015541
    out of range path y/xy unbiased = 8176379/9015541
Saved case file: /home/nst/amarin/Desktop/ABP_Rare_Events/ABPNoiseSweep/data/abp_TD_sweep_1370499/task_3_T20_D0p5/abp_endpoint_conditioned_D0p5.jld2
Exported data CSV files for abp_endpoint_conditioned_D0p5.jld2 to /home/nst/amarin/Desktop/ABP_Rare_Events/ABPNoiseSweep/data/abp_TD_sweep_1370499/task_3_T20_D0p5/data/abp_endpoint_conditioned_D0p5
Roundtrip scaling data saved:
  /home/nst/amarin/Desktop/ABP_Rare_Events/ABPNoiseSweep/data/abp_TD_sweep_1370499/task_3_T20_D0p5/data/roundtrip_scaling_rows.csv
  /home/nst/amarin/Desktop/ABP_Rare_Events/ABPNoiseSweep/data/abp_TD_sweep_1370499/task_3_T20_D0p5/data/roundtrip_scaling_power_law_fit.csv
  steps ≈ NaN * (1/D)^NaN | R²=NaN | n=1
Done sweep.
JLD2 result files:
  /home/nst/amarin/Desktop/ABP_Rare_Events/ABPNoiseSweep/data/abp_TD_sweep_1370499/task_3_T20_D0p5/abp_endpoint_conditioned_D0p5.jld2
CSV/data export files:
  /home/nst/amarin/Desktop/ABP_Rare_Events/ABPNoiseSweep/data/abp_TD_sweep_1370499/task_3_T20_D0p5/data/abp_endpoint_conditioned_D0p5/muca_last_histogram_logweights.csv
  /home/nst/amarin/Desktop/ABP_Rare_Events/ABPNoiseSweep/data/abp_TD_sweep_1370499/task_3_T20_D0p5/data/abp_endpoint_conditioned_D0p5/muca_iteration_diagnostics.csv
  /home/nst/amarin/Desktop/ABP_Rare_Events/ABPNoiseSweep/data/abp_TD_sweep_1370499/task_3_T20_D0p5/data/abp_endpoint_conditioned_D0p5/production_roundtrip_trace.csv
  /home/nst/amarin/Desktop/ABP_Rare_Events/ABPNoiseSweep/data/abp_TD_sweep_1370499/task_3_T20_D0p5/data/abp_endpoint_conditioned_D0p5/production_roundtrip_aggregate.csv
  /home/nst/amarin/Desktop/ABP_Rare_Events/ABPNoiseSweep/data/abp_TD_sweep_1370499/task_3_T20_D0p5/data/abp_endpoint_conditioned_D0p5/hist_endpoint_x_T.csv
  /home/nst/amarin/Desktop/ABP_Rare_Events/ABPNoiseSweep/data/abp_TD_sweep_1370499/task_3_T20_D0p5/data/abp_endpoint_conditioned_D0p5/endpoint_all_filtered_path_y.csv
  /home/nst/amarin/Desktop/ABP_Rare_Events/ABPNoiseSweep/data/abp_TD_sweep_1370499/task_3_T20_D0p5/data/abp_endpoint_conditioned_D0p5/endpoint_all_filtered_path_x_y_long.csv
  /home/nst/amarin/Desktop/ABP_Rare_Events/ABPNoiseSweep/data/abp_TD_sweep_1370499/task_3_T20_D0p5/data/abp_endpoint_conditioned_D0p5/endpoint_x_gt0_filtered_path_y.csv
  /home/nst/amarin/Desktop/ABP_Rare_Events/ABPNoiseSweep/data/abp_TD_sweep_1370499/task_3_T20_D0p5/data/abp_endpoint_conditioned_D0p5/endpoint_x_gt0_filtered_path_x_y_long.csv
  /home/nst/amarin/Desktop/ABP_Rare_Events/ABPNoiseSweep/data/abp_TD_sweep_1370499/task_3_T20_D0p5/data/abp_endpoint_conditioned_D0p5/endpoint_x_gt_0p5_filtered_path_y.csv
  /home/nst/amarin/Desktop/ABP_Rare_Events/ABPNoiseSweep/data/abp_TD_sweep_1370499/task_3_T20_D0p5/data/abp_endpoint_conditioned_D0p5/endpoint_x_gt_0p5_filtered_path_x_y_long.csv
  /home/nst/amarin/Desktop/ABP_Rare_Events/ABPNoiseSweep/data/abp_TD_sweep_1370499/task_3_T20_D0p5/data/abp_endpoint_conditioned_D0p5/endpoint_x_gt_0p5_trajectory_summary.csv
  /home/nst/amarin/Desktop/ABP_Rare_Events/ABPNoiseSweep/data/abp_TD_sweep_1370499/task_3_T20_D0p5/data/abp_endpoint_conditioned_D0p5/endpoint_x_gt_0p5_average_trajectory.csv
  /home/nst/amarin/Desktop/ABP_Rare_Events/ABPNoiseSweep/data/abp_TD_sweep_1370499/task_3_T20_D0p5/data/abp_endpoint_conditioned_D0p5/conditional_x_m1_0_one_dimensional_histograms.csv
  /home/nst/amarin/Desktop/ABP_Rare_Events/ABPNoiseSweep/data/abp_TD_sweep_1370499/task_3_T20_D0p5/data/abp_endpoint_conditioned_D0p5/conditional_x_gt0_one_dimensional_histograms.csv
  /home/nst/amarin/Desktop/ABP_Rare_Events/ABPNoiseSweep/data/abp_TD_sweep_1370499/task_3_T20_D0p5/data/abp_endpoint_conditioned_D0p5/conditional_x_gt_0p5_one_dimensional_histograms.csv
  /home/nst/amarin/Desktop/ABP_Rare_Events/ABPNoiseSweep/data/abp_TD_sweep_1370499/task_3_T20_D0p5/data/abp_endpoint_conditioned_D0p5/conditional_all_one_dimensional_histograms.csv
  /home/nst/amarin/Desktop/ABP_Rare_Events/ABPNoiseSweep/data/abp_TD_sweep_1370499/task_3_T20_D0p5/data/abp_endpoint_conditioned_D0p5/case_summary.csv
  /home/nst/amarin/Desktop/ABP_Rare_Events/ABPNoiseSweep/data/abp_TD_sweep_1370499/task_3_T20_D0p5/data/roundtrip_scaling_rows.csv
  /home/nst/amarin/Desktop/ABP_Rare_Events/ABPNoiseSweep/data/abp_TD_sweep_1370499/task_3_T20_D0p5/data/roundtrip_scaling_power_law_fit.csv
Finished at: 2026-06-29 19:39:50
============================================================
Completed ABP T-D sweep task
============================================================
Trajectory T:                    20
Noise D:                         0.5
Array task:                      3
Case directories copied:         1
JLD2 files copied:               1
Task output:                     /home/nst/amarin/Desktop/ABP_Rare_Events/ABPNoiseSweep/data/abp_TD_sweep_1370499/task_3_T20_D0p5
Combined output:                 /home/nst/amarin/Desktop/ABP_Rare_Events/ABPNoiseSweep/data/abp_TD_sweep_1370499/combined
============================================================
