============================================================
Fixed-noise low-speed task: MUCA -> production
D = 0.025 | v = 0.310 | array task = 4
Job ID = 1700987
Threads = 128
MUCA iterations = 200
MUCA final-iteration moves = 800000000
Production moves = 55000000000
Production chains = 128
Path-observation stride = 1000
Path filter x(t) > -1.0
Task output = /home/nst/amarin/Desktop/ABP_Rare_Events/ABPNoiseSweep/data/abp_speed_D0p025_array_1700987/task_4_v0p310
Runner = /home/nst/amarin/Desktop/ABP_Rare_Events/ABPNoiseSweep/scripts/run_fixed_D_speed_landscape.jl
============================================================
============================================================
Fixed-noise ABP speed landscape: MUCA -> production
D = Dt = Dr = 0.025 | v = 0.31
Julia threads = 128
MUCA iterations = 200
Approximate total MUCA sampling moves = 80400000000
Production moves = 55000000000
Production chains = 128
Path-observation stride = 1000
Output = /home/nst/amarin/Desktop/ABP_Rare_Events/ABPNoiseSweep/data/abp_speed_D0p025_array_1700987/task_4_v0p310
============================================================
Running ABP noise sweep.
trajectory_T = 40.0 (physical integration time)
D values = [0.025]
move weights [reflection, theta0, block, local] = [0.0, 0.05, 0.55, 0.4]
Output dir = /home/nst/amarin/Desktop/ABP_Rare_Events/ABPNoiseSweep/data/abp_speed_D0p025_array_1700987/task_4_v0p310

============================================================
MUCA case: D=0.025 Dt=Dr
trajectory_T=40.0 | tail_temperature=2.0 | slope=-0.5
D scaling reference=0.025 | n_iter factor=1.0 | effective n_iter=200
proposal Δξ block=0.05 | proposal Δξ local=0.8 | move weights=[0.0, 0.05, 0.55, 0.4]
chains=128 | bins=[-1.8, 1.5] | dbias=0.05
early-stop target: average roundtrips per chain ≥ 128.0 for 3 straight iterations
============================================================
Completed MUCA iteration 10/200 | accept=0.3121 | flatness max/mean=4.409 | roundtrips=0 | steps/50 RT≈Inf
Completed MUCA iteration 20/200 | accept=0.3087 | flatness max/mean=3.198 | roundtrips=0 | steps/50 RT≈Inf
Completed MUCA iteration 30/200 | accept=0.3134 | flatness max/mean=2.582 | roundtrips=2 | steps/50 RT≈3.0e9
Completed MUCA iteration 40/200 | accept=0.3129 | flatness max/mean=1.9 | roundtrips=2 | steps/50 RT≈4.0e9
Completed MUCA iteration 50/200 | accept=0.3141 | flatness max/mean=1.409 | roundtrips=0 | steps/50 RT≈Inf
Completed MUCA iteration 60/200 | accept=0.3124 | flatness max/mean=1.316 | roundtrips=4 | steps/50 RT≈3.0e9
Completed MUCA iteration 70/200 | accept=0.3128 | flatness max/mean=1.171 | roundtrips=4 | steps/50 RT≈3.5e9
Completed MUCA iteration 80/200 | accept=0.3176 | flatness max/mean=1.224 | roundtrips=12 | steps/50 RT≈1.333e9
Completed MUCA iteration 90/200 | accept=0.3137 | flatness max/mean=1.299 | roundtrips=8 | steps/50 RT≈2.25e9
Completed MUCA iteration 100/200 | accept=0.3144 | flatness max/mean=1.255 | roundtrips=6 | steps/50 RT≈3.333e9
Completed MUCA iteration 110/200 | accept=0.3145 | flatness max/mean=1.309 | roundtrips=14 | steps/50 RT≈1.571e9
Completed MUCA iteration 120/200 | accept=0.3154 | flatness max/mean=1.539 | roundtrips=8 | steps/50 RT≈3.0e9
Completed MUCA iteration 130/200 | accept=0.3162 | flatness max/mean=1.303 | roundtrips=23 | steps/50 RT≈1.13e9
Completed MUCA iteration 140/200 | accept=0.3155 | flatness max/mean=1.232 | roundtrips=19 | steps/50 RT≈1.474e9
Completed MUCA iteration 150/200 | accept=0.3138 | flatness max/mean=1.493 | roundtrips=18 | steps/50 RT≈1.667e9
Completed MUCA iteration 160/200 | accept=0.315 | flatness max/mean=1.082 | roundtrips=23 | steps/50 RT≈1.391e9
Completed MUCA iteration 170/200 | accept=0.3129 | flatness max/mean=1.159 | roundtrips=21 | steps/50 RT≈1.619e9
Completed MUCA iteration 180/200 | accept=0.3143 | flatness max/mean=1.474 | roundtrips=23 | steps/50 RT≈1.565e9
Completed MUCA iteration 190/200 | accept=0.3167 | flatness max/mean=1.13 | roundtrips=48 | steps/50 RT≈7.917e8
Completed MUCA iteration 200/200 | accept=0.311 | flatness max/mean=1.456 | roundtrips=29 | steps/50 RT≈1.379e9
MUCA complete for D=0.025 | elapsed=468372.5s | total sweeps≈106000000000 | final roundtrips=29 | final avg roundtrips/chain=0.2266
Early-stop condition was not reached.

Production case: D=0.025 | chains=128 | total samples=55000000000 | proposal Δξ block=0.05 | proposal Δξ local=0.8 | whole-path endpoint windows=all,x_gt0,x_gt_0p5 | path filter x(t)>-1.0
Whole-path production observation stride = 1000
Whole-path histogram time stride = 1 (all integration points counted)
Production complete for D=0.025 | elapsed=106469.0s | reweighted samples=55000000000/55000000000 | overall ESS=5.687662008138132e9 | ESS/N=0.1034120365116024 | aggregate roundtrips=3619
Endpoint-window diagnostics:
  -1 ≤ x(T) < 0
    biased samples in window     = 23445753582
    reweighted samples in window = 23445753582
    conditional ESS              = 3.020696063312338e9
    out of range yT/meanY/intY/xTyT = 46121/0/0/46121
  x(T) > 0
    biased samples in window     = 25471897105
    reweighted samples in window = 25471897105
    conditional ESS              = 4.1026038425441394e9
    out of range yT/meanY/intY/xTyT = 228791/0/0/228791
  x(T) > 0.5
    biased samples in window     = 14103916606
    reweighted samples in window = 14103916606
    conditional ESS              = 3.6825447054270134e9
    out of range yT/meanY/intY/xTyT = 90872/0/0/90872
  all endpoints
    biased samples in window     = 55000000000
    reweighted samples in window = 55000000000
    conditional ESS              = 5.687662008138132e9
    out of range yT/meanY/intY/xTyT = 274912/0/0/274912
Whole-path endpoint-window diagnostics (kept points satisfy x(t)>-1.0):
  all endpoints
    selected trajectories biased/unbiased = 54999936/54999936
    out of range path y/xy biased = 225757/225757
    out of range path y/xy unbiased = 225757/225757
  x(T) > 0
    selected trajectories biased/unbiased = 25472390/25472390
    out of range path y/xy biased = 202532/202532
    out of range path y/xy unbiased = 202532/202532
  x(T) > 0.5
    selected trajectories biased/unbiased = 14105555/14105555
    out of range path y/xy biased = 117159/117159
    out of range path y/xy unbiased = 117159/117159
Saved case file: /home/nst/amarin/Desktop/ABP_Rare_Events/ABPNoiseSweep/data/abp_speed_D0p025_array_1700987/task_4_v0p310/abp_endpoint_conditioned_D0p025.jld2
Exported data CSV files for abp_endpoint_conditioned_D0p025.jld2 to /home/nst/amarin/Desktop/ABP_Rare_Events/ABPNoiseSweep/data/abp_speed_D0p025_array_1700987/task_4_v0p310/data/abp_endpoint_conditioned_D0p025
Roundtrip scaling data saved:
  /home/nst/amarin/Desktop/ABP_Rare_Events/ABPNoiseSweep/data/abp_speed_D0p025_array_1700987/task_4_v0p310/data/roundtrip_scaling_rows.csv
  /home/nst/amarin/Desktop/ABP_Rare_Events/ABPNoiseSweep/data/abp_speed_D0p025_array_1700987/task_4_v0p310/data/roundtrip_scaling_power_law_fit.csv
  steps ≈ NaN * (1/D)^NaN | R²=NaN | n=1
Done sweep.
JLD2 result files:
  /home/nst/amarin/Desktop/ABP_Rare_Events/ABPNoiseSweep/data/abp_speed_D0p025_array_1700987/task_4_v0p310/abp_endpoint_conditioned_D0p025.jld2
CSV/data export files:
  /home/nst/amarin/Desktop/ABP_Rare_Events/ABPNoiseSweep/data/abp_speed_D0p025_array_1700987/task_4_v0p310/data/abp_endpoint_conditioned_D0p025/muca_last_histogram_logweights.csv
  /home/nst/amarin/Desktop/ABP_Rare_Events/ABPNoiseSweep/data/abp_speed_D0p025_array_1700987/task_4_v0p310/data/abp_endpoint_conditioned_D0p025/muca_iteration_diagnostics.csv
  /home/nst/amarin/Desktop/ABP_Rare_Events/ABPNoiseSweep/data/abp_speed_D0p025_array_1700987/task_4_v0p310/data/abp_endpoint_conditioned_D0p025/production_roundtrip_trace.csv
  /home/nst/amarin/Desktop/ABP_Rare_Events/ABPNoiseSweep/data/abp_speed_D0p025_array_1700987/task_4_v0p310/data/abp_endpoint_conditioned_D0p025/production_roundtrip_aggregate.csv
  /home/nst/amarin/Desktop/ABP_Rare_Events/ABPNoiseSweep/data/abp_speed_D0p025_array_1700987/task_4_v0p310/data/abp_endpoint_conditioned_D0p025/hist_endpoint_x_T.csv
  /home/nst/amarin/Desktop/ABP_Rare_Events/ABPNoiseSweep/data/abp_speed_D0p025_array_1700987/task_4_v0p310/data/abp_endpoint_conditioned_D0p025/endpoint_all_filtered_path_y.csv
  /home/nst/amarin/Desktop/ABP_Rare_Events/ABPNoiseSweep/data/abp_speed_D0p025_array_1700987/task_4_v0p310/data/abp_endpoint_conditioned_D0p025/endpoint_all_filtered_path_x_y_long.csv
  /home/nst/amarin/Desktop/ABP_Rare_Events/ABPNoiseSweep/data/abp_speed_D0p025_array_1700987/task_4_v0p310/data/abp_endpoint_conditioned_D0p025/endpoint_x_gt0_filtered_path_y.csv
  /home/nst/amarin/Desktop/ABP_Rare_Events/ABPNoiseSweep/data/abp_speed_D0p025_array_1700987/task_4_v0p310/data/abp_endpoint_conditioned_D0p025/endpoint_x_gt0_filtered_path_x_y_long.csv
  /home/nst/amarin/Desktop/ABP_Rare_Events/ABPNoiseSweep/data/abp_speed_D0p025_array_1700987/task_4_v0p310/data/abp_endpoint_conditioned_D0p025/endpoint_x_gt_0p5_filtered_path_y.csv
  /home/nst/amarin/Desktop/ABP_Rare_Events/ABPNoiseSweep/data/abp_speed_D0p025_array_1700987/task_4_v0p310/data/abp_endpoint_conditioned_D0p025/endpoint_x_gt_0p5_filtered_path_x_y_long.csv
  /home/nst/amarin/Desktop/ABP_Rare_Events/ABPNoiseSweep/data/abp_speed_D0p025_array_1700987/task_4_v0p310/data/abp_endpoint_conditioned_D0p025/endpoint_x_gt_0p5_trajectory_summary.csv
  /home/nst/amarin/Desktop/ABP_Rare_Events/ABPNoiseSweep/data/abp_speed_D0p025_array_1700987/task_4_v0p310/data/abp_endpoint_conditioned_D0p025/endpoint_x_gt_0p5_average_trajectory.csv
  /home/nst/amarin/Desktop/ABP_Rare_Events/ABPNoiseSweep/data/abp_speed_D0p025_array_1700987/task_4_v0p310/data/abp_endpoint_conditioned_D0p025/conditional_x_m1_0_one_dimensional_histograms.csv
  /home/nst/amarin/Desktop/ABP_Rare_Events/ABPNoiseSweep/data/abp_speed_D0p025_array_1700987/task_4_v0p310/data/abp_endpoint_conditioned_D0p025/conditional_x_gt0_one_dimensional_histograms.csv
  /home/nst/amarin/Desktop/ABP_Rare_Events/ABPNoiseSweep/data/abp_speed_D0p025_array_1700987/task_4_v0p310/data/abp_endpoint_conditioned_D0p025/conditional_x_gt_0p5_one_dimensional_histograms.csv
  /home/nst/amarin/Desktop/ABP_Rare_Events/ABPNoiseSweep/data/abp_speed_D0p025_array_1700987/task_4_v0p310/data/abp_endpoint_conditioned_D0p025/conditional_all_one_dimensional_histograms.csv
  /home/nst/amarin/Desktop/ABP_Rare_Events/ABPNoiseSweep/data/abp_speed_D0p025_array_1700987/task_4_v0p310/data/abp_endpoint_conditioned_D0p025/case_summary.csv
  /home/nst/amarin/Desktop/ABP_Rare_Events/ABPNoiseSweep/data/abp_speed_D0p025_array_1700987/task_4_v0p310/data/roundtrip_scaling_rows.csv
  /home/nst/amarin/Desktop/ABP_Rare_Events/ABPNoiseSweep/data/abp_speed_D0p025_array_1700987/task_4_v0p310/data/roundtrip_scaling_power_law_fit.csv

SUCCESS: MUCA and production completed for v = 0.31
Main result: /home/nst/amarin/Desktop/ABP_Rare_Events/ABPNoiseSweep/data/abp_speed_D0p025_array_1700987/task_4_v0p310/abp_endpoint_conditioned_D0p025.jld2
CSV files written: 20

Produced files:
/home/nst/amarin/Desktop/ABP_Rare_Events/ABPNoiseSweep/data/abp_speed_D0p025_array_1700987/task_4_v0p310/abp_endpoint_conditioned_D0p025.jld2
/home/nst/amarin/Desktop/ABP_Rare_Events/ABPNoiseSweep/data/abp_speed_D0p025_array_1700987/task_4_v0p310/data/abp_endpoint_conditioned_D0p025/case_summary.csv
/home/nst/amarin/Desktop/ABP_Rare_Events/ABPNoiseSweep/data/abp_speed_D0p025_array_1700987/task_4_v0p310/data/abp_endpoint_conditioned_D0p025/conditional_all_one_dimensional_histograms.csv
/home/nst/amarin/Desktop/ABP_Rare_Events/ABPNoiseSweep/data/abp_speed_D0p025_array_1700987/task_4_v0p310/data/abp_endpoint_conditioned_D0p025/conditional_x_gt0_one_dimensional_histograms.csv
/home/nst/amarin/Desktop/ABP_Rare_Events/ABPNoiseSweep/data/abp_speed_D0p025_array_1700987/task_4_v0p310/data/abp_endpoint_conditioned_D0p025/conditional_x_gt_0p5_one_dimensional_histograms.csv
/home/nst/amarin/Desktop/ABP_Rare_Events/ABPNoiseSweep/data/abp_speed_D0p025_array_1700987/task_4_v0p310/data/abp_endpoint_conditioned_D0p025/conditional_x_m1_0_one_dimensional_histograms.csv
/home/nst/amarin/Desktop/ABP_Rare_Events/ABPNoiseSweep/data/abp_speed_D0p025_array_1700987/task_4_v0p310/data/abp_endpoint_conditioned_D0p025/endpoint_all_filtered_path_x_y_long.csv
/home/nst/amarin/Desktop/ABP_Rare_Events/ABPNoiseSweep/data/abp_speed_D0p025_array_1700987/task_4_v0p310/data/abp_endpoint_conditioned_D0p025/endpoint_all_filtered_path_y.csv
/home/nst/amarin/Desktop/ABP_Rare_Events/ABPNoiseSweep/data/abp_speed_D0p025_array_1700987/task_4_v0p310/data/abp_endpoint_conditioned_D0p025/endpoint_x_gt0_filtered_path_x_y_long.csv
/home/nst/amarin/Desktop/ABP_Rare_Events/ABPNoiseSweep/data/abp_speed_D0p025_array_1700987/task_4_v0p310/data/abp_endpoint_conditioned_D0p025/endpoint_x_gt0_filtered_path_y.csv
/home/nst/amarin/Desktop/ABP_Rare_Events/ABPNoiseSweep/data/abp_speed_D0p025_array_1700987/task_4_v0p310/data/abp_endpoint_conditioned_D0p025/endpoint_x_gt_0p5_average_trajectory.csv
/home/nst/amarin/Desktop/ABP_Rare_Events/ABPNoiseSweep/data/abp_speed_D0p025_array_1700987/task_4_v0p310/data/abp_endpoint_conditioned_D0p025/endpoint_x_gt_0p5_filtered_path_x_y_long.csv
/home/nst/amarin/Desktop/ABP_Rare_Events/ABPNoiseSweep/data/abp_speed_D0p025_array_1700987/task_4_v0p310/data/abp_endpoint_conditioned_D0p025/endpoint_x_gt_0p5_filtered_path_y.csv
/home/nst/amarin/Desktop/ABP_Rare_Events/ABPNoiseSweep/data/abp_speed_D0p025_array_1700987/task_4_v0p310/data/abp_endpoint_conditioned_D0p025/endpoint_x_gt_0p5_trajectory_summary.csv
/home/nst/amarin/Desktop/ABP_Rare_Events/ABPNoiseSweep/data/abp_speed_D0p025_array_1700987/task_4_v0p310/data/abp_endpoint_conditioned_D0p025/hist_endpoint_x_T.csv
/home/nst/amarin/Desktop/ABP_Rare_Events/ABPNoiseSweep/data/abp_speed_D0p025_array_1700987/task_4_v0p310/data/abp_endpoint_conditioned_D0p025/muca_iteration_diagnostics.csv
/home/nst/amarin/Desktop/ABP_Rare_Events/ABPNoiseSweep/data/abp_speed_D0p025_array_1700987/task_4_v0p310/data/abp_endpoint_conditioned_D0p025/muca_last_histogram_logweights.csv
/home/nst/amarin/Desktop/ABP_Rare_Events/ABPNoiseSweep/data/abp_speed_D0p025_array_1700987/task_4_v0p310/data/abp_endpoint_conditioned_D0p025/production_roundtrip_aggregate.csv
/home/nst/amarin/Desktop/ABP_Rare_Events/ABPNoiseSweep/data/abp_speed_D0p025_array_1700987/task_4_v0p310/data/abp_endpoint_conditioned_D0p025/production_roundtrip_trace.csv
/home/nst/amarin/Desktop/ABP_Rare_Events/ABPNoiseSweep/data/abp_speed_D0p025_array_1700987/task_4_v0p310/data/roundtrip_scaling_power_law_fit.csv
/home/nst/amarin/Desktop/ABP_Rare_Events/ABPNoiseSweep/data/abp_speed_D0p025_array_1700987/task_4_v0p310/data/roundtrip_scaling_rows.csv
