============================================================
Fixed-noise speed task: MUCA -> production
D = 0.025 | v = 0.365 | array task = 9
Threads = 128 | production chains = 128
MUCA iterations = 200
MUCA final-iteration moves = 800000000
Production moves = 55000000000
Task output = /home/nst/amarin/Desktop/ABP_Rare_Events/ABPNoiseSweep/data/abp_speed_D0p025_array_1669022/task_9_v0p365
============================================================
============================================================
Fixed-noise ABP speed landscape: MUCA -> production
D = Dt = Dr = 0.025 | v = 0.365
Julia threads = 128
MUCA iterations = 200
Approximate total MUCA sampling moves = 80400000000
Production moves = 55000000000
Production chains = 128
Path-observation stride = 1000
Output = data/fixed_D0p025_speed_landscape/v_0p365
============================================================
Running ABP noise sweep.
trajectory_T = 40.0 (physical integration time)
D values = [0.025]
move weights [reflection, theta0, block, local] = [0.0, 0.05, 0.55, 0.4]
Output dir = data/fixed_D0p025_speed_landscape/v_0p365

============================================================
MUCA case: D=0.025 Dt=Dr
trajectory_T=40.0 | tail_temperature=2.0 | slope=-0.5
D scaling reference=0.025 | n_iter factor=1.0 | effective n_iter=200
proposal Δξ block=0.05 | proposal Δξ local=0.8 | move weights=[0.0, 0.05, 0.55, 0.4]
chains=128 | bins=[-1.8, 1.5] | dbias=0.05
early-stop target: average roundtrips per chain ≥ 128.0 for 3 straight iterations
============================================================
Completed MUCA iteration 10/200 | accept=0.3097 | flatness max/mean=2.813 | roundtrips=0 | steps/50 RT≈Inf
Completed MUCA iteration 20/200 | accept=0.3105 | flatness max/mean=2.471 | roundtrips=0 | steps/50 RT≈Inf
Completed MUCA iteration 30/200 | accept=0.3117 | flatness max/mean=1.853 | roundtrips=1 | steps/50 RT≈6.0e9
Completed MUCA iteration 40/200 | accept=0.3077 | flatness max/mean=1.774 | roundtrips=1 | steps/50 RT≈8.0e9
Completed MUCA iteration 50/200 | accept=0.313 | flatness max/mean=1.497 | roundtrips=1 | steps/50 RT≈1.0e10
Completed MUCA iteration 60/200 | accept=0.3135 | flatness max/mean=1.424 | roundtrips=4 | steps/50 RT≈3.0e9
Completed MUCA iteration 70/200 | accept=0.3134 | flatness max/mean=1.323 | roundtrips=11 | steps/50 RT≈1.273e9
Completed MUCA iteration 80/200 | accept=0.3137 | flatness max/mean=1.55 | roundtrips=9 | steps/50 RT≈1.778e9
Completed MUCA iteration 90/200 | accept=0.3139 | flatness max/mean=1.55 | roundtrips=15 | steps/50 RT≈1.2e9
Completed MUCA iteration 100/200 | accept=0.3136 | flatness max/mean=1.392 | roundtrips=12 | steps/50 RT≈1.667e9
Completed MUCA iteration 110/200 | accept=0.3135 | flatness max/mean=1.431 | roundtrips=13 | steps/50 RT≈1.692e9
Completed MUCA iteration 120/200 | accept=0.3135 | flatness max/mean=1.308 | roundtrips=20 | steps/50 RT≈1.2e9
Completed MUCA iteration 130/200 | accept=0.3116 | flatness max/mean=1.401 | roundtrips=21 | steps/50 RT≈1.238e9
Completed MUCA iteration 140/200 | accept=0.31 | flatness max/mean=1.384 | roundtrips=22 | steps/50 RT≈1.273e9
Completed MUCA iteration 150/200 | accept=0.3134 | flatness max/mean=1.53 | roundtrips=30 | steps/50 RT≈1.0e9
Completed MUCA iteration 160/200 | accept=0.3117 | flatness max/mean=1.759 | roundtrips=30 | steps/50 RT≈1.067e9
Completed MUCA iteration 170/200 | accept=0.312 | flatness max/mean=1.483 | roundtrips=26 | steps/50 RT≈1.308e9
Completed MUCA iteration 180/200 | accept=0.311 | flatness max/mean=1.61 | roundtrips=34 | steps/50 RT≈1.059e9
Completed MUCA iteration 190/200 | accept=0.3119 | flatness max/mean=1.502 | roundtrips=38 | steps/50 RT≈1.0e9
Completed MUCA iteration 200/200 | accept=0.3107 | flatness max/mean=1.332 | roundtrips=42 | steps/50 RT≈9.524e8
MUCA complete for D=0.025 | elapsed=331310.6s | total sweeps≈106000000000 | final roundtrips=42 | final avg roundtrips/chain=0.3281
Early-stop condition was not reached.

Production case: D=0.025 | chains=128 | total samples=55000000000 | proposal Δξ block=0.05 | proposal Δξ local=0.8 | whole-path endpoint windows=all,x_gt0,x_gt_0p5 | path filter x(t)>-1.0
Whole-path production observation stride = 1000
Whole-path histogram time stride = 1 (all integration points counted)
Production complete for D=0.025 | elapsed=99488.6s | reweighted samples=55000000000/55000000000 | overall ESS=5.8937545453117075e9 | ESS/N=0.10715917355112195 | aggregate roundtrips=4271
Endpoint-window diagnostics:
  -1 ≤ x(T) < 0
    biased samples in window     = 24035931490
    reweighted samples in window = 24035931490
    conditional ESS              = 3.167625221851662e9
    out of range yT/meanY/intY/xTyT = 790966/0/0/790966
  x(T) > 0
    biased samples in window     = 24977606373
    reweighted samples in window = 24977606373
    conditional ESS              = 3.278405111785956e9
    out of range yT/meanY/intY/xTyT = 2732133/0/0/2732133
  x(T) > 0.5
    biased samples in window     = 12963066922
    reweighted samples in window = 12963066922
    conditional ESS              = 2.99279004431992e9
    out of range yT/meanY/intY/xTyT = 1050119/0/0/1050119
  all endpoints
    biased samples in window     = 55000000000
    reweighted samples in window = 55000000000
    conditional ESS              = 5.8937545453117075e9
    out of range yT/meanY/intY/xTyT = 3523099/0/0/3523099
Whole-path endpoint-window diagnostics (kept points satisfy x(t)>-1.0):
  all endpoints
    selected trajectories biased/unbiased = 54999936/54999936
    out of range path y/xy biased = 3861541/3861541
    out of range path y/xy unbiased = 3861541/3861541
  x(T) > 0
    selected trajectories biased/unbiased = 24979486/24979486
    out of range path y/xy biased = 3365504/3365504
    out of range path y/xy unbiased = 3365504/3365504
  x(T) > 0.5
    selected trajectories biased/unbiased = 12962667/12962667
    out of range path y/xy biased = 1802355/1802355
    out of range path y/xy unbiased = 1802355/1802355
Saved case file: data/fixed_D0p025_speed_landscape/v_0p365/abp_endpoint_conditioned_D0p025.jld2
Exported data CSV files for abp_endpoint_conditioned_D0p025.jld2 to data/fixed_D0p025_speed_landscape/v_0p365/data/abp_endpoint_conditioned_D0p025
Roundtrip scaling data saved:
  data/fixed_D0p025_speed_landscape/v_0p365/data/roundtrip_scaling_rows.csv
  data/fixed_D0p025_speed_landscape/v_0p365/data/roundtrip_scaling_power_law_fit.csv
  steps ≈ NaN * (1/D)^NaN | R²=NaN | n=1
Done sweep.
JLD2 result files:
  data/fixed_D0p025_speed_landscape/v_0p365/abp_endpoint_conditioned_D0p025.jld2
CSV/data export files:
  data/fixed_D0p025_speed_landscape/v_0p365/data/abp_endpoint_conditioned_D0p025/muca_last_histogram_logweights.csv
  data/fixed_D0p025_speed_landscape/v_0p365/data/abp_endpoint_conditioned_D0p025/muca_iteration_diagnostics.csv
  data/fixed_D0p025_speed_landscape/v_0p365/data/abp_endpoint_conditioned_D0p025/production_roundtrip_trace.csv
  data/fixed_D0p025_speed_landscape/v_0p365/data/abp_endpoint_conditioned_D0p025/production_roundtrip_aggregate.csv
  data/fixed_D0p025_speed_landscape/v_0p365/data/abp_endpoint_conditioned_D0p025/hist_endpoint_x_T.csv
  data/fixed_D0p025_speed_landscape/v_0p365/data/abp_endpoint_conditioned_D0p025/endpoint_all_filtered_path_y.csv
  data/fixed_D0p025_speed_landscape/v_0p365/data/abp_endpoint_conditioned_D0p025/endpoint_all_filtered_path_x_y_long.csv
  data/fixed_D0p025_speed_landscape/v_0p365/data/abp_endpoint_conditioned_D0p025/endpoint_x_gt0_filtered_path_y.csv
  data/fixed_D0p025_speed_landscape/v_0p365/data/abp_endpoint_conditioned_D0p025/endpoint_x_gt0_filtered_path_x_y_long.csv
  data/fixed_D0p025_speed_landscape/v_0p365/data/abp_endpoint_conditioned_D0p025/endpoint_x_gt_0p5_filtered_path_y.csv
  data/fixed_D0p025_speed_landscape/v_0p365/data/abp_endpoint_conditioned_D0p025/endpoint_x_gt_0p5_filtered_path_x_y_long.csv
  data/fixed_D0p025_speed_landscape/v_0p365/data/abp_endpoint_conditioned_D0p025/endpoint_x_gt_0p5_trajectory_summary.csv
  data/fixed_D0p025_speed_landscape/v_0p365/data/abp_endpoint_conditioned_D0p025/endpoint_x_gt_0p5_average_trajectory.csv
  data/fixed_D0p025_speed_landscape/v_0p365/data/abp_endpoint_conditioned_D0p025/conditional_x_m1_0_one_dimensional_histograms.csv
  data/fixed_D0p025_speed_landscape/v_0p365/data/abp_endpoint_conditioned_D0p025/conditional_x_gt0_one_dimensional_histograms.csv
  data/fixed_D0p025_speed_landscape/v_0p365/data/abp_endpoint_conditioned_D0p025/conditional_x_gt_0p5_one_dimensional_histograms.csv
  data/fixed_D0p025_speed_landscape/v_0p365/data/abp_endpoint_conditioned_D0p025/conditional_all_one_dimensional_histograms.csv
  data/fixed_D0p025_speed_landscape/v_0p365/data/abp_endpoint_conditioned_D0p025/case_summary.csv
  data/fixed_D0p025_speed_landscape/v_0p365/data/roundtrip_scaling_rows.csv
  data/fixed_D0p025_speed_landscape/v_0p365/data/roundtrip_scaling_power_law_fit.csv

SUCCESS: MUCA and production completed for v = 0.365
Main result: data/fixed_D0p025_speed_landscape/v_0p365/abp_endpoint_conditioned_D0p025.jld2
CSV files written: 20
ERROR: expected one JLD2 result, found 0
