  Activating project at `~/Desktop/ABP_Rare_Events/ABPNoiseSweep`
Precompiling packages...
    ABPNoiseSweep Being precompiled by another machine (hostname: nariman21, pid: 113177, pidfile: /home/nst/amarin/.julia/compiled/v1.12/ABPNoiseSweep/PCBwm_8Xtt6.ji.pidfile)
    287.5 ms  ✓ ABPNoiseSweep
  1 dependency successfully precompiled in 1 seconds. 98 already precompiled.
┌ Warning: Overwriting d_logweight where recursive precision has been accumulated. This discards converged weight estimates.
└ @ MonteCarloX ~/.julia/packages/MonteCarloX/2hHBm/src/ensembles/multicanonical.jl:118
┌ Warning: Overwriting d_logweight where recursive precision has been accumulated. This discards converged weight estimates.
└ @ MonteCarloX ~/.julia/packages/MonteCarloX/2hHBm/src/ensembles/multicanonical.jl:118
┌ Warning: Overwriting d_logweight where recursive precision has been accumulated. This discards converged weight estimates.
└ @ MonteCarloX ~/.julia/packages/MonteCarloX/2hHBm/src/ensembles/multicanonical.jl:118
┌ Warning: Overwriting d_logweight where recursive precision has been accumulated. This discards converged weight estimates.
└ @ MonteCarloX ~/.julia/packages/MonteCarloX/2hHBm/src/ensembles/multicanonical.jl:118
MUCA D=0.5...   6%|██▏                                   |  ETA: 0:44:14[K┌ Warning: Overwriting d_logweight where recursive precision has been accumulated. This discards converged weight estimates.
└ @ MonteCarloX ~/.julia/packages/MonteCarloX/2hHBm/src/ensembles/multicanonical.jl:118
┌ Warning: Overwriting d_logweight where recursive precision has been accumulated. This discards converged weight estimates.
└ @ MonteCarloX ~/.julia/packages/MonteCarloX/2hHBm/src/ensembles/multicanonical.jl:118
MUCA D=0.5...   8%|███▏                                  |  ETA: 0:44:16[K┌ Warning: Overwriting d_logweight where recursive precision has been accumulated. This discards converged weight estimates.
└ @ MonteCarloX ~/.julia/packages/MonteCarloX/2hHBm/src/ensembles/multicanonical.jl:118
┌ Warning: Overwriting d_logweight where recursive precision has been accumulated. This discards converged weight estimates.
└ @ MonteCarloX ~/.julia/packages/MonteCarloX/2hHBm/src/ensembles/multicanonical.jl:118
MUCA D=0.5...  11%|████▎                                 |  ETA: 0:44:03[K┌ Warning: Overwriting d_logweight where recursive precision has been accumulated. This discards converged weight estimates.
└ @ MonteCarloX ~/.julia/packages/MonteCarloX/2hHBm/src/ensembles/multicanonical.jl:118
┌ Warning: Overwriting d_logweight where recursive precision has been accumulated. This discards converged weight estimates.
└ @ MonteCarloX ~/.julia/packages/MonteCarloX/2hHBm/src/ensembles/multicanonical.jl:118
MUCA D=0.5...  14%|█████▎                                |  ETA: 0:43:58[K┌ Warning: Overwriting d_logweight where recursive precision has been accumulated. This discards converged weight estimates.
└ @ MonteCarloX ~/.julia/packages/MonteCarloX/2hHBm/src/ensembles/multicanonical.jl:118
┌ Warning: Overwriting d_logweight where recursive precision has been accumulated. This discards converged weight estimates.
└ @ MonteCarloX ~/.julia/packages/MonteCarloX/2hHBm/src/ensembles/multicanonical.jl:118
MUCA D=0.5...  17%|██████▍                               |  ETA: 0:43:50[K┌ Warning: Overwriting d_logweight where recursive precision has been accumulated. This discards converged weight estimates.
└ @ MonteCarloX ~/.julia/packages/MonteCarloX/2hHBm/src/ensembles/multicanonical.jl:118
┌ Warning: Overwriting d_logweight where recursive precision has been accumulated. This discards converged weight estimates.
└ @ MonteCarloX ~/.julia/packages/MonteCarloX/2hHBm/src/ensembles/multicanonical.jl:118
MUCA D=0.5...  19%|███████▍                              |  ETA: 0:43:34[K┌ Warning: Overwriting d_logweight where recursive precision has been accumulated. This discards converged weight estimates.
└ @ MonteCarloX ~/.julia/packages/MonteCarloX/2hHBm/src/ensembles/multicanonical.jl:118
┌ Warning: Overwriting d_logweight where recursive precision has been accumulated. This discards converged weight estimates.
└ @ MonteCarloX ~/.julia/packages/MonteCarloX/2hHBm/src/ensembles/multicanonical.jl:118
MUCA D=0.5...  22%|████████▌                             |  ETA: 0:43:21[K┌ Warning: Overwriting d_logweight where recursive precision has been accumulated. This discards converged weight estimates.
└ @ MonteCarloX ~/.julia/packages/MonteCarloX/2hHBm/src/ensembles/multicanonical.jl:118
┌ Warning: Overwriting d_logweight where recursive precision has been accumulated. This discards converged weight estimates.
└ @ MonteCarloX ~/.julia/packages/MonteCarloX/2hHBm/src/ensembles/multicanonical.jl:118
MUCA D=0.5...  25%|█████████▌                            |  ETA: 0:42:56[K┌ Warning: Overwriting d_logweight where recursive precision has been accumulated. This discards converged weight estimates.
└ @ MonteCarloX ~/.julia/packages/MonteCarloX/2hHBm/src/ensembles/multicanonical.jl:118
┌ Warning: Overwriting d_logweight where recursive precision has been accumulated. This discards converged weight estimates.
└ @ MonteCarloX ~/.julia/packages/MonteCarloX/2hHBm/src/ensembles/multicanonical.jl:118
MUCA D=0.5...  28%|██████████▌                           |  ETA: 0:42:25[K┌ Warning: Overwriting d_logweight where recursive precision has been accumulated. This discards converged weight estimates.
└ @ MonteCarloX ~/.julia/packages/MonteCarloX/2hHBm/src/ensembles/multicanonical.jl:118
┌ Warning: Overwriting d_logweight where recursive precision has been accumulated. This discards converged weight estimates.
└ @ MonteCarloX ~/.julia/packages/MonteCarloX/2hHBm/src/ensembles/multicanonical.jl:118
MUCA D=0.5...  31%|███████████▋                          |  ETA: 0:41:49[K┌ Warning: Overwriting d_logweight where recursive precision has been accumulated. This discards converged weight estimates.
└ @ MonteCarloX ~/.julia/packages/MonteCarloX/2hHBm/src/ensembles/multicanonical.jl:118
┌ Warning: Overwriting d_logweight where recursive precision has been accumulated. This discards converged weight estimates.
└ @ MonteCarloX ~/.julia/packages/MonteCarloX/2hHBm/src/ensembles/multicanonical.jl:118
MUCA D=0.5...  33%|████████████▋                         |  ETA: 0:41:07[K┌ Warning: Overwriting d_logweight where recursive precision has been accumulated. This discards converged weight estimates.
└ @ MonteCarloX ~/.julia/packages/MonteCarloX/2hHBm/src/ensembles/multicanonical.jl:118
┌ Warning: Overwriting d_logweight where recursive precision has been accumulated. This discards converged weight estimates.
└ @ MonteCarloX ~/.julia/packages/MonteCarloX/2hHBm/src/ensembles/multicanonical.jl:118
MUCA D=0.5...  36%|█████████████▊                        |  ETA: 0:40:19[K┌ Warning: Overwriting d_logweight where recursive precision has been accumulated. This discards converged weight estimates.
└ @ MonteCarloX ~/.julia/packages/MonteCarloX/2hHBm/src/ensembles/multicanonical.jl:118
┌ Warning: Overwriting d_logweight where recursive precision has been accumulated. This discards converged weight estimates.
└ @ MonteCarloX ~/.julia/packages/MonteCarloX/2hHBm/src/ensembles/multicanonical.jl:118
MUCA D=0.5...  39%|██████████████▊                       |  ETA: 0:39:27[K