  Activating project at `~/Desktop/ABP_Rare_Events/ABPNoiseSweep`
Precompiling packages...
    ABPNoiseSweep Being precompiled by another machine (hostname: nariman21, pid: 113177, pidfile: /home/nst/amarin/.julia/compiled/v1.12/ABPNoiseSweep/PCBwm_8Xtt6.ji.pidfile)
  30434.7 ms  ✓ ABPNoiseSweep
  1 dependency successfully precompiled in 31 seconds. 98 already precompiled.
┌ Warning: Overwriting d_logweight where recursive precision has been accumulated. This discards converged weight estimates.
└ @ MonteCarloX ~/.julia/packages/MonteCarloX/2hHBm/src/ensembles/multicanonical.jl:118
┌ Warning: Overwriting d_logweight where recursive precision has been accumulated. This discards converged weight estimates.
└ @ MonteCarloX ~/.julia/packages/MonteCarloX/2hHBm/src/ensembles/multicanonical.jl:118
┌ Warning: Overwriting d_logweight where recursive precision has been accumulated. This discards converged weight estimates.
└ @ MonteCarloX ~/.julia/packages/MonteCarloX/2hHBm/src/ensembles/multicanonical.jl:118
┌ Warning: Overwriting d_logweight where recursive precision has been accumulated. This discards converged weight estimates.
└ @ MonteCarloX ~/.julia/packages/MonteCarloX/2hHBm/src/ensembles/multicanonical.jl:118
MUCA D=0.5...   6%|██▏                                   |  ETA: 1:09:49[K┌ Warning: Overwriting d_logweight where recursive precision has been accumulated. This discards converged weight estimates.
└ @ MonteCarloX ~/.julia/packages/MonteCarloX/2hHBm/src/ensembles/multicanonical.jl:118
┌ Warning: Overwriting d_logweight where recursive precision has been accumulated. This discards converged weight estimates.
└ @ MonteCarloX ~/.julia/packages/MonteCarloX/2hHBm/src/ensembles/multicanonical.jl:118
MUCA D=0.5...   8%|███▏                                  |  ETA: 1:10:41[K┌ Warning: Overwriting d_logweight where recursive precision has been accumulated. This discards converged weight estimates.
└ @ MonteCarloX ~/.julia/packages/MonteCarloX/2hHBm/src/ensembles/multicanonical.jl:118
┌ Warning: Overwriting d_logweight where recursive precision has been accumulated. This discards converged weight estimates.
└ @ MonteCarloX ~/.julia/packages/MonteCarloX/2hHBm/src/ensembles/multicanonical.jl:118
MUCA D=0.5...  11%|████▎                                 |  ETA: 1:11:09[K┌ Warning: Overwriting d_logweight where recursive precision has been accumulated. This discards converged weight estimates.
└ @ MonteCarloX ~/.julia/packages/MonteCarloX/2hHBm/src/ensembles/multicanonical.jl:118
┌ Warning: Overwriting d_logweight where recursive precision has been accumulated. This discards converged weight estimates.
└ @ MonteCarloX ~/.julia/packages/MonteCarloX/2hHBm/src/ensembles/multicanonical.jl:118
MUCA D=0.5...  14%|█████▎                                |  ETA: 1:11:18[K┌ Warning: Overwriting d_logweight where recursive precision has been accumulated. This discards converged weight estimates.
└ @ MonteCarloX ~/.julia/packages/MonteCarloX/2hHBm/src/ensembles/multicanonical.jl:118
┌ Warning: Overwriting d_logweight where recursive precision has been accumulated. This discards converged weight estimates.
└ @ MonteCarloX ~/.julia/packages/MonteCarloX/2hHBm/src/ensembles/multicanonical.jl:118
MUCA D=0.5...  17%|██████▍                               |  ETA: 1:11:10[K┌ Warning: Overwriting d_logweight where recursive precision has been accumulated. This discards converged weight estimates.
└ @ MonteCarloX ~/.julia/packages/MonteCarloX/2hHBm/src/ensembles/multicanonical.jl:118
┌ Warning: Overwriting d_logweight where recursive precision has been accumulated. This discards converged weight estimates.
└ @ MonteCarloX ~/.julia/packages/MonteCarloX/2hHBm/src/ensembles/multicanonical.jl:118
MUCA D=0.5...  19%|███████▍                              |  ETA: 1:10:56[K┌ Warning: Overwriting d_logweight where recursive precision has been accumulated. This discards converged weight estimates.
└ @ MonteCarloX ~/.julia/packages/MonteCarloX/2hHBm/src/ensembles/multicanonical.jl:118
┌ Warning: Overwriting d_logweight where recursive precision has been accumulated. This discards converged weight estimates.
└ @ MonteCarloX ~/.julia/packages/MonteCarloX/2hHBm/src/ensembles/multicanonical.jl:118
MUCA D=0.5...  22%|████████▌                             |  ETA: 1:10:42[K┌ Warning: Overwriting d_logweight where recursive precision has been accumulated. This discards converged weight estimates.
└ @ MonteCarloX ~/.julia/packages/MonteCarloX/2hHBm/src/ensembles/multicanonical.jl:118
┌ Warning: Overwriting d_logweight where recursive precision has been accumulated. This discards converged weight estimates.
└ @ MonteCarloX ~/.julia/packages/MonteCarloX/2hHBm/src/ensembles/multicanonical.jl:118
MUCA D=0.5...  25%|█████████▌                            |  ETA: 1:10:17[K┌ Warning: Overwriting d_logweight where recursive precision has been accumulated. This discards converged weight estimates.
└ @ MonteCarloX ~/.julia/packages/MonteCarloX/2hHBm/src/ensembles/multicanonical.jl:118
┌ Warning: Overwriting d_logweight where recursive precision has been accumulated. This discards converged weight estimates.
└ @ MonteCarloX ~/.julia/packages/MonteCarloX/2hHBm/src/ensembles/multicanonical.jl:118
MUCA D=0.5...  28%|██████████▌                           |  ETA: 1:09:42[K┌ Warning: Overwriting d_logweight where recursive precision has been accumulated. This discards converged weight estimates.
└ @ MonteCarloX ~/.julia/packages/MonteCarloX/2hHBm/src/ensembles/multicanonical.jl:118
┌ Warning: Overwriting d_logweight where recursive precision has been accumulated. This discards converged weight estimates.
└ @ MonteCarloX ~/.julia/packages/MonteCarloX/2hHBm/src/ensembles/multicanonical.jl:118
MUCA D=0.5...  31%|███████████▋                          |  ETA: 1:08:58[K┌ Warning: Overwriting d_logweight where recursive precision has been accumulated. This discards converged weight estimates.
└ @ MonteCarloX ~/.julia/packages/MonteCarloX/2hHBm/src/ensembles/multicanonical.jl:118
┌ Warning: Overwriting d_logweight where recursive precision has been accumulated. This discards converged weight estimates.
└ @ MonteCarloX ~/.julia/packages/MonteCarloX/2hHBm/src/ensembles/multicanonical.jl:118
MUCA D=0.5...  33%|████████████▋                         |  ETA: 1:07:58[K┌ Warning: Overwriting d_logweight where recursive precision has been accumulated. This discards converged weight estimates.
└ @ MonteCarloX ~/.julia/packages/MonteCarloX/2hHBm/src/ensembles/multicanonical.jl:118
┌ Warning: Overwriting d_logweight where recursive precision has been accumulated. This discards converged weight estimates.
└ @ MonteCarloX ~/.julia/packages/MonteCarloX/2hHBm/src/ensembles/multicanonical.jl:118
MUCA D=0.5...  36%|█████████████▊                        |  ETA: 1:06:49[K┌ Warning: Overwriting d_logweight where recursive precision has been accumulated. This discards converged weight estimates.
└ @ MonteCarloX ~/.julia/packages/MonteCarloX/2hHBm/src/ensembles/multicanonical.jl:118
┌ Warning: Overwriting d_logweight where recursive precision has been accumulated. This discards converged weight estimates.
└ @ MonteCarloX ~/.julia/packages/MonteCarloX/2hHBm/src/ensembles/multicanonical.jl:118
MUCA D=0.5...  39%|██████████████▊                       |  ETA: 1:05:35[K┌ Warning: Overwriting d_logweight where recursive precision has been accumulated. This discards converged weight estimates.
└ @ MonteCarloX ~/.julia/packages/MonteCarloX/2hHBm/src/ensembles/multicanonical.jl:118
┌ Warning: Overwriting d_logweight where recursive precision has been accumulated. This discards converged weight estimates.
└ @ MonteCarloX ~/.julia/packages/MonteCarloX/2hHBm/src/ensembles/multicanonical.jl:118
MUCA D=0.5...  42%|███████████████▉                      |  ETA: 1:04:11[K┌ Warning: Overwriting d_logweight where recursive precision has been accumulated. This discards converged weight estimates.
└ @ MonteCarloX ~/.julia/packages/MonteCarloX/2hHBm/src/ensembles/multicanonical.jl:118
┌ Warning: Overwriting d_logweight where recursive precision has been accumulated. This discards converged weight estimates.
└ @ MonteCarloX ~/.julia/packages/MonteCarloX/2hHBm/src/ensembles/multicanonical.jl:118
MUCA D=0.5...  44%|████████████████▉                     |  ETA: 1:02:41[K┌ Warning: Overwriting d_logweight where recursive precision has been accumulated. This discards converged weight estimates.
└ @ MonteCarloX ~/.julia/packages/MonteCarloX/2hHBm/src/ensembles/multicanonical.jl:118
┌ Warning: Overwriting d_logweight where recursive precision has been accumulated. This discards converged weight estimates.
└ @ MonteCarloX ~/.julia/packages/MonteCarloX/2hHBm/src/ensembles/multicanonical.jl:118
MUCA D=0.5...  47%|██████████████████                    |  ETA: 1:00:59[K┌ Warning: Overwriting d_logweight where recursive precision has been accumulated. This discards converged weight estimates.
└ @ MonteCarloX ~/.julia/packages/MonteCarloX/2hHBm/src/ensembles/multicanonical.jl:118
┌ Warning: Overwriting d_logweight where recursive precision has been accumulated. This discards converged weight estimates.
└ @ MonteCarloX ~/.julia/packages/MonteCarloX/2hHBm/src/ensembles/multicanonical.jl:118
MUCA D=0.5...  50%|███████████████████                   |  ETA: 0:59:06[K┌ Warning: Overwriting d_logweight where recursive precision has been accumulated. This discards converged weight estimates.
└ @ MonteCarloX ~/.julia/packages/MonteCarloX/2hHBm/src/ensembles/multicanonical.jl:118
┌ Warning: Overwriting d_logweight where recursive precision has been accumulated. This discards converged weight estimates.
└ @ MonteCarloX ~/.julia/packages/MonteCarloX/2hHBm/src/ensembles/multicanonical.jl:118
MUCA D=0.5...  53%|████████████████████                  |  ETA: 0:56:59[K┌ Warning: Overwriting d_logweight where recursive precision has been accumulated. This discards converged weight estimates.
└ @ MonteCarloX ~/.julia/packages/MonteCarloX/2hHBm/src/ensembles/multicanonical.jl:118
┌ Warning: Overwriting d_logweight where recursive precision has been accumulated. This discards converged weight estimates.
└ @ MonteCarloX ~/.julia/packages/MonteCarloX/2hHBm/src/ensembles/multicanonical.jl:118
MUCA D=0.5...  56%|█████████████████████▏                |  ETA: 0:54:44[K┌ Warning: Overwriting d_logweight where recursive precision has been accumulated. This discards converged weight estimates.
└ @ MonteCarloX ~/.julia/packages/MonteCarloX/2hHBm/src/ensembles/multicanonical.jl:118
┌ Warning: Overwriting d_logweight where recursive precision has been accumulated. This discards converged weight estimates.
└ @ MonteCarloX ~/.julia/packages/MonteCarloX/2hHBm/src/ensembles/multicanonical.jl:118
MUCA D=0.5...  58%|██████████████████████▏               |  ETA: 0:52:19[K