============================================================
Fixed-noise speed task: MUCA -> production
D = 0.025 | v = 0.360 | array task = 8
Threads = 128 | production chains = 128
MUCA iterations = 200
MUCA final-iteration moves = 800000000
Production moves = 55000000000
Task output = /home/nst/amarin/Desktop/ABP_Rare_Events/ABPNoiseSweep/data/abp_speed_D0p025_array_1669022/task_8_v0p360
============================================================
============================================================
Fixed-noise ABP speed landscape: MUCA -> production
D = Dt = Dr = 0.025 | v = 0.36
Julia threads = 128
MUCA iterations = 200
Approximate total MUCA sampling moves = 80400000000
Production moves = 55000000000
Production chains = 128
Path-observation stride = 1000
Output = data/fixed_D0p025_speed_landscape/v_0p36
============================================================
Running ABP noise sweep.
trajectory_T = 40.0 (physical integration time)
D values = [0.025]
move weights [reflection, theta0, block, local] = [0.0, 0.05, 0.55, 0.4]
Output dir = data/fixed_D0p025_speed_landscape/v_0p36

============================================================
MUCA case: D=0.025 Dt=Dr
trajectory_T=40.0 | tail_temperature=2.0 | slope=-0.5
D scaling reference=0.025 | n_iter factor=1.0 | effective n_iter=200
proposal Δξ block=0.05 | proposal Δξ local=0.8 | move weights=[0.0, 0.05, 0.55, 0.4]
chains=128 | bins=[-1.8, 1.5] | dbias=0.05
early-stop target: average roundtrips per chain ≥ 128.0 for 3 straight iterations
============================================================
Completed MUCA iteration 10/200 | accept=0.3086 | flatness max/mean=2.927 | roundtrips=0 | steps/50 RT≈Inf
Completed MUCA iteration 20/200 | accept=0.3071 | flatness max/mean=2.729 | roundtrips=0 | steps/50 RT≈Inf
Completed MUCA iteration 30/200 | accept=0.3097 | flatness max/mean=2.01 | roundtrips=0 | steps/50 RT≈Inf
Completed MUCA iteration 40/200 | accept=0.3113 | flatness max/mean=1.4 | roundtrips=1 | steps/50 RT≈8.0e9
Completed MUCA iteration 50/200 | accept=0.3119 | flatness max/mean=1.342 | roundtrips=4 | steps/50 RT≈2.5e9
Completed MUCA iteration 60/200 | accept=0.3116 | flatness max/mean=1.545 | roundtrips=3 | steps/50 RT≈4.0e9
Completed MUCA iteration 70/200 | accept=0.3142 | flatness max/mean=1.415 | roundtrips=7 | steps/50 RT≈2.0e9
Completed MUCA iteration 80/200 | accept=0.3136 | flatness max/mean=1.38 | roundtrips=9 | steps/50 RT≈1.778e9
Completed MUCA iteration 90/200 | accept=0.3129 | flatness max/mean=1.292 | roundtrips=7 | steps/50 RT≈2.571e9
Completed MUCA iteration 100/200 | accept=0.3118 | flatness max/mean=1.182 | roundtrips=13 | steps/50 RT≈1.538e9
Completed MUCA iteration 110/200 | accept=0.3108 | flatness max/mean=1.24 | roundtrips=21 | steps/50 RT≈1.048e9
Completed MUCA iteration 120/200 | accept=0.3158 | flatness max/mean=1.198 | roundtrips=19 | steps/50 RT≈1.263e9
Completed MUCA iteration 130/200 | accept=0.3124 | flatness max/mean=1.499 | roundtrips=14 | steps/50 RT≈1.857e9
Completed MUCA iteration 140/200 | accept=0.312 | flatness max/mean=1.429 | roundtrips=17 | steps/50 RT≈1.647e9
Completed MUCA iteration 150/200 | accept=0.31 | flatness max/mean=1.526 | roundtrips=31 | steps/50 RT≈9.677e8
Completed MUCA iteration 160/200 | accept=0.3109 | flatness max/mean=1.63 | roundtrips=28 | steps/50 RT≈1.143e9
Completed MUCA iteration 170/200 | accept=0.313 | flatness max/mean=1.716 | roundtrips=26 | steps/50 RT≈1.308e9
Completed MUCA iteration 180/200 | accept=0.3143 | flatness max/mean=1.692 | roundtrips=36 | steps/50 RT≈1.0e9
Completed MUCA iteration 190/200 | accept=0.3098 | flatness max/mean=1.473 | roundtrips=37 | steps/50 RT≈1.027e9
Completed MUCA iteration 200/200 | accept=0.3127 | flatness max/mean=1.651 | roundtrips=35 | steps/50 RT≈1.143e9
MUCA complete for D=0.025 | elapsed=406231.5s | total sweeps≈106000000000 | final roundtrips=35 | final avg roundtrips/chain=0.2734
Early-stop condition was not reached.

Production case: D=0.025 | chains=128 | total samples=55000000000 | proposal Δξ block=0.05 | proposal Δξ local=0.8 | whole-path endpoint windows=all,x_gt0,x_gt_0p5 | path filter x(t)>-1.0
Whole-path production observation stride = 1000
Whole-path histogram time stride = 1 (all integration points counted)
Production complete for D=0.025 | elapsed=106227.7s | reweighted samples=55000000000/55000000000 | overall ESS=6.052613574462197e9 | ESS/N=0.11004751953567632 | aggregate roundtrips=4098
Endpoint-window diagnostics:
  -1 ≤ x(T) < 0
    biased samples in window     = 24220094798
    reweighted samples in window = 24220094798
    conditional ESS              = 3.238929743423401e9
    out of range yT/meanY/intY/xTyT = 633867/0/0/633867
  x(T) > 0
    biased samples in window     = 24560857345
    reweighted samples in window = 24560857345
    conditional ESS              = 3.200287859655454e9
    out of range yT/meanY/intY/xTyT = 2330877/0/0/2330877
  x(T) > 0.5
    biased samples in window     = 12666787953
    reweighted samples in window = 12666787953
    conditional ESS              = 2.866690039880628e9
    out of range yT/meanY/intY/xTyT = 933091/0/0/933091
  all endpoints
    biased samples in window     = 55000000000
    reweighted samples in window = 55000000000
    conditional ESS              = 6.052613574462197e9
    out of range yT/meanY/intY/xTyT = 2964744/0/0/2964744
Whole-path endpoint-window diagnostics (kept points satisfy x(t)>-1.0):
  all endpoints
    selected trajectories biased/unbiased = 54999936/54999936
    out of range path y/xy biased = 3067618/3067618
    out of range path y/xy unbiased = 3067618/3067618
  x(T) > 0
    selected trajectories biased/unbiased = 24562499/24562499
    out of range path y/xy biased = 2675626/2675626
    out of range path y/xy unbiased = 2675626/2675626
  x(T) > 0.5
    selected trajectories biased/unbiased = 12664367/12664367
    out of range path y/xy biased = 1440805/1440805
    out of range path y/xy unbiased = 1440805/1440805
Saved case file: data/fixed_D0p025_speed_landscape/v_0p36/abp_endpoint_conditioned_D0p025.jld2
Exported data CSV files for abp_endpoint_conditioned_D0p025.jld2 to data/fixed_D0p025_speed_landscape/v_0p36/data/abp_endpoint_conditioned_D0p025
Roundtrip scaling data saved:
  data/fixed_D0p025_speed_landscape/v_0p36/data/roundtrip_scaling_rows.csv
  data/fixed_D0p025_speed_landscape/v_0p36/data/roundtrip_scaling_power_law_fit.csv
  steps ≈ NaN * (1/D)^NaN | R²=NaN | n=1
Done sweep.
JLD2 result files:
  data/fixed_D0p025_speed_landscape/v_0p36/abp_endpoint_conditioned_D0p025.jld2
CSV/data export files:
  data/fixed_D0p025_speed_landscape/v_0p36/data/abp_endpoint_conditioned_D0p025/muca_last_histogram_logweights.csv
  data/fixed_D0p025_speed_landscape/v_0p36/data/abp_endpoint_conditioned_D0p025/muca_iteration_diagnostics.csv
  data/fixed_D0p025_speed_landscape/v_0p36/data/abp_endpoint_conditioned_D0p025/production_roundtrip_trace.csv
  data/fixed_D0p025_speed_landscape/v_0p36/data/abp_endpoint_conditioned_D0p025/production_roundtrip_aggregate.csv
  data/fixed_D0p025_speed_landscape/v_0p36/data/abp_endpoint_conditioned_D0p025/hist_endpoint_x_T.csv
  data/fixed_D0p025_speed_landscape/v_0p36/data/abp_endpoint_conditioned_D0p025/endpoint_all_filtered_path_y.csv
  data/fixed_D0p025_speed_landscape/v_0p36/data/abp_endpoint_conditioned_D0p025/endpoint_all_filtered_path_x_y_long.csv
  data/fixed_D0p025_speed_landscape/v_0p36/data/abp_endpoint_conditioned_D0p025/endpoint_x_gt0_filtered_path_y.csv
  data/fixed_D0p025_speed_landscape/v_0p36/data/abp_endpoint_conditioned_D0p025/endpoint_x_gt0_filtered_path_x_y_long.csv
  data/fixed_D0p025_speed_landscape/v_0p36/data/abp_endpoint_conditioned_D0p025/endpoint_x_gt_0p5_filtered_path_y.csv
  data/fixed_D0p025_speed_landscape/v_0p36/data/abp_endpoint_conditioned_D0p025/endpoint_x_gt_0p5_filtered_path_x_y_long.csv
  data/fixed_D0p025_speed_landscape/v_0p36/data/abp_endpoint_conditioned_D0p025/endpoint_x_gt_0p5_trajectory_summary.csv
  data/fixed_D0p025_speed_landscape/v_0p36/data/abp_endpoint_conditioned_D0p025/endpoint_x_gt_0p5_average_trajectory.csv
  data/fixed_D0p025_speed_landscape/v_0p36/data/abp_endpoint_conditioned_D0p025/conditional_x_m1_0_one_dimensional_histograms.csv
  data/fixed_D0p025_speed_landscape/v_0p36/data/abp_endpoint_conditioned_D0p025/conditional_x_gt0_one_dimensional_histograms.csv
  data/fixed_D0p025_speed_landscape/v_0p36/data/abp_endpoint_conditioned_D0p025/conditional_x_gt_0p5_one_dimensional_histograms.csv
  data/fixed_D0p025_speed_landscape/v_0p36/data/abp_endpoint_conditioned_D0p025/conditional_all_one_dimensional_histograms.csv
  data/fixed_D0p025_speed_landscape/v_0p36/data/abp_endpoint_conditioned_D0p025/case_summary.csv
  data/fixed_D0p025_speed_landscape/v_0p36/data/roundtrip_scaling_rows.csv
  data/fixed_D0p025_speed_landscape/v_0p36/data/roundtrip_scaling_power_law_fit.csv

SUCCESS: MUCA and production completed for v = 0.36
Main result: data/fixed_D0p025_speed_landscape/v_0p36/abp_endpoint_conditioned_D0p025.jld2
CSV files written: 20
ERROR: expected one JLD2 result, found 0
