============================================================
ABP fixed-D propulsion-speed sweep
============================================================
Mode:                            muca
Array job ID:                    1648929
Array task ID:                   2
D = Dt = Dr:                     0.025
Propulsion speed v:              0.330
Trajectory T:                    40
Julia threads:                   128
Task output:                     /home/nst/amarin/Desktop/ABP_Rare_Events/ABPNoiseSweep/data/abp_speed_D0p025_muca_array_1648929/task_2_v0p330
Combined output:                 /home/nst/amarin/Desktop/ABP_Rare_Events/ABPNoiseSweep/data/abp_speed_D0p025_muca_array_1648929/combined
MUCA checkpoint:                 /home/nst/amarin/Desktop/ABP_Rare_Events/ABPNoiseSweep/data/abp_speed_D0p025_muca_array_1648929/task_2_v0p330/muca_checkpoints/abp_muca_D0p025_v0p330.jld2
MUCA iterations (actual max):    200
MUCA moves at final iteration:   800000000
Production observations:         50000000000
Production chains:               128
Julia runner:                     /home/nst/amarin/Desktop/ABP_Rare_Events/ABPNoiseSweep/scripts/run_speed_sweep.jl
Julia runner lines:               563
Julia runner SHA256:              683d20b0d850ad7af164ed954c15098c8afc7921bc2896ac626a0f532759a151
============================================================
julia version 1.12.6
Starting fixed-D speed-sweep Julia runner
Runner file: /home/nst/amarin/Desktop/ABP_Rare_Events/ABPNoiseSweep/scripts/run_speed_sweep.jl
Entering speed-sweep main with arguments: --mode muca --d 0.025 --v 0.330 --output-dir /home/nst/amarin/Desktop/ABP_Rare_Events/ABPNoiseSweep/data/abp_speed_D0p025_muca_array_1648929/task_2_v0p330 --muca-checkpoint /home/nst/amarin/Desktop/ABP_Rare_Events/ABPNoiseSweep/data/abp_speed_D0p025_muca_array_1648929/task_2_v0p330/muca_checkpoints/abp_muca_D0p025_v0p330.jld2
============================================================
Fixed-D propulsion-speed sweep
============================================================
mode = muca
D = Dt = Dr = 0.025
v = 0.33
trajectory_T = 40.0 | dt = 0.01
threads = 128
output_dir = /home/nst/amarin/Desktop/ABP_Rare_Events/ABPNoiseSweep/data/abp_speed_D0p025_muca_array_1648929/task_2_v0p330
MUCA iterations (actual maximum) = 200
MUCA final-iteration moves = 800000000
MUCA D scaling enabled = false
MUCA early-stop target average RT/chain = 0.5
MUCA early-stop target aggregate RT = 64.0
production observations = 50000000000
production chains = 128
requested path-observation stride = 1000
requested path x(t) minimum = -0.8
MUCA checkpoint = /home/nst/amarin/Desktop/ABP_Rare_Events/ABPNoiseSweep/data/abp_speed_D0p025_muca_array_1648929/task_2_v0p330/muca_checkpoints/abp_muca_D0p025_v0p330.jld2
============================================================

============================================================
MUCA case: D=0.025 Dt=Dr
trajectory_T=40.0 | tail_temperature=2.0 | slope=-0.5
D scaling reference=0.025 | n_iter factor=1.0 | effective n_iter=200
proposal Δξ block=0.05 | proposal Δξ local=0.8 | move weights=[0.0, 0.05, 0.55, 0.4]
chains=128 | bins=[-1.8, 1.5] | dbias=0.025
early-stop target: average roundtrips per chain ≥ 0.5 for 5 straight iterations
============================================================
Completed MUCA iteration 10/200 | accept=0.3109 | flatness max/mean=2.606 | roundtrips=0 | steps/50 RT≈Inf
Completed MUCA iteration 20/200 | accept=0.3078 | flatness max/mean=2.748 | roundtrips=0 | steps/50 RT≈Inf
Completed MUCA iteration 30/200 | accept=0.3135 | flatness max/mean=2.04 | roundtrips=1 | steps/50 RT≈6.0e9
Completed MUCA iteration 40/200 | accept=0.3139 | flatness max/mean=1.582 | roundtrips=2 | steps/50 RT≈4.0e9
Completed MUCA iteration 50/200 | accept=0.3129 | flatness max/mean=1.268 | roundtrips=3 | steps/50 RT≈3.333e9
Completed MUCA iteration 60/200 | accept=0.3118 | flatness max/mean=1.159 | roundtrips=3 | steps/50 RT≈4.0e9
Completed MUCA iteration 70/200 | accept=0.3144 | flatness max/mean=1.196 | roundtrips=8 | steps/50 RT≈1.75e9
Completed MUCA iteration 80/200 | accept=0.3103 | flatness max/mean=1.265 | roundtrips=7 | steps/50 RT≈2.286e9
Completed MUCA iteration 90/200 | accept=0.3111 | flatness max/mean=1.575 | roundtrips=10 | steps/50 RT≈1.8e9
Completed MUCA iteration 100/200 | accept=0.3137 | flatness max/mean=1.385 | roundtrips=15 | steps/50 RT≈1.333e9
Completed MUCA iteration 110/200 | accept=0.3141 | flatness max/mean=1.144 | roundtrips=16 | steps/50 RT≈1.375e9
Completed MUCA iteration 120/200 | accept=0.3143 | flatness max/mean=1.515 | roundtrips=18 | steps/50 RT≈1.333e9
Completed MUCA iteration 130/200 | accept=0.3135 | flatness max/mean=1.414 | roundtrips=21 | steps/50 RT≈1.238e9
Completed MUCA iteration 140/200 | accept=0.3152 | flatness max/mean=1.532 | roundtrips=26 | steps/50 RT≈1.077e9
Completed MUCA iteration 150/200 | accept=0.3137 | flatness max/mean=1.476 | roundtrips=26 | steps/50 RT≈1.154e9
Completed MUCA iteration 160/200 | accept=0.3113 | flatness max/mean=1.411 | roundtrips=25 | steps/50 RT≈1.28e9
Completed MUCA iteration 170/200 | accept=0.3132 | flatness max/mean=1.219 | roundtrips=27 | steps/50 RT≈1.259e9
Completed MUCA iteration 180/200 | accept=0.3102 | flatness max/mean=1.507 | roundtrips=25 | steps/50 RT≈1.44e9
Completed MUCA iteration 190/200 | accept=0.3131 | flatness max/mean=1.418 | roundtrips=29 | steps/50 RT≈1.31e9
Completed MUCA iteration 200/200 | accept=0.3125 | flatness max/mean=1.477 | roundtrips=50 | steps/50 RT≈8.0e8
MUCA complete for D=0.025 | elapsed=319683.2s | total sweeps≈106000000000 | final roundtrips=50 | final avg roundtrips/chain=0.3906
Early-stop condition was not reached.
Saved MUCA checkpoint: /home/nst/amarin/Desktop/ABP_Rare_Events/ABPNoiseSweep/data/abp_speed_D0p025_muca_array_1648929/task_2_v0p330/muca_checkpoints/abp_muca_D0p025_v0p330.jld2
Saved MUCA diagnostics: /home/nst/amarin/Desktop/ABP_Rare_Events/ABPNoiseSweep/data/abp_speed_D0p025_muca_array_1648929/task_2_v0p330/muca_diagnostics_D0p025_v0p330.csv
============================================================
Completed fixed-D speed task
mode = muca | D = 0.025 | v = 0.33
checkpoint = /home/nst/amarin/Desktop/ABP_Rare_Events/ABPNoiseSweep/data/abp_speed_D0p025_muca_array_1648929/task_2_v0p330/muca_checkpoints/abp_muca_D0p025_v0p330.jld2
CSV files written = 0
Finished at: 2026-08-03 12:16:00
============================================================
============================================================
Completed ABP fixed-D speed task
============================================================
Mode:                            muca
D:                               0.025
v:                               0.330
Checkpoints copied:              1
Diagnostics copied:              1
Production JLD2 files copied:    0
Production case dirs copied:     0
Task output:                     /home/nst/amarin/Desktop/ABP_Rare_Events/ABPNoiseSweep/data/abp_speed_D0p025_muca_array_1648929/task_2_v0p330
Combined output:                 /home/nst/amarin/Desktop/ABP_Rare_Events/ABPNoiseSweep/data/abp_speed_D0p025_muca_array_1648929/combined
2.0K	/home/nst/amarin/Desktop/ABP_Rare_Events/ABPNoiseSweep/data/abp_speed_D0p025_muca_array_1648929/task_2_v0p330
2.5K	/home/nst/amarin/Desktop/ABP_Rare_Events/ABPNoiseSweep/data/abp_speed_D0p025_muca_array_1648929/combined
============================================================
