============================================================
ABP noise-array task, T=40, D-scaled production
============================================================
Project:                         /home/nst/amarin/Desktop/ABP_Rare_Events/ABPNoiseSweep
Array job ID:                    1510083
Array task ID:                   2
Noise D:                         0.08
Trajectory T:                    40
Julia executable:                /home/nst/amarin/.julia/juliaup/julia-1.12.6+0.x64.linux.gnu/bin/julia
Julia threads:                   128
Task output directory:           /home/nst/amarin/Desktop/ABP_Rare_Events/ABPNoiseSweep/data/abp_noise_T40_scaled_array_1510083/task_2_D0p08
Combined output directory:       /home/nst/amarin/Desktop/ABP_Rare_Events/ABPNoiseSweep/data/abp_noise_T40_scaled_array_1510083/combined
MUCA iterations:                 150
MUCA steps per iteration:        800000000
MUCA thermalization:             1000000
MUCA D scaling reference:        0.05
Scale MUCA iterations with D:    true
Roundtrip target fraction:       0.8
Roundtrip consecutive hits:      5
Diagnostic roundtrip target:     50
Scale production with D:         true
Production scaling model A:      1.167e10
Production scaling model B:      97.32
Min production observations:     5000000000
Max production observations:     20000000000
Chosen production observations:  5000000000
Production chains:               128
Production stride:               10000
Production roundtrip stride:     10000
Path-observation stride:         1000
Path-time stride:                1
Path x(t) minimum:               -0.8
============================================================
julia version 1.12.6
============================================================
ABP noise sweep cluster script
Started at: 2026-07-07 17:37:20
Active project: /home/nst/amarin/Desktop/ABP_Rare_Events/ABPNoiseSweep/Project.toml
Julia threads: 128
CPU threads visible to Julia: 128
Hostname: nariman33
============================================================
Configuration:
  D_values = [0.08]
  move_weights [reflection, theta0, block, local] = [0.0, 0.05, 0.55, 0.4]
  trajectory_T = 40.0 | dt = 0.01 | v = 0.39
  potential_active = true
  n_iter = 150
  n_iter_steps_per_iter = 800000000 final-iteration sampling moves across chains
  n_therm_muca = 1000000
  D_scaling_reference = 0.05
  scale_n_iter_with_D = true
  block_dxi = 0.05
  local_dxi = 0.8
  n_prod_obs_total = 5000000000
  n_prod_chains = 128
  path_observation_stride = 1000
  path_time_stride = 1
  path_filter_x_min = -0.8
  save_movie_paths = false
  roundtrip_target = 50
  roundtrip_avg_target_fraction = 0.8
  roundtrip_convergence_hits = 5
  output_dir = /home/nst/amarin/Desktop/ABP_Rare_Events/ABPNoiseSweep/data/abp_noise_T40_scaled_array_1510083/task_2_D0p08
  save_csv = true
  save_plots = false (ignored by data-only script)
Derived MUCA iteration schedule:
  Formula: n_iter_effective(D) = round(n_iter * sqrt(D_scaling_reference / D))
  n_iter = 150
  D_scaling_reference = 0.05
  scale_n_iter_with_D = true
  D=0.08 | factor=0.79057 | effective n_iter=119 | final-iteration sampling moves≈800000000 | total sampling moves over MUCA ramp≈48000000000
Running ABP noise sweep.
trajectory_T = 40.0 (physical integration time)
D values = [0.08]
move weights [reflection, theta0, block, local] = [0.0, 0.05, 0.55, 0.4]
Output dir = /home/nst/amarin/Desktop/ABP_Rare_Events/ABPNoiseSweep/data/abp_noise_T40_scaled_array_1510083/task_2_D0p08

============================================================
MUCA case: D=0.08 Dt=Dr
trajectory_T=40.0 | tail_temperature=1.0 | slope=-1.0
D scaling reference=0.05 | n_iter factor=0.7906 | effective n_iter=119
proposal Δξ block=0.05 | proposal Δξ local=0.8 | move weights=[0.0, 0.05, 0.55, 0.4]
chains=128 | bins=[-1.8, 1.5] | dbias=0.025
early-stop target: average roundtrips per chain ≥ 102.4 for 5 straight iterations
============================================================
Completed MUCA iteration 10/119 | accept=0.3215 | flatness max/mean=1.265 | roundtrips=1916 | steps/50 RT≈1.754e6
Completed MUCA iteration 20/119 | accept=0.3205 | flatness max/mean=1.169 | roundtrips=3961 | steps/50 RT≈1.697e6
Completed MUCA iteration 30/119 | accept=0.3193 | flatness max/mean=1.05 | roundtrips=5969 | steps/50 RT≈1.689e6
Completed MUCA iteration 40/119 | accept=0.3195 | flatness max/mean=1.066 | roundtrips=7819 | steps/50 RT≈1.72e6
Completed MUCA iteration 50/119 | accept=0.318 | flatness max/mean=1.056 | roundtrips=10151 | steps/50 RT≈1.656e6
Completed MUCA iteration 60/119 | accept=0.3188 | flatness max/mean=1.066 | roundtrips=11910 | steps/50 RT≈1.693e6
Stopping MUCA early at iteration 70 | avg roundtrips/chain=109.2344 | target=102.4 | consecutive hits=5
MUCA complete for D=0.08 | elapsed=120189.3s | total sweeps≈25665881088 | final roundtrips=13982 | final avg roundtrips/chain=109.2344
Early-stop condition met at iteration 70 after 5 consecutive hits.

Production case: D=0.08 | chains=128 | total samples=5000000000 | proposal Δξ block=0.05 | proposal Δξ local=0.8 | whole-path endpoint windows=all,x_gt0,x_gt_0p5 | path filter x(t)>-0.8
Whole-path production observation stride = 1000
Whole-path histogram time stride = 1 (all integration points counted)
Production complete for D=0.08 | elapsed=11619.8s | reweighted samples=5000000000/5000000000 | overall ESS=8.326281925353943e8 | ESS/N=0.16652563850707885 | aggregate roundtrips=147723
Endpoint-window diagnostics:
  -1 ≤ x(T) < 0
    biased samples in window     = 2002484501
    reweighted samples in window = 2002484501
    conditional ESS              = 4.637309768508433e8
    out of range yT/meanY/intY/xTyT = 11524893/0/0/11524893
  x(T) > 0
    biased samples in window     = 2500107397
    reweighted samples in window = 2500107397
    conditional ESS              = 8.336629621212887e8
    out of range yT/meanY/intY/xTyT = 22416446/0/0/22416446
  x(T) > 0.5
    biased samples in window     = 1490203023
    reweighted samples in window = 1490203023
    conditional ESS              = 8.078416159172069e8
    out of range yT/meanY/intY/xTyT = 5202797/0/0/5202797
  all endpoints
    biased samples in window     = 5000000000
    reweighted samples in window = 5000000000
    conditional ESS              = 8.326281925353943e8
    out of range yT/meanY/intY/xTyT = 34171523/0/0/34171523
Whole-path endpoint-window diagnostics (kept points satisfy x(t)>-0.8):
  all endpoints
    selected trajectories biased/unbiased = 4999936/4999936
    out of range path y/xy biased = 19574462/19577219
    out of range path y/xy unbiased = 19574462/19577219
  x(T) > 0
    selected trajectories biased/unbiased = 2500365/2500365
    out of range path y/xy biased = 16668967/16671716
    out of range path y/xy unbiased = 16668967/16671716
  x(T) > 0.5
    selected trajectories biased/unbiased = 1490551/1490551
    out of range path y/xy biased = 10482087/10484652
    out of range path y/xy unbiased = 10482087/10484652
Saved case file: /home/nst/amarin/Desktop/ABP_Rare_Events/ABPNoiseSweep/data/abp_noise_T40_scaled_array_1510083/task_2_D0p08/abp_endpoint_conditioned_D0p08.jld2
Exported data CSV files for abp_endpoint_conditioned_D0p08.jld2 to /home/nst/amarin/Desktop/ABP_Rare_Events/ABPNoiseSweep/data/abp_noise_T40_scaled_array_1510083/task_2_D0p08/data/abp_endpoint_conditioned_D0p08
Roundtrip scaling data saved:
  /home/nst/amarin/Desktop/ABP_Rare_Events/ABPNoiseSweep/data/abp_noise_T40_scaled_array_1510083/task_2_D0p08/data/roundtrip_scaling_rows.csv
  /home/nst/amarin/Desktop/ABP_Rare_Events/ABPNoiseSweep/data/abp_noise_T40_scaled_array_1510083/task_2_D0p08/data/roundtrip_scaling_power_law_fit.csv
  steps ≈ NaN * (1/D)^NaN | R²=NaN | n=1
Done sweep.
JLD2 result files:
  /home/nst/amarin/Desktop/ABP_Rare_Events/ABPNoiseSweep/data/abp_noise_T40_scaled_array_1510083/task_2_D0p08/abp_endpoint_conditioned_D0p08.jld2
CSV/data export files:
  /home/nst/amarin/Desktop/ABP_Rare_Events/ABPNoiseSweep/data/abp_noise_T40_scaled_array_1510083/task_2_D0p08/data/abp_endpoint_conditioned_D0p08/muca_last_histogram_logweights.csv
  /home/nst/amarin/Desktop/ABP_Rare_Events/ABPNoiseSweep/data/abp_noise_T40_scaled_array_1510083/task_2_D0p08/data/abp_endpoint_conditioned_D0p08/muca_iteration_diagnostics.csv
  /home/nst/amarin/Desktop/ABP_Rare_Events/ABPNoiseSweep/data/abp_noise_T40_scaled_array_1510083/task_2_D0p08/data/abp_endpoint_conditioned_D0p08/production_roundtrip_trace.csv
  /home/nst/amarin/Desktop/ABP_Rare_Events/ABPNoiseSweep/data/abp_noise_T40_scaled_array_1510083/task_2_D0p08/data/abp_endpoint_conditioned_D0p08/production_roundtrip_aggregate.csv
  /home/nst/amarin/Desktop/ABP_Rare_Events/ABPNoiseSweep/data/abp_noise_T40_scaled_array_1510083/task_2_D0p08/data/abp_endpoint_conditioned_D0p08/hist_endpoint_x_T.csv
  /home/nst/amarin/Desktop/ABP_Rare_Events/ABPNoiseSweep/data/abp_noise_T40_scaled_array_1510083/task_2_D0p08/data/abp_endpoint_conditioned_D0p08/endpoint_all_filtered_path_y.csv
  /home/nst/amarin/Desktop/ABP_Rare_Events/ABPNoiseSweep/data/abp_noise_T40_scaled_array_1510083/task_2_D0p08/data/abp_endpoint_conditioned_D0p08/endpoint_all_filtered_path_x_y_long.csv
  /home/nst/amarin/Desktop/ABP_Rare_Events/ABPNoiseSweep/data/abp_noise_T40_scaled_array_1510083/task_2_D0p08/data/abp_endpoint_conditioned_D0p08/endpoint_x_gt0_filtered_path_y.csv
  /home/nst/amarin/Desktop/ABP_Rare_Events/ABPNoiseSweep/data/abp_noise_T40_scaled_array_1510083/task_2_D0p08/data/abp_endpoint_conditioned_D0p08/endpoint_x_gt0_filtered_path_x_y_long.csv
  /home/nst/amarin/Desktop/ABP_Rare_Events/ABPNoiseSweep/data/abp_noise_T40_scaled_array_1510083/task_2_D0p08/data/abp_endpoint_conditioned_D0p08/endpoint_x_gt_0p5_filtered_path_y.csv
  /home/nst/amarin/Desktop/ABP_Rare_Events/ABPNoiseSweep/data/abp_noise_T40_scaled_array_1510083/task_2_D0p08/data/abp_endpoint_conditioned_D0p08/endpoint_x_gt_0p5_filtered_path_x_y_long.csv
  /home/nst/amarin/Desktop/ABP_Rare_Events/ABPNoiseSweep/data/abp_noise_T40_scaled_array_1510083/task_2_D0p08/data/abp_endpoint_conditioned_D0p08/endpoint_x_gt_0p5_trajectory_summary.csv
  /home/nst/amarin/Desktop/ABP_Rare_Events/ABPNoiseSweep/data/abp_noise_T40_scaled_array_1510083/task_2_D0p08/data/abp_endpoint_conditioned_D0p08/endpoint_x_gt_0p5_average_trajectory.csv
  /home/nst/amarin/Desktop/ABP_Rare_Events/ABPNoiseSweep/data/abp_noise_T40_scaled_array_1510083/task_2_D0p08/data/abp_endpoint_conditioned_D0p08/conditional_x_m1_0_one_dimensional_histograms.csv
  /home/nst/amarin/Desktop/ABP_Rare_Events/ABPNoiseSweep/data/abp_noise_T40_scaled_array_1510083/task_2_D0p08/data/abp_endpoint_conditioned_D0p08/conditional_x_gt0_one_dimensional_histograms.csv
  /home/nst/amarin/Desktop/ABP_Rare_Events/ABPNoiseSweep/data/abp_noise_T40_scaled_array_1510083/task_2_D0p08/data/abp_endpoint_conditioned_D0p08/conditional_x_gt_0p5_one_dimensional_histograms.csv
  /home/nst/amarin/Desktop/ABP_Rare_Events/ABPNoiseSweep/data/abp_noise_T40_scaled_array_1510083/task_2_D0p08/data/abp_endpoint_conditioned_D0p08/conditional_all_one_dimensional_histograms.csv
  /home/nst/amarin/Desktop/ABP_Rare_Events/ABPNoiseSweep/data/abp_noise_T40_scaled_array_1510083/task_2_D0p08/data/abp_endpoint_conditioned_D0p08/case_summary.csv
  /home/nst/amarin/Desktop/ABP_Rare_Events/ABPNoiseSweep/data/abp_noise_T40_scaled_array_1510083/task_2_D0p08/data/roundtrip_scaling_rows.csv
  /home/nst/amarin/Desktop/ABP_Rare_Events/ABPNoiseSweep/data/abp_noise_T40_scaled_array_1510083/task_2_D0p08/data/roundtrip_scaling_power_law_fit.csv
Finished at: 2026-07-09 06:14:27
============================================================
Completed ABP noise-array task, T=40, D-scaled production
============================================================
Noise D:                         0.08
Array task:                      2
Chosen production observations:  5000000000
Case directories copied:         1
JLD2 files copied:               1
Task output:                     /home/nst/amarin/Desktop/ABP_Rare_Events/ABPNoiseSweep/data/abp_noise_T40_scaled_array_1510083/task_2_D0p08
Combined output:                 /home/nst/amarin/Desktop/ABP_Rare_Events/ABPNoiseSweep/data/abp_noise_T40_scaled_array_1510083/combined
Output size:
75M	/home/nst/amarin/Desktop/ABP_Rare_Events/ABPNoiseSweep/data/abp_noise_T40_scaled_array_1510083/task_2_D0p08
174M	/home/nst/amarin/Desktop/ABP_Rare_Events/ABPNoiseSweep/data/abp_noise_T40_scaled_array_1510083/combined
============================================================
