============================================================
Fixed-noise speed task: MUCA -> production
D = 0.025 | v = 0.325 | array task = 1
Threads = 128 | production chains = 128
MUCA iterations = 200
MUCA final-iteration moves = 800000000
Production moves = 55000000000
Task output = /home/nst/amarin/Desktop/ABP_Rare_Events/ABPNoiseSweep/data/abp_speed_D0p025_array_1669022/task_1_v0p325
============================================================
============================================================
Fixed-noise ABP speed landscape: MUCA -> production
D = Dt = Dr = 0.025 | v = 0.325
Julia threads = 128
MUCA iterations = 200
Approximate total MUCA sampling moves = 80400000000
Production moves = 55000000000
Production chains = 128
Path-observation stride = 1000
Output = data/fixed_D0p025_speed_landscape/v_0p325
============================================================
Running ABP noise sweep.
trajectory_T = 40.0 (physical integration time)
D values = [0.025]
move weights [reflection, theta0, block, local] = [0.0, 0.05, 0.55, 0.4]
Output dir = data/fixed_D0p025_speed_landscape/v_0p325

============================================================
MUCA case: D=0.025 Dt=Dr
trajectory_T=40.0 | tail_temperature=2.0 | slope=-0.5
D scaling reference=0.025 | n_iter factor=1.0 | effective n_iter=200
proposal Δξ block=0.05 | proposal Δξ local=0.8 | move weights=[0.0, 0.05, 0.55, 0.4]
chains=128 | bins=[-1.8, 1.5] | dbias=0.05
early-stop target: average roundtrips per chain ≥ 128.0 for 3 straight iterations
============================================================
Completed MUCA iteration 10/200 | accept=0.31 | flatness max/mean=4.503 | roundtrips=0 | steps/50 RT≈Inf
Completed MUCA iteration 20/200 | accept=0.3093 | flatness max/mean=3.425 | roundtrips=0 | steps/50 RT≈Inf
Completed MUCA iteration 30/200 | accept=0.3103 | flatness max/mean=2.226 | roundtrips=0 | steps/50 RT≈Inf
Completed MUCA iteration 40/200 | accept=0.316 | flatness max/mean=1.414 | roundtrips=1 | steps/50 RT≈8.0e9
Completed MUCA iteration 50/200 | accept=0.3145 | flatness max/mean=1.468 | roundtrips=1 | steps/50 RT≈1.0e10
Completed MUCA iteration 60/200 | accept=0.3139 | flatness max/mean=1.641 | roundtrips=3 | steps/50 RT≈4.0e9
Completed MUCA iteration 70/200 | accept=0.3147 | flatness max/mean=1.332 | roundtrips=4 | steps/50 RT≈3.5e9
Completed MUCA iteration 80/200 | accept=0.3132 | flatness max/mean=1.18 | roundtrips=8 | steps/50 RT≈2.0e9
Completed MUCA iteration 90/200 | accept=0.3126 | flatness max/mean=1.12 | roundtrips=9 | steps/50 RT≈2.0e9
Completed MUCA iteration 100/200 | accept=0.3129 | flatness max/mean=1.165 | roundtrips=9 | steps/50 RT≈2.222e9
Completed MUCA iteration 110/200 | accept=0.3149 | flatness max/mean=1.145 | roundtrips=18 | steps/50 RT≈1.222e9
Completed MUCA iteration 120/200 | accept=0.3177 | flatness max/mean=1.268 | roundtrips=20 | steps/50 RT≈1.2e9
Completed MUCA iteration 130/200 | accept=0.3154 | flatness max/mean=1.256 | roundtrips=18 | steps/50 RT≈1.444e9
Completed MUCA iteration 140/200 | accept=0.3138 | flatness max/mean=1.286 | roundtrips=28 | steps/50 RT≈1.0e9
Completed MUCA iteration 150/200 | accept=0.316 | flatness max/mean=1.392 | roundtrips=25 | steps/50 RT≈1.2e9
Completed MUCA iteration 160/200 | accept=0.3136 | flatness max/mean=1.343 | roundtrips=23 | steps/50 RT≈1.391e9
Completed MUCA iteration 170/200 | accept=0.3131 | flatness max/mean=1.323 | roundtrips=29 | steps/50 RT≈1.172e9
Completed MUCA iteration 180/200 | accept=0.312 | flatness max/mean=1.488 | roundtrips=27 | steps/50 RT≈1.333e9
Completed MUCA iteration 190/200 | accept=0.3154 | flatness max/mean=1.406 | roundtrips=28 | steps/50 RT≈1.357e9
Completed MUCA iteration 200/200 | accept=0.3161 | flatness max/mean=1.51 | roundtrips=32 | steps/50 RT≈1.25e9
MUCA complete for D=0.025 | elapsed=455909.2s | total sweeps≈106000000000 | final roundtrips=32 | final avg roundtrips/chain=0.25
Early-stop condition was not reached.

Production case: D=0.025 | chains=128 | total samples=55000000000 | proposal Δξ block=0.05 | proposal Δξ local=0.8 | whole-path endpoint windows=all,x_gt0,x_gt_0p5 | path filter x(t)>-1.0
Whole-path production observation stride = 1000
Whole-path histogram time stride = 1 (all integration points counted)
Production complete for D=0.025 | elapsed=105147.9s | reweighted samples=55000000000/55000000000 | overall ESS=5.772766429749248e9 | ESS/N=0.1049593896318045 | aggregate roundtrips=3685
Endpoint-window diagnostics:
  -1 ≤ x(T) < 0
    biased samples in window     = 23596272269
    reweighted samples in window = 23596272269
    conditional ESS              = 3.0930973446278768e9
    out of range yT/meanY/intY/xTyT = 90396/0/0/90396
  x(T) > 0
    biased samples in window     = 25352383286
    reweighted samples in window = 25352383286
    conditional ESS              = 3.890561842139946e9
    out of range yT/meanY/intY/xTyT = 426334/0/0/426334
  x(T) > 0.5
    biased samples in window     = 13894831053
    reweighted samples in window = 13894831053
    conditional ESS              = 3.4950867753652997e9
    out of range yT/meanY/intY/xTyT = 181371/0/0/181371
  all endpoints
    biased samples in window     = 55000000000
    reweighted samples in window = 55000000000
    conditional ESS              = 5.772766429749248e9
    out of range yT/meanY/intY/xTyT = 516730/0/0/516730
Whole-path endpoint-window diagnostics (kept points satisfy x(t)>-1.0):
  all endpoints
    selected trajectories biased/unbiased = 54999936/54999936
    out of range path y/xy biased = 528910/528910
    out of range path y/xy unbiased = 528910/528910
  x(T) > 0
    selected trajectories biased/unbiased = 25353630/25353630
    out of range path y/xy biased = 475125/475125
    out of range path y/xy unbiased = 475125/475125
  x(T) > 0.5
    selected trajectories biased/unbiased = 13891821/13891821
    out of range path y/xy biased = 280446/280446
    out of range path y/xy unbiased = 280446/280446
Saved case file: data/fixed_D0p025_speed_landscape/v_0p325/abp_endpoint_conditioned_D0p025.jld2
Exported data CSV files for abp_endpoint_conditioned_D0p025.jld2 to data/fixed_D0p025_speed_landscape/v_0p325/data/abp_endpoint_conditioned_D0p025
Roundtrip scaling data saved:
  data/fixed_D0p025_speed_landscape/v_0p325/data/roundtrip_scaling_rows.csv
  data/fixed_D0p025_speed_landscape/v_0p325/data/roundtrip_scaling_power_law_fit.csv
  steps ≈ NaN * (1/D)^NaN | R²=NaN | n=1
Done sweep.
JLD2 result files:
  data/fixed_D0p025_speed_landscape/v_0p325/abp_endpoint_conditioned_D0p025.jld2
CSV/data export files:
  data/fixed_D0p025_speed_landscape/v_0p325/data/abp_endpoint_conditioned_D0p025/muca_last_histogram_logweights.csv
  data/fixed_D0p025_speed_landscape/v_0p325/data/abp_endpoint_conditioned_D0p025/muca_iteration_diagnostics.csv
  data/fixed_D0p025_speed_landscape/v_0p325/data/abp_endpoint_conditioned_D0p025/production_roundtrip_trace.csv
  data/fixed_D0p025_speed_landscape/v_0p325/data/abp_endpoint_conditioned_D0p025/production_roundtrip_aggregate.csv
  data/fixed_D0p025_speed_landscape/v_0p325/data/abp_endpoint_conditioned_D0p025/hist_endpoint_x_T.csv
  data/fixed_D0p025_speed_landscape/v_0p325/data/abp_endpoint_conditioned_D0p025/endpoint_all_filtered_path_y.csv
  data/fixed_D0p025_speed_landscape/v_0p325/data/abp_endpoint_conditioned_D0p025/endpoint_all_filtered_path_x_y_long.csv
  data/fixed_D0p025_speed_landscape/v_0p325/data/abp_endpoint_conditioned_D0p025/endpoint_x_gt0_filtered_path_y.csv
  data/fixed_D0p025_speed_landscape/v_0p325/data/abp_endpoint_conditioned_D0p025/endpoint_x_gt0_filtered_path_x_y_long.csv
  data/fixed_D0p025_speed_landscape/v_0p325/data/abp_endpoint_conditioned_D0p025/endpoint_x_gt_0p5_filtered_path_y.csv
  data/fixed_D0p025_speed_landscape/v_0p325/data/abp_endpoint_conditioned_D0p025/endpoint_x_gt_0p5_filtered_path_x_y_long.csv
  data/fixed_D0p025_speed_landscape/v_0p325/data/abp_endpoint_conditioned_D0p025/endpoint_x_gt_0p5_trajectory_summary.csv
  data/fixed_D0p025_speed_landscape/v_0p325/data/abp_endpoint_conditioned_D0p025/endpoint_x_gt_0p5_average_trajectory.csv
  data/fixed_D0p025_speed_landscape/v_0p325/data/abp_endpoint_conditioned_D0p025/conditional_x_m1_0_one_dimensional_histograms.csv
  data/fixed_D0p025_speed_landscape/v_0p325/data/abp_endpoint_conditioned_D0p025/conditional_x_gt0_one_dimensional_histograms.csv
  data/fixed_D0p025_speed_landscape/v_0p325/data/abp_endpoint_conditioned_D0p025/conditional_x_gt_0p5_one_dimensional_histograms.csv
  data/fixed_D0p025_speed_landscape/v_0p325/data/abp_endpoint_conditioned_D0p025/conditional_all_one_dimensional_histograms.csv
  data/fixed_D0p025_speed_landscape/v_0p325/data/abp_endpoint_conditioned_D0p025/case_summary.csv
  data/fixed_D0p025_speed_landscape/v_0p325/data/roundtrip_scaling_rows.csv
  data/fixed_D0p025_speed_landscape/v_0p325/data/roundtrip_scaling_power_law_fit.csv

SUCCESS: MUCA and production completed for v = 0.325
Main result: data/fixed_D0p025_speed_landscape/v_0p325/abp_endpoint_conditioned_D0p025.jld2
CSV files written: 20
ERROR: expected one JLD2 result, found 0
