============================================================
Fixed-noise speed task: MUCA -> production
D = 0.025 | v = 0.385 | array task = 13
Threads = 128 | production chains = 128
MUCA iterations = 200
MUCA final-iteration moves = 800000000
Production moves = 55000000000
Task output = /home/nst/amarin/Desktop/ABP_Rare_Events/ABPNoiseSweep/data/abp_speed_D0p025_array_1669022/task_13_v0p385
============================================================
============================================================
Fixed-noise ABP speed landscape: MUCA -> production
D = Dt = Dr = 0.025 | v = 0.385
Julia threads = 128
MUCA iterations = 200
Approximate total MUCA sampling moves = 80400000000
Production moves = 55000000000
Production chains = 128
Path-observation stride = 1000
Output = data/fixed_D0p025_speed_landscape/v_0p385
============================================================
Running ABP noise sweep.
trajectory_T = 40.0 (physical integration time)
D values = [0.025]
move weights [reflection, theta0, block, local] = [0.0, 0.05, 0.55, 0.4]
Output dir = data/fixed_D0p025_speed_landscape/v_0p385

============================================================
MUCA case: D=0.025 Dt=Dr
trajectory_T=40.0 | tail_temperature=2.0 | slope=-0.5
D scaling reference=0.025 | n_iter factor=1.0 | effective n_iter=200
proposal Δξ block=0.05 | proposal Δξ local=0.8 | move weights=[0.0, 0.05, 0.55, 0.4]
chains=128 | bins=[-1.8, 1.5] | dbias=0.05
early-stop target: average roundtrips per chain ≥ 128.0 for 3 straight iterations
============================================================
Completed MUCA iteration 10/200 | accept=0.3091 | flatness max/mean=3.012 | roundtrips=0 | steps/50 RT≈Inf
Completed MUCA iteration 20/200 | accept=0.3036 | flatness max/mean=3.385 | roundtrips=0 | steps/50 RT≈Inf
Completed MUCA iteration 30/200 | accept=0.31 | flatness max/mean=1.598 | roundtrips=0 | steps/50 RT≈Inf
Completed MUCA iteration 40/200 | accept=0.312 | flatness max/mean=1.534 | roundtrips=0 | steps/50 RT≈Inf
Completed MUCA iteration 50/200 | accept=0.3072 | flatness max/mean=1.73 | roundtrips=4 | steps/50 RT≈2.5e9
Completed MUCA iteration 60/200 | accept=0.3117 | flatness max/mean=1.524 | roundtrips=8 | steps/50 RT≈1.5e9
Completed MUCA iteration 70/200 | accept=0.3138 | flatness max/mean=1.694 | roundtrips=7 | steps/50 RT≈2.0e9
Completed MUCA iteration 80/200 | accept=0.3076 | flatness max/mean=1.713 | roundtrips=6 | steps/50 RT≈2.667e9
Completed MUCA iteration 90/200 | accept=0.3111 | flatness max/mean=1.417 | roundtrips=10 | steps/50 RT≈1.8e9
Completed MUCA iteration 100/200 | accept=0.3142 | flatness max/mean=1.344 | roundtrips=14 | steps/50 RT≈1.429e9
Completed MUCA iteration 110/200 | accept=0.312 | flatness max/mean=1.506 | roundtrips=15 | steps/50 RT≈1.467e9
Completed MUCA iteration 120/200 | accept=0.3114 | flatness max/mean=1.91 | roundtrips=18 | steps/50 RT≈1.333e9
Completed MUCA iteration 130/200 | accept=0.3102 | flatness max/mean=1.709 | roundtrips=22 | steps/50 RT≈1.182e9
Completed MUCA iteration 140/200 | accept=0.3118 | flatness max/mean=1.71 | roundtrips=19 | steps/50 RT≈1.474e9
Completed MUCA iteration 150/200 | accept=0.3124 | flatness max/mean=1.561 | roundtrips=23 | steps/50 RT≈1.304e9
Completed MUCA iteration 160/200 | accept=0.3118 | flatness max/mean=1.648 | roundtrips=24 | steps/50 RT≈1.333e9
Completed MUCA iteration 170/200 | accept=0.3115 | flatness max/mean=1.411 | roundtrips=27 | steps/50 RT≈1.259e9
Completed MUCA iteration 180/200 | accept=0.3116 | flatness max/mean=1.198 | roundtrips=25 | steps/50 RT≈1.44e9
Completed MUCA iteration 190/200 | accept=0.3118 | flatness max/mean=1.203 | roundtrips=38 | steps/50 RT≈1.0e9
Completed MUCA iteration 200/200 | accept=0.3143 | flatness max/mean=1.205 | roundtrips=36 | steps/50 RT≈1.111e9
MUCA complete for D=0.025 | elapsed=393127.3s | total sweeps≈106000000000 | final roundtrips=36 | final avg roundtrips/chain=0.2812
Early-stop condition was not reached.

Production case: D=0.025 | chains=128 | total samples=55000000000 | proposal Δξ block=0.05 | proposal Δξ local=0.8 | whole-path endpoint windows=all,x_gt0,x_gt_0p5 | path filter x(t)>-1.0
Whole-path production observation stride = 1000
Whole-path histogram time stride = 1 (all integration points counted)
Production complete for D=0.025 | elapsed=98706.5s | reweighted samples=55000000000/55000000000 | overall ESS=6.492038296438151e9 | ESS/N=0.11803705993523912 | aggregate roundtrips=4531
Endpoint-window diagnostics:
  -1 ≤ x(T) < 0
    biased samples in window     = 26129157044
    reweighted samples in window = 26129157044
    conditional ESS              = 3.5027752450245457e9
    out of range yT/meanY/intY/xTyT = 1897235/0/0/1897235
  x(T) > 0
    biased samples in window     = 22456523904
    reweighted samples in window = 22456523904
    conditional ESS              = 1.6067063281529617e9
    out of range yT/meanY/intY/xTyT = 6019742/0/0/6019742
  x(T) > 0.5
    biased samples in window     = 9829510762
    reweighted samples in window = 9829510762
    conditional ESS              = 1.426026007196996e9
    out of range yT/meanY/intY/xTyT = 2193717/0/0/2193717
  all endpoints
    biased samples in window     = 55000000000
    reweighted samples in window = 55000000000
    conditional ESS              = 6.492038296438151e9
    out of range yT/meanY/intY/xTyT = 7916977/0/0/7916977
Whole-path endpoint-window diagnostics (kept points satisfy x(t)>-1.0):
  all endpoints
    selected trajectories biased/unbiased = 54999936/54999936
    out of range path y/xy biased = 8994047/8994047
    out of range path y/xy unbiased = 8994047/8994047
  x(T) > 0
    selected trajectories biased/unbiased = 22457971/22457971
    out of range path y/xy biased = 7551404/7551404
    out of range path y/xy unbiased = 7551404/7551404
  x(T) > 0.5
    selected trajectories biased/unbiased = 9832527/9832527
    out of range path y/xy biased = 3651116/3651116
    out of range path y/xy unbiased = 3651116/3651116
Saved case file: data/fixed_D0p025_speed_landscape/v_0p385/abp_endpoint_conditioned_D0p025.jld2
Exported data CSV files for abp_endpoint_conditioned_D0p025.jld2 to data/fixed_D0p025_speed_landscape/v_0p385/data/abp_endpoint_conditioned_D0p025
Roundtrip scaling data saved:
  data/fixed_D0p025_speed_landscape/v_0p385/data/roundtrip_scaling_rows.csv
  data/fixed_D0p025_speed_landscape/v_0p385/data/roundtrip_scaling_power_law_fit.csv
  steps ≈ NaN * (1/D)^NaN | R²=NaN | n=1
Done sweep.
JLD2 result files:
  data/fixed_D0p025_speed_landscape/v_0p385/abp_endpoint_conditioned_D0p025.jld2
CSV/data export files:
  data/fixed_D0p025_speed_landscape/v_0p385/data/abp_endpoint_conditioned_D0p025/muca_last_histogram_logweights.csv
  data/fixed_D0p025_speed_landscape/v_0p385/data/abp_endpoint_conditioned_D0p025/muca_iteration_diagnostics.csv
  data/fixed_D0p025_speed_landscape/v_0p385/data/abp_endpoint_conditioned_D0p025/production_roundtrip_trace.csv
  data/fixed_D0p025_speed_landscape/v_0p385/data/abp_endpoint_conditioned_D0p025/production_roundtrip_aggregate.csv
  data/fixed_D0p025_speed_landscape/v_0p385/data/abp_endpoint_conditioned_D0p025/hist_endpoint_x_T.csv
  data/fixed_D0p025_speed_landscape/v_0p385/data/abp_endpoint_conditioned_D0p025/endpoint_all_filtered_path_y.csv
  data/fixed_D0p025_speed_landscape/v_0p385/data/abp_endpoint_conditioned_D0p025/endpoint_all_filtered_path_x_y_long.csv
  data/fixed_D0p025_speed_landscape/v_0p385/data/abp_endpoint_conditioned_D0p025/endpoint_x_gt0_filtered_path_y.csv
  data/fixed_D0p025_speed_landscape/v_0p385/data/abp_endpoint_conditioned_D0p025/endpoint_x_gt0_filtered_path_x_y_long.csv
  data/fixed_D0p025_speed_landscape/v_0p385/data/abp_endpoint_conditioned_D0p025/endpoint_x_gt_0p5_filtered_path_y.csv
  data/fixed_D0p025_speed_landscape/v_0p385/data/abp_endpoint_conditioned_D0p025/endpoint_x_gt_0p5_filtered_path_x_y_long.csv
  data/fixed_D0p025_speed_landscape/v_0p385/data/abp_endpoint_conditioned_D0p025/endpoint_x_gt_0p5_trajectory_summary.csv
  data/fixed_D0p025_speed_landscape/v_0p385/data/abp_endpoint_conditioned_D0p025/endpoint_x_gt_0p5_average_trajectory.csv
  data/fixed_D0p025_speed_landscape/v_0p385/data/abp_endpoint_conditioned_D0p025/conditional_x_m1_0_one_dimensional_histograms.csv
  data/fixed_D0p025_speed_landscape/v_0p385/data/abp_endpoint_conditioned_D0p025/conditional_x_gt0_one_dimensional_histograms.csv
  data/fixed_D0p025_speed_landscape/v_0p385/data/abp_endpoint_conditioned_D0p025/conditional_x_gt_0p5_one_dimensional_histograms.csv
  data/fixed_D0p025_speed_landscape/v_0p385/data/abp_endpoint_conditioned_D0p025/conditional_all_one_dimensional_histograms.csv
  data/fixed_D0p025_speed_landscape/v_0p385/data/abp_endpoint_conditioned_D0p025/case_summary.csv
  data/fixed_D0p025_speed_landscape/v_0p385/data/roundtrip_scaling_rows.csv
  data/fixed_D0p025_speed_landscape/v_0p385/data/roundtrip_scaling_power_law_fit.csv

SUCCESS: MUCA and production completed for v = 0.385
Main result: data/fixed_D0p025_speed_landscape/v_0p385/abp_endpoint_conditioned_D0p025.jld2
CSV files written: 20
ERROR: expected one JLD2 result, found 0
