============================================================
Fixed-noise low-speed task: MUCA -> production
D = 0.025 | v = 0.315 | array task = 5
Job ID = 1700987
Threads = 128
MUCA iterations = 200
MUCA final-iteration moves = 800000000
Production moves = 55000000000
Production chains = 128
Path-observation stride = 1000
Path filter x(t) > -1.0
Task output = /home/nst/amarin/Desktop/ABP_Rare_Events/ABPNoiseSweep/data/abp_speed_D0p025_array_1700987/task_5_v0p315
Runner = /home/nst/amarin/Desktop/ABP_Rare_Events/ABPNoiseSweep/scripts/run_fixed_D_speed_landscape.jl
============================================================
============================================================
Fixed-noise ABP speed landscape: MUCA -> production
D = Dt = Dr = 0.025 | v = 0.315
Julia threads = 128
MUCA iterations = 200
Approximate total MUCA sampling moves = 80400000000
Production moves = 55000000000
Production chains = 128
Path-observation stride = 1000
Output = /home/nst/amarin/Desktop/ABP_Rare_Events/ABPNoiseSweep/data/abp_speed_D0p025_array_1700987/task_5_v0p315
============================================================
Running ABP noise sweep.
trajectory_T = 40.0 (physical integration time)
D values = [0.025]
move weights [reflection, theta0, block, local] = [0.0, 0.05, 0.55, 0.4]
Output dir = /home/nst/amarin/Desktop/ABP_Rare_Events/ABPNoiseSweep/data/abp_speed_D0p025_array_1700987/task_5_v0p315

============================================================
MUCA case: D=0.025 Dt=Dr
trajectory_T=40.0 | tail_temperature=2.0 | slope=-0.5
D scaling reference=0.025 | n_iter factor=1.0 | effective n_iter=200
proposal Δξ block=0.05 | proposal Δξ local=0.8 | move weights=[0.0, 0.05, 0.55, 0.4]
chains=128 | bins=[-1.8, 1.5] | dbias=0.05
early-stop target: average roundtrips per chain ≥ 128.0 for 3 straight iterations
============================================================
Completed MUCA iteration 10/200 | accept=0.3126 | flatness max/mean=6.533 | roundtrips=0 | steps/50 RT≈Inf
Completed MUCA iteration 20/200 | accept=0.3081 | flatness max/mean=3.569 | roundtrips=0 | steps/50 RT≈Inf
Completed MUCA iteration 30/200 | accept=0.31 | flatness max/mean=2.317 | roundtrips=0 | steps/50 RT≈Inf
Completed MUCA iteration 40/200 | accept=0.3129 | flatness max/mean=1.265 | roundtrips=1 | steps/50 RT≈8.0e9
Completed MUCA iteration 50/200 | accept=0.3141 | flatness max/mean=1.372 | roundtrips=2 | steps/50 RT≈5.0e9
Completed MUCA iteration 60/200 | accept=0.3151 | flatness max/mean=1.569 | roundtrips=3 | steps/50 RT≈4.0e9
Completed MUCA iteration 70/200 | accept=0.3167 | flatness max/mean=1.376 | roundtrips=4 | steps/50 RT≈3.5e9
Completed MUCA iteration 80/200 | accept=0.3157 | flatness max/mean=1.696 | roundtrips=5 | steps/50 RT≈3.2e9
Completed MUCA iteration 90/200 | accept=0.3103 | flatness max/mean=1.371 | roundtrips=9 | steps/50 RT≈2.0e9
Completed MUCA iteration 100/200 | accept=0.3137 | flatness max/mean=1.148 | roundtrips=9 | steps/50 RT≈2.222e9
Completed MUCA iteration 110/200 | accept=0.3126 | flatness max/mean=1.559 | roundtrips=8 | steps/50 RT≈2.75e9
Completed MUCA iteration 120/200 | accept=0.3161 | flatness max/mean=1.697 | roundtrips=18 | steps/50 RT≈1.333e9
Completed MUCA iteration 130/200 | accept=0.3146 | flatness max/mean=1.494 | roundtrips=20 | steps/50 RT≈1.3e9
Completed MUCA iteration 140/200 | accept=0.3147 | flatness max/mean=1.789 | roundtrips=14 | steps/50 RT≈2.0e9
Completed MUCA iteration 150/200 | accept=0.3129 | flatness max/mean=1.552 | roundtrips=15 | steps/50 RT≈2.0e9
Completed MUCA iteration 160/200 | accept=0.3142 | flatness max/mean=1.404 | roundtrips=26 | steps/50 RT≈1.231e9
Completed MUCA iteration 170/200 | accept=0.3162 | flatness max/mean=1.431 | roundtrips=20 | steps/50 RT≈1.7e9
Completed MUCA iteration 180/200 | accept=0.3157 | flatness max/mean=1.636 | roundtrips=21 | steps/50 RT≈1.714e9
Completed MUCA iteration 190/200 | accept=0.3143 | flatness max/mean=1.401 | roundtrips=32 | steps/50 RT≈1.188e9
Completed MUCA iteration 200/200 | accept=0.3157 | flatness max/mean=1.33 | roundtrips=36 | steps/50 RT≈1.111e9
MUCA complete for D=0.025 | elapsed=456913.1s | total sweeps≈106000000000 | final roundtrips=36 | final avg roundtrips/chain=0.2812
Early-stop condition was not reached.

Production case: D=0.025 | chains=128 | total samples=55000000000 | proposal Δξ block=0.05 | proposal Δξ local=0.8 | whole-path endpoint windows=all,x_gt0,x_gt_0p5 | path filter x(t)>-1.0
Whole-path production observation stride = 1000
Whole-path histogram time stride = 1 (all integration points counted)
Production complete for D=0.025 | elapsed=109249.1s | reweighted samples=55000000000/55000000000 | overall ESS=5.665046087972002e9 | ESS/N=0.10300083796312731 | aggregate roundtrips=3805
Endpoint-window diagnostics:
  -1 ≤ x(T) < 0
    biased samples in window     = 24252502363
    reweighted samples in window = 24252502363
    conditional ESS              = 3.0407720748627124e9
    out of range yT/meanY/intY/xTyT = 73070/0/0/73070
  x(T) > 0
    biased samples in window     = 24814710747
    reweighted samples in window = 24814710747
    conditional ESS              = 3.178505460315081e9
    out of range yT/meanY/intY/xTyT = 328827/0/0/328827
  x(T) > 0.5
    biased samples in window     = 12853654429
    reweighted samples in window = 12853654429
    conditional ESS              = 2.8384442968221364e9
    out of range yT/meanY/intY/xTyT = 128367/0/0/128367
  all endpoints
    biased samples in window     = 55000000000
    reweighted samples in window = 55000000000
    conditional ESS              = 5.665046087972002e9
    out of range yT/meanY/intY/xTyT = 401897/0/0/401897
Whole-path endpoint-window diagnostics (kept points satisfy x(t)>-1.0):
  all endpoints
    selected trajectories biased/unbiased = 54999936/54999936
    out of range path y/xy biased = 271268/271268
    out of range path y/xy unbiased = 271268/271268
  x(T) > 0
    selected trajectories biased/unbiased = 24814917/24814917
    out of range path y/xy biased = 240355/240355
    out of range path y/xy unbiased = 240355/240355
  x(T) > 0.5
    selected trajectories biased/unbiased = 12850492/12850492
    out of range path y/xy biased = 133050/133050
    out of range path y/xy unbiased = 133050/133050
Saved case file: /home/nst/amarin/Desktop/ABP_Rare_Events/ABPNoiseSweep/data/abp_speed_D0p025_array_1700987/task_5_v0p315/abp_endpoint_conditioned_D0p025.jld2
Exported data CSV files for abp_endpoint_conditioned_D0p025.jld2 to /home/nst/amarin/Desktop/ABP_Rare_Events/ABPNoiseSweep/data/abp_speed_D0p025_array_1700987/task_5_v0p315/data/abp_endpoint_conditioned_D0p025
Roundtrip scaling data saved:
  /home/nst/amarin/Desktop/ABP_Rare_Events/ABPNoiseSweep/data/abp_speed_D0p025_array_1700987/task_5_v0p315/data/roundtrip_scaling_rows.csv
  /home/nst/amarin/Desktop/ABP_Rare_Events/ABPNoiseSweep/data/abp_speed_D0p025_array_1700987/task_5_v0p315/data/roundtrip_scaling_power_law_fit.csv
  steps ≈ NaN * (1/D)^NaN | R²=NaN | n=1
Done sweep.
JLD2 result files:
  /home/nst/amarin/Desktop/ABP_Rare_Events/ABPNoiseSweep/data/abp_speed_D0p025_array_1700987/task_5_v0p315/abp_endpoint_conditioned_D0p025.jld2
CSV/data export files:
  /home/nst/amarin/Desktop/ABP_Rare_Events/ABPNoiseSweep/data/abp_speed_D0p025_array_1700987/task_5_v0p315/data/abp_endpoint_conditioned_D0p025/muca_last_histogram_logweights.csv
  /home/nst/amarin/Desktop/ABP_Rare_Events/ABPNoiseSweep/data/abp_speed_D0p025_array_1700987/task_5_v0p315/data/abp_endpoint_conditioned_D0p025/muca_iteration_diagnostics.csv
  /home/nst/amarin/Desktop/ABP_Rare_Events/ABPNoiseSweep/data/abp_speed_D0p025_array_1700987/task_5_v0p315/data/abp_endpoint_conditioned_D0p025/production_roundtrip_trace.csv
  /home/nst/amarin/Desktop/ABP_Rare_Events/ABPNoiseSweep/data/abp_speed_D0p025_array_1700987/task_5_v0p315/data/abp_endpoint_conditioned_D0p025/production_roundtrip_aggregate.csv
  /home/nst/amarin/Desktop/ABP_Rare_Events/ABPNoiseSweep/data/abp_speed_D0p025_array_1700987/task_5_v0p315/data/abp_endpoint_conditioned_D0p025/hist_endpoint_x_T.csv
  /home/nst/amarin/Desktop/ABP_Rare_Events/ABPNoiseSweep/data/abp_speed_D0p025_array_1700987/task_5_v0p315/data/abp_endpoint_conditioned_D0p025/endpoint_all_filtered_path_y.csv
  /home/nst/amarin/Desktop/ABP_Rare_Events/ABPNoiseSweep/data/abp_speed_D0p025_array_1700987/task_5_v0p315/data/abp_endpoint_conditioned_D0p025/endpoint_all_filtered_path_x_y_long.csv
  /home/nst/amarin/Desktop/ABP_Rare_Events/ABPNoiseSweep/data/abp_speed_D0p025_array_1700987/task_5_v0p315/data/abp_endpoint_conditioned_D0p025/endpoint_x_gt0_filtered_path_y.csv
  /home/nst/amarin/Desktop/ABP_Rare_Events/ABPNoiseSweep/data/abp_speed_D0p025_array_1700987/task_5_v0p315/data/abp_endpoint_conditioned_D0p025/endpoint_x_gt0_filtered_path_x_y_long.csv
  /home/nst/amarin/Desktop/ABP_Rare_Events/ABPNoiseSweep/data/abp_speed_D0p025_array_1700987/task_5_v0p315/data/abp_endpoint_conditioned_D0p025/endpoint_x_gt_0p5_filtered_path_y.csv
  /home/nst/amarin/Desktop/ABP_Rare_Events/ABPNoiseSweep/data/abp_speed_D0p025_array_1700987/task_5_v0p315/data/abp_endpoint_conditioned_D0p025/endpoint_x_gt_0p5_filtered_path_x_y_long.csv
  /home/nst/amarin/Desktop/ABP_Rare_Events/ABPNoiseSweep/data/abp_speed_D0p025_array_1700987/task_5_v0p315/data/abp_endpoint_conditioned_D0p025/endpoint_x_gt_0p5_trajectory_summary.csv
  /home/nst/amarin/Desktop/ABP_Rare_Events/ABPNoiseSweep/data/abp_speed_D0p025_array_1700987/task_5_v0p315/data/abp_endpoint_conditioned_D0p025/endpoint_x_gt_0p5_average_trajectory.csv
  /home/nst/amarin/Desktop/ABP_Rare_Events/ABPNoiseSweep/data/abp_speed_D0p025_array_1700987/task_5_v0p315/data/abp_endpoint_conditioned_D0p025/conditional_x_m1_0_one_dimensional_histograms.csv
  /home/nst/amarin/Desktop/ABP_Rare_Events/ABPNoiseSweep/data/abp_speed_D0p025_array_1700987/task_5_v0p315/data/abp_endpoint_conditioned_D0p025/conditional_x_gt0_one_dimensional_histograms.csv
  /home/nst/amarin/Desktop/ABP_Rare_Events/ABPNoiseSweep/data/abp_speed_D0p025_array_1700987/task_5_v0p315/data/abp_endpoint_conditioned_D0p025/conditional_x_gt_0p5_one_dimensional_histograms.csv
  /home/nst/amarin/Desktop/ABP_Rare_Events/ABPNoiseSweep/data/abp_speed_D0p025_array_1700987/task_5_v0p315/data/abp_endpoint_conditioned_D0p025/conditional_all_one_dimensional_histograms.csv
  /home/nst/amarin/Desktop/ABP_Rare_Events/ABPNoiseSweep/data/abp_speed_D0p025_array_1700987/task_5_v0p315/data/abp_endpoint_conditioned_D0p025/case_summary.csv
  /home/nst/amarin/Desktop/ABP_Rare_Events/ABPNoiseSweep/data/abp_speed_D0p025_array_1700987/task_5_v0p315/data/roundtrip_scaling_rows.csv
  /home/nst/amarin/Desktop/ABP_Rare_Events/ABPNoiseSweep/data/abp_speed_D0p025_array_1700987/task_5_v0p315/data/roundtrip_scaling_power_law_fit.csv

SUCCESS: MUCA and production completed for v = 0.315
Main result: /home/nst/amarin/Desktop/ABP_Rare_Events/ABPNoiseSweep/data/abp_speed_D0p025_array_1700987/task_5_v0p315/abp_endpoint_conditioned_D0p025.jld2
CSV files written: 20

Produced files:
/home/nst/amarin/Desktop/ABP_Rare_Events/ABPNoiseSweep/data/abp_speed_D0p025_array_1700987/task_5_v0p315/abp_endpoint_conditioned_D0p025.jld2
/home/nst/amarin/Desktop/ABP_Rare_Events/ABPNoiseSweep/data/abp_speed_D0p025_array_1700987/task_5_v0p315/data/abp_endpoint_conditioned_D0p025/case_summary.csv
/home/nst/amarin/Desktop/ABP_Rare_Events/ABPNoiseSweep/data/abp_speed_D0p025_array_1700987/task_5_v0p315/data/abp_endpoint_conditioned_D0p025/conditional_all_one_dimensional_histograms.csv
/home/nst/amarin/Desktop/ABP_Rare_Events/ABPNoiseSweep/data/abp_speed_D0p025_array_1700987/task_5_v0p315/data/abp_endpoint_conditioned_D0p025/conditional_x_gt0_one_dimensional_histograms.csv
/home/nst/amarin/Desktop/ABP_Rare_Events/ABPNoiseSweep/data/abp_speed_D0p025_array_1700987/task_5_v0p315/data/abp_endpoint_conditioned_D0p025/conditional_x_gt_0p5_one_dimensional_histograms.csv
/home/nst/amarin/Desktop/ABP_Rare_Events/ABPNoiseSweep/data/abp_speed_D0p025_array_1700987/task_5_v0p315/data/abp_endpoint_conditioned_D0p025/conditional_x_m1_0_one_dimensional_histograms.csv
/home/nst/amarin/Desktop/ABP_Rare_Events/ABPNoiseSweep/data/abp_speed_D0p025_array_1700987/task_5_v0p315/data/abp_endpoint_conditioned_D0p025/endpoint_all_filtered_path_x_y_long.csv
/home/nst/amarin/Desktop/ABP_Rare_Events/ABPNoiseSweep/data/abp_speed_D0p025_array_1700987/task_5_v0p315/data/abp_endpoint_conditioned_D0p025/endpoint_all_filtered_path_y.csv
/home/nst/amarin/Desktop/ABP_Rare_Events/ABPNoiseSweep/data/abp_speed_D0p025_array_1700987/task_5_v0p315/data/abp_endpoint_conditioned_D0p025/endpoint_x_gt0_filtered_path_x_y_long.csv
/home/nst/amarin/Desktop/ABP_Rare_Events/ABPNoiseSweep/data/abp_speed_D0p025_array_1700987/task_5_v0p315/data/abp_endpoint_conditioned_D0p025/endpoint_x_gt0_filtered_path_y.csv
/home/nst/amarin/Desktop/ABP_Rare_Events/ABPNoiseSweep/data/abp_speed_D0p025_array_1700987/task_5_v0p315/data/abp_endpoint_conditioned_D0p025/endpoint_x_gt_0p5_average_trajectory.csv
/home/nst/amarin/Desktop/ABP_Rare_Events/ABPNoiseSweep/data/abp_speed_D0p025_array_1700987/task_5_v0p315/data/abp_endpoint_conditioned_D0p025/endpoint_x_gt_0p5_filtered_path_x_y_long.csv
/home/nst/amarin/Desktop/ABP_Rare_Events/ABPNoiseSweep/data/abp_speed_D0p025_array_1700987/task_5_v0p315/data/abp_endpoint_conditioned_D0p025/endpoint_x_gt_0p5_filtered_path_y.csv
/home/nst/amarin/Desktop/ABP_Rare_Events/ABPNoiseSweep/data/abp_speed_D0p025_array_1700987/task_5_v0p315/data/abp_endpoint_conditioned_D0p025/endpoint_x_gt_0p5_trajectory_summary.csv
/home/nst/amarin/Desktop/ABP_Rare_Events/ABPNoiseSweep/data/abp_speed_D0p025_array_1700987/task_5_v0p315/data/abp_endpoint_conditioned_D0p025/hist_endpoint_x_T.csv
/home/nst/amarin/Desktop/ABP_Rare_Events/ABPNoiseSweep/data/abp_speed_D0p025_array_1700987/task_5_v0p315/data/abp_endpoint_conditioned_D0p025/muca_iteration_diagnostics.csv
/home/nst/amarin/Desktop/ABP_Rare_Events/ABPNoiseSweep/data/abp_speed_D0p025_array_1700987/task_5_v0p315/data/abp_endpoint_conditioned_D0p025/muca_last_histogram_logweights.csv
/home/nst/amarin/Desktop/ABP_Rare_Events/ABPNoiseSweep/data/abp_speed_D0p025_array_1700987/task_5_v0p315/data/abp_endpoint_conditioned_D0p025/production_roundtrip_aggregate.csv
/home/nst/amarin/Desktop/ABP_Rare_Events/ABPNoiseSweep/data/abp_speed_D0p025_array_1700987/task_5_v0p315/data/abp_endpoint_conditioned_D0p025/production_roundtrip_trace.csv
/home/nst/amarin/Desktop/ABP_Rare_Events/ABPNoiseSweep/data/abp_speed_D0p025_array_1700987/task_5_v0p315/data/roundtrip_scaling_power_law_fit.csv
/home/nst/amarin/Desktop/ABP_Rare_Events/ABPNoiseSweep/data/abp_speed_D0p025_array_1700987/task_5_v0p315/data/roundtrip_scaling_rows.csv
