============================================================
Fixed-noise speed task: MUCA -> production
D = 0.025 | v = 0.320 | array task = 0
Threads = 128 | production chains = 128
MUCA iterations = 200
MUCA final-iteration moves = 800000000
Production moves = 55000000000
Task output = /home/nst/amarin/Desktop/ABP_Rare_Events/ABPNoiseSweep/data/abp_speed_D0p025_array_1669022/task_0_v0p320
============================================================
============================================================
Fixed-noise ABP speed landscape: MUCA -> production
D = Dt = Dr = 0.025 | v = 0.32
Julia threads = 128
MUCA iterations = 200
Approximate total MUCA sampling moves = 80400000000
Production moves = 55000000000
Production chains = 128
Path-observation stride = 1000
Output = data/fixed_D0p025_speed_landscape/v_0p32
============================================================
Running ABP noise sweep.
trajectory_T = 40.0 (physical integration time)
D values = [0.025]
move weights [reflection, theta0, block, local] = [0.0, 0.05, 0.55, 0.4]
Output dir = data/fixed_D0p025_speed_landscape/v_0p32

============================================================
MUCA case: D=0.025 Dt=Dr
trajectory_T=40.0 | tail_temperature=2.0 | slope=-0.5
D scaling reference=0.025 | n_iter factor=1.0 | effective n_iter=200
proposal Δξ block=0.05 | proposal Δξ local=0.8 | move weights=[0.0, 0.05, 0.55, 0.4]
chains=128 | bins=[-1.8, 1.5] | dbias=0.05
early-stop target: average roundtrips per chain ≥ 128.0 for 3 straight iterations
============================================================
Completed MUCA iteration 10/200 | accept=0.3132 | flatness max/mean=2.766 | roundtrips=0 | steps/50 RT≈Inf
Completed MUCA iteration 20/200 | accept=0.3068 | flatness max/mean=3.055 | roundtrips=0 | steps/50 RT≈Inf
Completed MUCA iteration 30/200 | accept=0.3131 | flatness max/mean=1.799 | roundtrips=0 | steps/50 RT≈Inf
Completed MUCA iteration 40/200 | accept=0.3141 | flatness max/mean=1.529 | roundtrips=1 | steps/50 RT≈8.0e9
Completed MUCA iteration 50/200 | accept=0.3163 | flatness max/mean=1.159 | roundtrips=0 | steps/50 RT≈Inf
Completed MUCA iteration 60/200 | accept=0.3146 | flatness max/mean=1.326 | roundtrips=2 | steps/50 RT≈6.0e9
Completed MUCA iteration 70/200 | accept=0.3127 | flatness max/mean=1.384 | roundtrips=4 | steps/50 RT≈3.5e9
Completed MUCA iteration 80/200 | accept=0.3153 | flatness max/mean=1.216 | roundtrips=5 | steps/50 RT≈3.2e9
Completed MUCA iteration 90/200 | accept=0.3134 | flatness max/mean=1.519 | roundtrips=11 | steps/50 RT≈1.636e9
Completed MUCA iteration 100/200 | accept=0.3123 | flatness max/mean=1.361 | roundtrips=9 | steps/50 RT≈2.222e9
Completed MUCA iteration 110/200 | accept=0.3137 | flatness max/mean=1.423 | roundtrips=20 | steps/50 RT≈1.1e9
Completed MUCA iteration 120/200 | accept=0.3114 | flatness max/mean=1.349 | roundtrips=14 | steps/50 RT≈1.714e9
Completed MUCA iteration 130/200 | accept=0.3145 | flatness max/mean=1.274 | roundtrips=18 | steps/50 RT≈1.444e9
Completed MUCA iteration 140/200 | accept=0.3151 | flatness max/mean=1.504 | roundtrips=16 | steps/50 RT≈1.75e9
Completed MUCA iteration 150/200 | accept=0.3138 | flatness max/mean=1.416 | roundtrips=21 | steps/50 RT≈1.429e9
Completed MUCA iteration 160/200 | accept=0.3157 | flatness max/mean=1.2 | roundtrips=22 | steps/50 RT≈1.455e9
Completed MUCA iteration 170/200 | accept=0.3127 | flatness max/mean=1.251 | roundtrips=27 | steps/50 RT≈1.259e9
Completed MUCA iteration 180/200 | accept=0.314 | flatness max/mean=1.314 | roundtrips=27 | steps/50 RT≈1.333e9
Completed MUCA iteration 190/200 | accept=0.3172 | flatness max/mean=1.224 | roundtrips=34 | steps/50 RT≈1.118e9
Completed MUCA iteration 200/200 | accept=0.3147 | flatness max/mean=1.309 | roundtrips=36 | steps/50 RT≈1.111e9
MUCA complete for D=0.025 | elapsed=469278.7s | total sweeps≈106000000000 | final roundtrips=36 | final avg roundtrips/chain=0.2812
Early-stop condition was not reached.

Production case: D=0.025 | chains=128 | total samples=55000000000 | proposal Δξ block=0.05 | proposal Δξ local=0.8 | whole-path endpoint windows=all,x_gt0,x_gt_0p5 | path filter x(t)>-1.0
Whole-path production observation stride = 1000
Whole-path histogram time stride = 1 (all integration points counted)
Production complete for D=0.025 | elapsed=111162.6s | reweighted samples=55000000000/55000000000 | overall ESS=5.960164838691441e9 | ESS/N=0.10836663343075346 | aggregate roundtrips=3959
Endpoint-window diagnostics:
  -1 ≤ x(T) < 0
    biased samples in window     = 24690682348
    reweighted samples in window = 24690682348
    conditional ESS              = 3.168480702724001e9
    out of range yT/meanY/intY/xTyT = 92466/0/0/92466
  x(T) > 0
    biased samples in window     = 23949489892
    reweighted samples in window = 23949489892
    conditional ESS              = 2.9194128056845202e9
    out of range yT/meanY/intY/xTyT = 367753/0/0/367753
  x(T) > 0.5
    biased samples in window     = 12006505712
    reweighted samples in window = 12006505712
    conditional ESS              = 2.4616613845618014e9
    out of range yT/meanY/intY/xTyT = 138625/0/0/138625
  all endpoints
    biased samples in window     = 55000000000
    reweighted samples in window = 55000000000
    conditional ESS              = 5.960164838691441e9
    out of range yT/meanY/intY/xTyT = 460219/0/0/460219
Whole-path endpoint-window diagnostics (kept points satisfy x(t)>-1.0):
  all endpoints
    selected trajectories biased/unbiased = 54999936/54999936
    out of range path y/xy biased = 346449/346449
    out of range path y/xy unbiased = 346449/346449
  x(T) > 0
    selected trajectories biased/unbiased = 23949596/23949596
    out of range path y/xy biased = 301293/301293
    out of range path y/xy unbiased = 301293/301293
  x(T) > 0.5
    selected trajectories biased/unbiased = 12008321/12008321
    out of range path y/xy biased = 158324/158324
    out of range path y/xy unbiased = 158324/158324
Saved case file: data/fixed_D0p025_speed_landscape/v_0p32/abp_endpoint_conditioned_D0p025.jld2
Exported data CSV files for abp_endpoint_conditioned_D0p025.jld2 to data/fixed_D0p025_speed_landscape/v_0p32/data/abp_endpoint_conditioned_D0p025
Roundtrip scaling data saved:
  data/fixed_D0p025_speed_landscape/v_0p32/data/roundtrip_scaling_rows.csv
  data/fixed_D0p025_speed_landscape/v_0p32/data/roundtrip_scaling_power_law_fit.csv
  steps ≈ NaN * (1/D)^NaN | R²=NaN | n=1
Done sweep.
JLD2 result files:
  data/fixed_D0p025_speed_landscape/v_0p32/abp_endpoint_conditioned_D0p025.jld2
CSV/data export files:
  data/fixed_D0p025_speed_landscape/v_0p32/data/abp_endpoint_conditioned_D0p025/muca_last_histogram_logweights.csv
  data/fixed_D0p025_speed_landscape/v_0p32/data/abp_endpoint_conditioned_D0p025/muca_iteration_diagnostics.csv
  data/fixed_D0p025_speed_landscape/v_0p32/data/abp_endpoint_conditioned_D0p025/production_roundtrip_trace.csv
  data/fixed_D0p025_speed_landscape/v_0p32/data/abp_endpoint_conditioned_D0p025/production_roundtrip_aggregate.csv
  data/fixed_D0p025_speed_landscape/v_0p32/data/abp_endpoint_conditioned_D0p025/hist_endpoint_x_T.csv
  data/fixed_D0p025_speed_landscape/v_0p32/data/abp_endpoint_conditioned_D0p025/endpoint_all_filtered_path_y.csv
  data/fixed_D0p025_speed_landscape/v_0p32/data/abp_endpoint_conditioned_D0p025/endpoint_all_filtered_path_x_y_long.csv
  data/fixed_D0p025_speed_landscape/v_0p32/data/abp_endpoint_conditioned_D0p025/endpoint_x_gt0_filtered_path_y.csv
  data/fixed_D0p025_speed_landscape/v_0p32/data/abp_endpoint_conditioned_D0p025/endpoint_x_gt0_filtered_path_x_y_long.csv
  data/fixed_D0p025_speed_landscape/v_0p32/data/abp_endpoint_conditioned_D0p025/endpoint_x_gt_0p5_filtered_path_y.csv
  data/fixed_D0p025_speed_landscape/v_0p32/data/abp_endpoint_conditioned_D0p025/endpoint_x_gt_0p5_filtered_path_x_y_long.csv
  data/fixed_D0p025_speed_landscape/v_0p32/data/abp_endpoint_conditioned_D0p025/endpoint_x_gt_0p5_trajectory_summary.csv
  data/fixed_D0p025_speed_landscape/v_0p32/data/abp_endpoint_conditioned_D0p025/endpoint_x_gt_0p5_average_trajectory.csv
  data/fixed_D0p025_speed_landscape/v_0p32/data/abp_endpoint_conditioned_D0p025/conditional_x_m1_0_one_dimensional_histograms.csv
  data/fixed_D0p025_speed_landscape/v_0p32/data/abp_endpoint_conditioned_D0p025/conditional_x_gt0_one_dimensional_histograms.csv
  data/fixed_D0p025_speed_landscape/v_0p32/data/abp_endpoint_conditioned_D0p025/conditional_x_gt_0p5_one_dimensional_histograms.csv
  data/fixed_D0p025_speed_landscape/v_0p32/data/abp_endpoint_conditioned_D0p025/conditional_all_one_dimensional_histograms.csv
  data/fixed_D0p025_speed_landscape/v_0p32/data/abp_endpoint_conditioned_D0p025/case_summary.csv
  data/fixed_D0p025_speed_landscape/v_0p32/data/roundtrip_scaling_rows.csv
  data/fixed_D0p025_speed_landscape/v_0p32/data/roundtrip_scaling_power_law_fit.csv

SUCCESS: MUCA and production completed for v = 0.32
Main result: data/fixed_D0p025_speed_landscape/v_0p32/abp_endpoint_conditioned_D0p025.jld2
CSV files written: 20
ERROR: expected one JLD2 result, found 0
