============================================================
ABP movie-path task
============================================================
Project:                         /home/nst/amarin/Desktop/ABP_Rare_Events/ABPNoiseSweep
Array job ID:                    1486112
Array task ID:                   1
Noise D:                         0.05
Trajectory T:                    40
Julia executable:                /home/nst/amarin/.julia/juliaup/julia-1.12.6+0.x64.linux.gnu/bin/julia
Julia threads:                   128
Run root:                        /home/nst/amarin/Desktop/ABP_Rare_Events/ABPNoiseSweep/data/movie_runs/abp_movie_paths_1486112
Task output directory:           /home/nst/amarin/Desktop/ABP_Rare_Events/ABPNoiseSweep/data/movie_runs/abp_movie_paths_1486112/task_1_D0p05
Combined output directory:       /home/nst/amarin/Desktop/ABP_Rare_Events/ABPNoiseSweep/data/movie_runs/abp_movie_paths_1486112/combined
MUCA iterations:                 130
MUCA steps per iteration:        500000000
MUCA thermalization:             1000000
Roundtrip target fraction:       0.8
Roundtrip consecutive hits:      5
Diagnostic roundtrip target:     50
Production observations:         2000000000
Production chains:               16
Production stride:               10000
Production roundtrip stride:     5000
Path-observation stride:         10000
Path-time stride:                10
Path x(t) minimum:               -0.6
Save movie paths:                true
Movie chain ID:                  1
Movie stride:                    50000
Movie path time thin:            4
Movie max trajectories:          3000
Movie endpoint x min:            -Inf
Movie endpoint x max:            Inf
Movie data root:                 /home/nst/amarin/Desktop/ABP_Rare_Events/ABPNoiseSweep/data/movie_runs
Run root:                        /home/nst/amarin/Desktop/ABP_Rare_Events/ABPNoiseSweep/data/movie_runs/abp_movie_paths_1486112
Task output directory:           /home/nst/amarin/Desktop/ABP_Rare_Events/ABPNoiseSweep/data/movie_runs/abp_movie_paths_1486112/task_1_D0p05
Combined output directory:       /home/nst/amarin/Desktop/ABP_Rare_Events/ABPNoiseSweep/data/movie_runs/abp_movie_paths_1486112/combined
============================================================
julia version 1.12.6
============================================================
ABP noise sweep cluster script
Started at: 2026-07-06 20:21:22
Active project: /home/nst/amarin/Desktop/ABP_Rare_Events/ABPNoiseSweep/Project.toml
Julia threads: 128
CPU threads visible to Julia: 128
Hostname: nariman37
============================================================
Configuration:
  D_values = [0.05]
  move_weights [reflection, theta0, block, local] = [0.0, 0.05, 0.55, 0.4]
  trajectory_T = 40.0 | dt = 0.01 | v = 0.39
  potential_active = true
  n_iter = 130
  n_iter_steps_per_iter = 500000000 final-iteration sampling moves across chains
  n_therm_muca = 1000000
  D_scaling_reference = 0.05
  scale_n_iter_with_D = true
  block_dxi = 0.05
  local_dxi = 0.8
  n_prod_obs_total = 2000000000
  n_prod_chains = 16
  path_observation_stride = 10000
  path_time_stride = 10
  path_filter_x_min = -0.6
  save_movie_paths = true
  movie_chain_id = 1
  movie_stride = 50000
  movie_path_time_thin = 4
  movie_max_trajectories = 3000
  movie endpoint window = [-Inf, Inf)
  roundtrip_target = 50
  roundtrip_avg_target_fraction = 0.8
  roundtrip_convergence_hits = 5
  output_dir = /home/nst/amarin/Desktop/ABP_Rare_Events/ABPNoiseSweep/data/movie_runs/abp_movie_paths_1486112/task_1_D0p05
  save_csv = true
  save_plots = false (ignored by data-only script)
Derived MUCA iteration schedule:
  Formula: n_iter_effective(D) = round(n_iter * sqrt(D_scaling_reference / D))
  n_iter = 130
  D_scaling_reference = 0.05
  scale_n_iter_with_D = true
  D=0.05 | factor=1.0 | effective n_iter=130 | final-iteration sampling moves≈500000000 | total sampling moves over MUCA ramp≈32750000000
Running ABP noise sweep.
trajectory_T = 40.0 (physical integration time)
D values = [0.05]
move weights [reflection, theta0, block, local] = [0.0, 0.05, 0.55, 0.4]
Output dir = /home/nst/amarin/Desktop/ABP_Rare_Events/ABPNoiseSweep/data/movie_runs/abp_movie_paths_1486112/task_1_D0p05

============================================================
MUCA case: D=0.05 Dt=Dr
trajectory_T=40.0 | tail_temperature=1.0 | slope=-1.0
D scaling reference=0.05 | n_iter factor=1.0 | effective n_iter=130
proposal Δξ block=0.05 | proposal Δξ local=0.8 | move weights=[0.0, 0.05, 0.55, 0.4]
chains=128 | bins=[-1.8, 1.5] | dbias=0.025
early-stop target: average roundtrips per chain ≥ 102.4 for 5 straight iterations
============================================================
Completed MUCA iteration 10/130 | accept=0.3123 | flatness max/mean=1.166 | roundtrips=21 | steps/50 RT≈9.158e7
Completed MUCA iteration 20/130 | accept=0.3187 | flatness max/mean=1.249 | roundtrips=79 | steps/50 RT≈4.869e7
Completed MUCA iteration 30/130 | accept=0.3166 | flatness max/mean=1.12 | roundtrips=133 | steps/50 RT≈4.338e7
Completed MUCA iteration 40/130 | accept=0.3134 | flatness max/mean=1.243 | roundtrips=202 | steps/50 RT≈3.808e7
Completed MUCA iteration 50/130 | accept=0.3138 | flatness max/mean=1.116 | roundtrips=238 | steps/50 RT≈4.04e7
Completed MUCA iteration 60/130 | accept=0.3139 | flatness max/mean=1.075 | roundtrips=252 | steps/50 RT≈4.579e7
Completed MUCA iteration 70/130 | accept=0.3139 | flatness max/mean=1.089 | roundtrips=364 | steps/50 RT≈3.698e7
Completed MUCA iteration 80/130 | accept=0.315 | flatness max/mean=1.26 | roundtrips=427 | steps/50 RT≈3.603e7
Completed MUCA iteration 90/130 | accept=0.3173 | flatness max/mean=1.11 | roundtrips=431 | steps/50 RT≈4.016e7
Completed MUCA iteration 100/130 | accept=0.3145 | flatness max/mean=1.231 | roundtrips=492 | steps/50 RT≈3.909e7
Completed MUCA iteration 110/130 | accept=0.3157 | flatness max/mean=1.252 | roundtrips=582 | steps/50 RT≈3.635e7
Completed MUCA iteration 120/130 | accept=0.3164 | flatness max/mean=1.391 | roundtrips=659 | steps/50 RT≈3.502e7
Completed MUCA iteration 130/130 | accept=0.3159 | flatness max/mean=1.171 | roundtrips=638 | steps/50 RT≈3.918e7
MUCA complete for D=0.05 | elapsed=196083.2s | total sweeps≈49390000000 | final roundtrips=638 | final avg roundtrips/chain=4.9844
Early-stop condition was not reached.

Production case: D=0.05 | chains=16 | total samples=2000000000 | proposal Δξ block=0.05 | proposal Δξ local=0.8 | whole-path endpoint windows=all,x_gt0,x_gt_0p5 | path filter x(t)>-0.6
Whole-path production observation stride = 10000
Whole-path histogram time stride = 10 (subsampled time points)
Movie path snapshots: chain=1 | stride=50000 | time thin=4 | max trajectories=3000 | endpoint window=[-Inf, Inf)
Production complete for D=0.05 | elapsed=14298.2s | reweighted samples=2000000000/2000000000 | overall ESS=2.787921055315212e8 | ESS/N=0.13939605276576061 | aggregate roundtrips=2673
Endpoint-window diagnostics:
  -1 ≤ x(T) < 0
    biased samples in window     = 816794753
    reweighted samples in window = 816794753
    conditional ESS              = 1.5407781602351567e8
    out of range yT/meanY/intY/xTyT = 1164862/0/0/1164862
  x(T) > 0
    biased samples in window     = 978984124
    reweighted samples in window = 978984124
    conditional ESS              = 2.7367339484142077e8
    out of range yT/meanY/intY/xTyT = 3133765/0/0/3133765
  x(T) > 0.5
    biased samples in window     = 605409987
    reweighted samples in window = 605409987
    conditional ESS              = 2.6671926726149222e8
    out of range yT/meanY/intY/xTyT = 942795/0/0/942795
  all endpoints
    biased samples in window     = 2000000000
    reweighted samples in window = 2000000000
    conditional ESS              = 2.787921055315212e8
    out of range yT/meanY/intY/xTyT = 4299415/0/0/4299415
Whole-path endpoint-window diagnostics (kept points satisfy x(t)>-0.6):
  all endpoints
    selected trajectories biased/unbiased = 200000/200000
    out of range path y/xy biased = 18711/18711
    out of range path y/xy unbiased = 18711/18711
  x(T) > 0
    selected trajectories biased/unbiased = 97841/97841
    out of range path y/xy biased = 17228/17228
    out of range path y/xy unbiased = 17228/17228
  x(T) > 0.5
    selected trajectories biased/unbiased = 60500/60500
    out of range path y/xy biased = 12209/12209
    out of range path y/xy unbiased = 12209/12209
Saved case file: /home/nst/amarin/Desktop/ABP_Rare_Events/ABPNoiseSweep/data/movie_runs/abp_movie_paths_1486112/task_1_D0p05/abp_endpoint_conditioned_D0p05.jld2
Exported data CSV files for abp_endpoint_conditioned_D0p05.jld2 to /home/nst/amarin/Desktop/ABP_Rare_Events/ABPNoiseSweep/data/movie_runs/abp_movie_paths_1486112/task_1_D0p05/data/abp_endpoint_conditioned_D0p05
Roundtrip scaling data saved:
  /home/nst/amarin/Desktop/ABP_Rare_Events/ABPNoiseSweep/data/movie_runs/abp_movie_paths_1486112/task_1_D0p05/data/roundtrip_scaling_rows.csv
  /home/nst/amarin/Desktop/ABP_Rare_Events/ABPNoiseSweep/data/movie_runs/abp_movie_paths_1486112/task_1_D0p05/data/roundtrip_scaling_power_law_fit.csv
  steps ≈ NaN * (1/D)^NaN | R²=NaN | n=1
Done sweep.
JLD2 result files:
  /home/nst/amarin/Desktop/ABP_Rare_Events/ABPNoiseSweep/data/movie_runs/abp_movie_paths_1486112/task_1_D0p05/abp_endpoint_conditioned_D0p05.jld2
CSV/data export files:
  /home/nst/amarin/Desktop/ABP_Rare_Events/ABPNoiseSweep/data/movie_runs/abp_movie_paths_1486112/task_1_D0p05/data/abp_endpoint_conditioned_D0p05/muca_last_histogram_logweights.csv
  /home/nst/amarin/Desktop/ABP_Rare_Events/ABPNoiseSweep/data/movie_runs/abp_movie_paths_1486112/task_1_D0p05/data/abp_endpoint_conditioned_D0p05/muca_iteration_diagnostics.csv
  /home/nst/amarin/Desktop/ABP_Rare_Events/ABPNoiseSweep/data/movie_runs/abp_movie_paths_1486112/task_1_D0p05/data/abp_endpoint_conditioned_D0p05/production_roundtrip_trace.csv
  /home/nst/amarin/Desktop/ABP_Rare_Events/ABPNoiseSweep/data/movie_runs/abp_movie_paths_1486112/task_1_D0p05/data/abp_endpoint_conditioned_D0p05/production_roundtrip_aggregate.csv
  /home/nst/amarin/Desktop/ABP_Rare_Events/ABPNoiseSweep/data/movie_runs/abp_movie_paths_1486112/task_1_D0p05/data/abp_endpoint_conditioned_D0p05/movie_trajectory_summary.csv
  /home/nst/amarin/Desktop/ABP_Rare_Events/ABPNoiseSweep/data/movie_runs/abp_movie_paths_1486112/task_1_D0p05/data/abp_endpoint_conditioned_D0p05/movie_trajectories_long.csv
  /home/nst/amarin/Desktop/ABP_Rare_Events/ABPNoiseSweep/data/movie_runs/abp_movie_paths_1486112/task_1_D0p05/data/abp_endpoint_conditioned_D0p05/hist_endpoint_x_T.csv
  /home/nst/amarin/Desktop/ABP_Rare_Events/ABPNoiseSweep/data/movie_runs/abp_movie_paths_1486112/task_1_D0p05/data/abp_endpoint_conditioned_D0p05/endpoint_all_filtered_path_y.csv
  /home/nst/amarin/Desktop/ABP_Rare_Events/ABPNoiseSweep/data/movie_runs/abp_movie_paths_1486112/task_1_D0p05/data/abp_endpoint_conditioned_D0p05/endpoint_all_filtered_path_x_y_long.csv
  /home/nst/amarin/Desktop/ABP_Rare_Events/ABPNoiseSweep/data/movie_runs/abp_movie_paths_1486112/task_1_D0p05/data/abp_endpoint_conditioned_D0p05/endpoint_x_gt0_filtered_path_y.csv
  /home/nst/amarin/Desktop/ABP_Rare_Events/ABPNoiseSweep/data/movie_runs/abp_movie_paths_1486112/task_1_D0p05/data/abp_endpoint_conditioned_D0p05/endpoint_x_gt0_filtered_path_x_y_long.csv
  /home/nst/amarin/Desktop/ABP_Rare_Events/ABPNoiseSweep/data/movie_runs/abp_movie_paths_1486112/task_1_D0p05/data/abp_endpoint_conditioned_D0p05/endpoint_x_gt_0p5_filtered_path_y.csv
  /home/nst/amarin/Desktop/ABP_Rare_Events/ABPNoiseSweep/data/movie_runs/abp_movie_paths_1486112/task_1_D0p05/data/abp_endpoint_conditioned_D0p05/endpoint_x_gt_0p5_filtered_path_x_y_long.csv
  /home/nst/amarin/Desktop/ABP_Rare_Events/ABPNoiseSweep/data/movie_runs/abp_movie_paths_1486112/task_1_D0p05/data/abp_endpoint_conditioned_D0p05/endpoint_x_gt_0p5_trajectory_summary.csv
  /home/nst/amarin/Desktop/ABP_Rare_Events/ABPNoiseSweep/data/movie_runs/abp_movie_paths_1486112/task_1_D0p05/data/abp_endpoint_conditioned_D0p05/endpoint_x_gt_0p5_average_trajectory.csv
  /home/nst/amarin/Desktop/ABP_Rare_Events/ABPNoiseSweep/data/movie_runs/abp_movie_paths_1486112/task_1_D0p05/data/abp_endpoint_conditioned_D0p05/conditional_x_m1_0_one_dimensional_histograms.csv
  /home/nst/amarin/Desktop/ABP_Rare_Events/ABPNoiseSweep/data/movie_runs/abp_movie_paths_1486112/task_1_D0p05/data/abp_endpoint_conditioned_D0p05/conditional_x_gt0_one_dimensional_histograms.csv
  /home/nst/amarin/Desktop/ABP_Rare_Events/ABPNoiseSweep/data/movie_runs/abp_movie_paths_1486112/task_1_D0p05/data/abp_endpoint_conditioned_D0p05/conditional_x_gt_0p5_one_dimensional_histograms.csv
  /home/nst/amarin/Desktop/ABP_Rare_Events/ABPNoiseSweep/data/movie_runs/abp_movie_paths_1486112/task_1_D0p05/data/abp_endpoint_conditioned_D0p05/conditional_all_one_dimensional_histograms.csv
  /home/nst/amarin/Desktop/ABP_Rare_Events/ABPNoiseSweep/data/movie_runs/abp_movie_paths_1486112/task_1_D0p05/data/abp_endpoint_conditioned_D0p05/case_summary.csv
  /home/nst/amarin/Desktop/ABP_Rare_Events/ABPNoiseSweep/data/movie_runs/abp_movie_paths_1486112/task_1_D0p05/data/roundtrip_scaling_rows.csv
  /home/nst/amarin/Desktop/ABP_Rare_Events/ABPNoiseSweep/data/movie_runs/abp_movie_paths_1486112/task_1_D0p05/data/roundtrip_scaling_power_law_fit.csv
Finished at: 2026-07-09 06:48:56
============================================================
Completed ABP movie-path task
============================================================
Noise D:                         0.05
Array task:                      1
Case directories copied:         1
JLD2 files copied:               1
Task output:                     /home/nst/amarin/Desktop/ABP_Rare_Events/ABPNoiseSweep/data/movie_runs/abp_movie_paths_1486112/task_1_D0p05
Combined output:                 /home/nst/amarin/Desktop/ABP_Rare_Events/ABPNoiseSweep/data/movie_runs/abp_movie_paths_1486112/combined
Movie CSV check:
/home/nst/amarin/Desktop/ABP_Rare_Events/ABPNoiseSweep/data/movie_runs/abp_movie_paths_1486112/combined/data/abp_endpoint_conditioned_D0p1/movie_trajectories_long.csv
/home/nst/amarin/Desktop/ABP_Rare_Events/ABPNoiseSweep/data/movie_runs/abp_movie_paths_1486112/combined/data/abp_endpoint_conditioned_D0p05/movie_trajectories_long.csv
Output size:
2.8G	/home/nst/amarin/Desktop/ABP_Rare_Events/ABPNoiseSweep/data/movie_runs/abp_movie_paths_1486112
============================================================
